###############################################################################
#
# IAR ELF Linker V9.40.1.364/W64 for ARM                  15/May/2026  19:26:44
# Copyright 2007-2023 IAR Systems AB.
#
#    Output file  =
#        E:\smart
#        car\project\20260512\project\iar\project_config\Debug_m7_0\Exe\cyt4bb7_cm_7_0.out
#    Map file     =
#        E:\smart
#        car\project\20260512\project\iar\Debug_m7_0\List\cyt4bb7_cm_7_0.map
#    Command line =
#        -f "E:\smart
#        car\project\20260512\project\iar\project_config\Debug_m7_0\Exe\cyt4bb7_cm_7_0.out.rsp"
#        ("E:\smart
#        car\project\20260512\project\iar\Debug_m7_0\Obj\code_17896468042025673432.dir\camera.o"
#        "E:\smart
#        car\project\20260512\project\iar\Debug_m7_0\Obj\user_8514941877209965082.dir\cm7_0_isr.o"
#        "E:\smart
#        car\project\20260512\project\iar\Debug_m7_0\Obj\code_17896468042025673432.dir\control.o"
#        "E:\smart
#        car\project\20260512\project\iar\Debug_m7_0\Obj\adc_11722776235721520015.dir\cy_adc.o"
#        "E:\smart
#        car\project\20260512\project\iar\Debug_m7_0\Obj\button_4990804375159372270.dir\cy_button.o"
#        "E:\smart
#        car\project\20260512\project\iar\Debug_m7_0\Obj\canfd_1800690984773873875.dir\cy_canfd.o"
#        "E:\smart
#        car\project\20260512\project\iar\Debug_m7_0\Obj\cpu_15938736945165268644.dir\cy_cpu.o"
#        "E:\smart
#        car\project\20260512\project\iar\Debug_m7_0\Obj\crypto_1190170608956581615.dir\cy_crypto_config.o"
#        "E:\smart
#        car\project\20260512\project\iar\Debug_m7_0\Obj\eth_phy_18133017486186456677.dir\cy_dp83867.o"
#        "E:\smart
#        car\project\20260512\project\iar\Debug_m7_0\Obj\ethernet_6029839089178797009.dir\cy_ethif.o"
#        "E:\smart
#        car\project\20260512\project\iar\Debug_m7_0\Obj\evtgen_3404189088603873129.dir\cy_evtgen.o"
#        "E:\smart
#        car\project\20260512\project\iar\Debug_m7_0\Obj\flash_8529866181315662935.dir\cy_flash.o"
#        "E:\smart
#        car\project\20260512\project\iar\Debug_m7_0\Obj\gpio_3999404635324069351.dir\cy_gpio.o"
#        "E:\smart
#        car\project\20260512\project\iar\Debug_m7_0\Obj\audioss_1346650047966882938.dir\cy_i2s.o"
#        "E:\smart
#        car\project\20260512\project\iar\Debug_m7_0\Obj\rev_b_6162237342861132223.dir\cy_interrupt_map.o"
#        "E:\smart
#        car\project\20260512\project\iar\Debug_m7_0\Obj\ipc_10145506163450686023.dir\cy_ipc_drv.o"
#        "E:\smart
#        car\project\20260512\project\iar\Debug_m7_0\Obj\ipc_10145506163450686023.dir\cy_ipc_pipe.o"
#        "E:\smart
#        car\project\20260512\project\iar\Debug_m7_0\Obj\ipc_10145506163450686023.dir\cy_ipc_sema.o"
#        "E:\smart
#        car\project\20260512\project\iar\Debug_m7_0\Obj\lin_18429031207028094880.dir\cy_lin.o"
#        "E:\smart
#        car\project\20260512\project\iar\Debug_m7_0\Obj\lvd_6353935867039560245.dir\cy_lvd.o"
#        "E:\smart
#        car\project\20260512\project\iar\Debug_m7_0\Obj\mcwdt_4052485907822033969.dir\cy_mcwdt.o"
#        "E:\smart
#        car\project\20260512\project\iar\Debug_m7_0\Obj\dma_12106025507578611576.dir\cy_mdma.o"
#        "E:\smart
#        car\project\20260512\project\iar\Debug_m7_0\Obj\mpu_5663187252346826382.dir\cy_mpu.o"
#        "E:\smart
#        car\project\20260512\project\iar\Debug_m7_0\Obj\flash_864493325053435817.dir\cy_mw_flash.o"
#        "E:\smart
#        car\project\20260512\project\iar\Debug_m7_0\Obj\dma_12106025507578611576.dir\cy_pdma.o"
#        "E:\smart
#        car\project\20260512\project\iar\Debug_m7_0\Obj\power_14453085144426420577.dir\cy_power.o"
#        "E:\smart
#        car\project\20260512\project\iar\Debug_m7_0\Obj\prot_10722960861768657883.dir\cy_prot.o"
#        "E:\smart
#        car\project\20260512\project\iar\Debug_m7_0\Obj\scb_15490842639181808494.dir\cy_scb_common.o"
#        "E:\smart
#        car\project\20260512\project\iar\Debug_m7_0\Obj\scb_15490842639181808494.dir\cy_scb_ezi2c.o"
#        "E:\smart
#        car\project\20260512\project\iar\Debug_m7_0\Obj\scb_15490842639181808494.dir\cy_scb_i2c.o"
#        "E:\smart
#        car\project\20260512\project\iar\Debug_m7_0\Obj\scb_15490842639181808494.dir\cy_scb_spi.o"
#        "E:\smart
#        car\project\20260512\project\iar\Debug_m7_0\Obj\scb_15490842639181808494.dir\cy_scb_uart.o"
#        "E:\smart
#        car\project\20260512\project\iar\Debug_m7_0\Obj\sd_host_2982766354293506895.dir\cy_sd_host.o"
#        "E:\smart
#        car\project\20260512\project\iar\Debug_m7_0\Obj\semihosting_143864889731838620.dir\cy_semihosting.o"
#        "E:\smart
#        car\project\20260512\project\iar\Debug_m7_0\Obj\smartio_5451710003740070188.dir\cy_smartio.o"
#        "E:\smart
#        car\project\20260512\project\iar\Debug_m7_0\Obj\smif_427648126384146252.dir\cy_smif.o"
#        "E:\smart
#        car\project\20260512\project\iar\Debug_m7_0\Obj\smif_mem_6470536964353725183.dir\cy_smif_device_common.o"
#        "E:\smart
#        car\project\20260512\project\iar\Debug_m7_0\Obj\smif_mem_6470536964353725183.dir\cy_smif_hb_flash.o"
#        "E:\smart
#        car\project\20260512\project\iar\Debug_m7_0\Obj\smif_427648126384146252.dir\cy_smif_memslot.o"
#        "E:\smart
#        car\project\20260512\project\iar\Debug_m7_0\Obj\smif_mem_6470536964353725183.dir\cy_smif_s25fl.o"
#        "E:\smart
#        car\project\20260512\project\iar\Debug_m7_0\Obj\smif_mem_6470536964353725183.dir\cy_smif_s25fs.o"
#        "E:\smart
#        car\project\20260512\project\iar\Debug_m7_0\Obj\smif_mem_6470536964353725183.dir\cy_smif_semp.o"
#        "E:\smart
#        car\project\20260512\project\iar\Debug_m7_0\Obj\smif_427648126384146252.dir\cy_smif_ver_specific.o"
#        "E:\smart
#        car\project\20260512\project\iar\Debug_m7_0\Obj\srom_13018798572330080582.dir\cy_srom.o"
#        "E:\smart
#        car\project\20260512\project\iar\Debug_m7_0\Obj\sw_timer_4215635015939382130.dir\cy_sw_tmr.o"
#        "E:\smart
#        car\project\20260512\project\iar\Debug_m7_0\Obj\sysclk_16149231235676103872.dir\cy_sysclk.o"
#        "E:\smart
#        car\project\20260512\project\iar\Debug_m7_0\Obj\sysflt_12293435975120599261.dir\cy_sysflt.o"
#        "E:\smart
#        car\project\20260512\project\iar\Debug_m7_0\Obj\sysint_7435970359207984181.dir\cy_sysint.o"
#        "E:\smart
#        car\project\20260512\project\iar\Debug_m7_0\Obj\syslib_16330585751512546975.dir\cy_syslib.o"
#        "E:\smart
#        car\project\20260512\project\iar\Debug_m7_0\Obj\syslib_16330585751512546975.dir\cy_syslib_iar.o"
#        "E:\smart
#        car\project\20260512\project\iar\Debug_m7_0\Obj\syspm_10887939769544754770.dir\cy_syspm.o"
#        "E:\smart
#        car\project\20260512\project\iar\Debug_m7_0\Obj\sysreghc_17676636058511625587.dir\cy_sysreghc.o"
#        "E:\smart
#        car\project\20260512\project\iar\Debug_m7_0\Obj\sysreset_14586141425677365288.dir\cy_sysreset.o"
#        "E:\smart
#        car\project\20260512\project\iar\Debug_m7_0\Obj\sysrtc_10747768817563771611.dir\cy_sysrtc.o"
#        "E:\smart
#        car\project\20260512\project\iar\Debug_m7_0\Obj\systick_16016591671695740695.dir\cy_systick.o"
#        "E:\smart
#        car\project\20260512\project\iar\Debug_m7_0\Obj\syswdt_9118657615806274156.dir\cy_syswdt.o"
#        "E:\smart
#        car\project\20260512\project\iar\Debug_m7_0\Obj\tcpwm_422923530147891246.dir\cy_tcpwm.o"
#        "E:\smart
#        car\project\20260512\project\iar\Debug_m7_0\Obj\tcpwm_422923530147891246.dir\cy_tcpwm_counter.o"
#        "E:\smart
#        car\project\20260512\project\iar\Debug_m7_0\Obj\tcpwm_422923530147891246.dir\cy_tcpwm_pwm.o"
#        "E:\smart
#        car\project\20260512\project\iar\Debug_m7_0\Obj\tcpwm_422923530147891246.dir\cy_tcpwm_quaddec.o"
#        "E:\smart
#        car\project\20260512\project\iar\Debug_m7_0\Obj\tcpwm_422923530147891246.dir\cy_tcpwm_sr.o"
#        "E:\smart
#        car\project\20260512\project\iar\Debug_m7_0\Obj\trigmux_9729677290734583340.dir\cy_trigmux.o"
#        "E:\smart
#        car\project\20260512\project\iar\Debug_m7_0\Obj\ethernet_6029839089178797009.dir\edd.o"
#        "E:\smart
#        car\project\20260512\project\iar\Debug_m7_0\Obj\ethernet_6029839089178797009.dir\edd_rx.o"
#        "E:\smart
#        car\project\20260512\project\iar\Debug_m7_0\Obj\ethernet_6029839089178797009.dir\edd_tx.o"
#        "E:\smart
#        car\project\20260512\project\iar\Debug_m7_0\Obj\code_17896468042025673432.dir\filter.o"
#        "E:\smart
#        car\project\20260512\project\iar\Debug_m7_0\Obj\code_17896468042025673432.dir\IMU.o"
#        "E:\smart
#        car\project\20260512\project\iar\Debug_m7_0\Obj\code_17896468042025673432.dir\INIT.o"
#        "E:\smart
#        car\project\20260512\project\iar\Debug_m7_0\Obj\code_17896468042025673432.dir\IPS.o"
#        "E:\smart
#        car\project\20260512\project\iar\Debug_m7_0\Obj\user_8514941877209965082.dir\main_cm7_0.o"
#        "E:\smart
#        car\project\20260512\project\iar\Debug_m7_0\Obj\code_17896468042025673432.dir\motor.o"
#        "E:\smart
#        car\project\20260512\project\iar\Debug_m7_0\Obj\code_17896468042025673432.dir\myuart.o"
#        "E:\smart
#        car\project\20260512\project\iar\Debug_m7_0\Obj\code_17896468042025673432.dir\of.o"
#        "E:\smart
#        car\project\20260512\project\iar\Debug_m7_0\Obj\code_17896468042025673432.dir\PID.o"
#        "E:\smart
#        car\project\20260512\project\iar\Debug_m7_0\Obj\code_17896468042025673432.dir\QMC5883L.o"
#        "E:\smart
#        car\project\20260512\project\iar\Debug_m7_0\Obj\code_17896468042025673432.dir\rc.o"
#        "E:\smart
#        car\project\20260512\project\iar\Debug_m7_0\Obj\zf_components_14936052685886095442.dir\seekfree_assistant.o"
#        "E:\smart
#        car\project\20260512\project\iar\Debug_m7_0\Obj\zf_components_14936052685886095442.dir\seekfree_assistant_interface.o"
#        "E:\smart
#        car\project\20260512\project\iar\Debug_m7_0\Obj\startup_479057977785470282.dir\startup.o"
#        "E:\smart
#        car\project\20260512\project\iar\Debug_m7_0\Obj\startup_479057977785470282.dir\startup_cm7.o"
#        "E:\smart
#        car\project\20260512\project\iar\Debug_m7_0\Obj\rev_b_4986922561640112550.dir\system_tviibh4m_cm7.o"
#        "E:\smart
#        car\project\20260512\project\iar\Debug_m7_0\Obj\code_17896468042025673432.dir\TOF.o"
#        "E:\smart
#        car\project\20260512\project\iar\Debug_m7_0\Obj\zf_common_1201165462030747823.dir\zf_common_clock.o"
#        "E:\smart
#        car\project\20260512\project\iar\Debug_m7_0\Obj\zf_common_1201165462030747823.dir\zf_common_debug.o"
#        "E:\smart
#        car\project\20260512\project\iar\Debug_m7_0\Obj\zf_common_1201165462030747823.dir\zf_common_fifo.o"
#        "E:\smart
#        car\project\20260512\project\iar\Debug_m7_0\Obj\zf_common_1201165462030747823.dir\zf_common_font.o"
#        "E:\smart
#        car\project\20260512\project\iar\Debug_m7_0\Obj\zf_common_1201165462030747823.dir\zf_common_function.o"
#        "E:\smart
#        car\project\20260512\project\iar\Debug_m7_0\Obj\zf_common_1201165462030747823.dir\zf_common_interrupt.o"
#        "E:\smart
#        car\project\20260512\project\iar\Debug_m7_0\Obj\zf_device_6570275422786408770.dir\zf_device_ble6a20.o"
#        "E:\smart
#        car\project\20260512\project\iar\Debug_m7_0\Obj\zf_device_6570275422786408770.dir\zf_device_dl1a.o"
#        "E:\smart
#        car\project\20260512\project\iar\Debug_m7_0\Obj\zf_device_6570275422786408770.dir\zf_device_dl1b.o"
#        "E:\smart
#        car\project\20260512\project\iar\Debug_m7_0\Obj\zf_device_6570275422786408770.dir\zf_device_gnss.o"
#        "E:\smart
#        car\project\20260512\project\iar\Debug_m7_0\Obj\zf_device_6570275422786408770.dir\zf_device_icm20602.o"
#        "E:\smart
#        car\project\20260512\project\iar\Debug_m7_0\Obj\zf_device_6570275422786408770.dir\zf_device_imu660ra.o"
#        "E:\smart
#        car\project\20260512\project\iar\Debug_m7_0\Obj\zf_device_6570275422786408770.dir\zf_device_imu660rb.o"
#        "E:\smart
#        car\project\20260512\project\iar\Debug_m7_0\Obj\zf_device_6570275422786408770.dir\zf_device_imu660rc.o"
#        "E:\smart
#        car\project\20260512\project\iar\Debug_m7_0\Obj\zf_device_6570275422786408770.dir\zf_device_imu963ra.o"
#        "E:\smart
#        car\project\20260512\project\iar\Debug_m7_0\Obj\zf_device_6570275422786408770.dir\zf_device_ips114.o"
#        "E:\smart
#        car\project\20260512\project\iar\Debug_m7_0\Obj\zf_device_6570275422786408770.dir\zf_device_ips200.o"
#        "E:\smart
#        car\project\20260512\project\iar\Debug_m7_0\Obj\zf_device_6570275422786408770.dir\zf_device_ips200pro.o"
#        "E:\smart
#        car\project\20260512\project\iar\Debug_m7_0\Obj\zf_device_6570275422786408770.dir\zf_device_key.o"
#        "E:\smart
#        car\project\20260512\project\iar\Debug_m7_0\Obj\zf_device_6570275422786408770.dir\zf_device_lora3a22.o"
#        "E:\smart
#        car\project\20260512\project\iar\Debug_m7_0\Obj\zf_device_6570275422786408770.dir\zf_device_menc15a.o"
#        "E:\smart
#        car\project\20260512\project\iar\Debug_m7_0\Obj\zf_device_6570275422786408770.dir\zf_device_mt9v03x.o"
#        "E:\smart
#        car\project\20260512\project\iar\Debug_m7_0\Obj\zf_device_6570275422786408770.dir\zf_device_oled.o"
#        "E:\smart
#        car\project\20260512\project\iar\Debug_m7_0\Obj\zf_device_6570275422786408770.dir\zf_device_pmw3901.o"
#        "E:\smart
#        car\project\20260512\project\iar\Debug_m7_0\Obj\zf_device_6570275422786408770.dir\zf_device_tft180.o"
#        "E:\smart
#        car\project\20260512\project\iar\Debug_m7_0\Obj\zf_device_6570275422786408770.dir\zf_device_tsl1401.o"
#        "E:\smart
#        car\project\20260512\project\iar\Debug_m7_0\Obj\zf_device_6570275422786408770.dir\zf_device_type.o"
#        "E:\smart
#        car\project\20260512\project\iar\Debug_m7_0\Obj\zf_device_6570275422786408770.dir\zf_device_uart_receiver.o"
#        "E:\smart
#        car\project\20260512\project\iar\Debug_m7_0\Obj\zf_device_6570275422786408770.dir\zf_device_upflow302.o"
#        "E:\smart
#        car\project\20260512\project\iar\Debug_m7_0\Obj\zf_device_6570275422786408770.dir\zf_device_wifi_spi.o"
#        "E:\smart
#        car\project\20260512\project\iar\Debug_m7_0\Obj\zf_device_6570275422786408770.dir\zf_device_wifi_uart.o"
#        "E:\smart
#        car\project\20260512\project\iar\Debug_m7_0\Obj\zf_device_6570275422786408770.dir\zf_device_wireless_uart.o"
#        "E:\smart
#        car\project\20260512\project\iar\Debug_m7_0\Obj\zf_driver_11922370083829174090.dir\zf_driver_adc.o"
#        "E:\smart
#        car\project\20260512\project\iar\Debug_m7_0\Obj\zf_driver_11922370083829174090.dir\zf_driver_delay.o"
#        "E:\smart
#        car\project\20260512\project\iar\Debug_m7_0\Obj\zf_driver_11922370083829174090.dir\zf_driver_dma.o"
#        "E:\smart
#        car\project\20260512\project\iar\Debug_m7_0\Obj\zf_driver_11922370083829174090.dir\zf_driver_encoder.o"
#        "E:\smart
#        car\project\20260512\project\iar\Debug_m7_0\Obj\zf_driver_11922370083829174090.dir\zf_driver_exti.o"
#        "E:\smart
#        car\project\20260512\project\iar\Debug_m7_0\Obj\zf_driver_11922370083829174090.dir\zf_driver_flash.o"
#        "E:\smart
#        car\project\20260512\project\iar\Debug_m7_0\Obj\zf_driver_11922370083829174090.dir\zf_driver_gpio.o"
#        "E:\smart
#        car\project\20260512\project\iar\Debug_m7_0\Obj\zf_driver_11922370083829174090.dir\zf_driver_ipc.o"
#        "E:\smart
#        car\project\20260512\project\iar\Debug_m7_0\Obj\zf_driver_11922370083829174090.dir\zf_driver_pit.o"
#        "E:\smart
#        car\project\20260512\project\iar\Debug_m7_0\Obj\zf_driver_11922370083829174090.dir\zf_driver_pwm.o"
#        "E:\smart
#        car\project\20260512\project\iar\Debug_m7_0\Obj\zf_driver_11922370083829174090.dir\zf_driver_soft_iic.o"
#        "E:\smart
#        car\project\20260512\project\iar\Debug_m7_0\Obj\zf_driver_11922370083829174090.dir\zf_driver_soft_spi.o"
#        "E:\smart
#        car\project\20260512\project\iar\Debug_m7_0\Obj\zf_driver_11922370083829174090.dir\zf_driver_spi.o"
#        "E:\smart
#        car\project\20260512\project\iar\Debug_m7_0\Obj\zf_driver_11922370083829174090.dir\zf_driver_timer.o"
#        "E:\smart
#        car\project\20260512\project\iar\Debug_m7_0\Obj\zf_driver_11922370083829174090.dir\zf_driver_uart.o"
#        --no_out_extension -o "E:\smart
#        car\project\20260512\project\iar\project_config\Debug_m7_0\Exe\cyt4bb7_cm_7_0.out"
#        --config_def _CORE_cm7_0_=0 --config_def _LINK_flash_=0 --map
#        "E:\smart
#        car\project\20260512\project\iar\Debug_m7_0\List\cyt4bb7_cm_7_0.map"
#        --config "E:\smart
#        car\project\20260512\project\iar\project_config\..\icf\linker_directives_tviibh.icf"
#        --semihosting "E:\smart
#        car\project\20260512\project\iar\project_config\..\..\..\libraries\sdk\tviibh4m\src\drivers\crypto\libs\libcrypto_server_cm0plus_iar.a"
#        "E:\smart
#        car\project\20260512\project\iar\project_config\..\..\..\libraries\zf_device\zf_device_config.a"
#        "E:\smart
#        car\project\20260512\project\iar\project_config\..\..\..\libraries\sdk\common\hdr\cmsis\dsp\iar_cortexM7lf_math.a"
#        --entry __iar_program_start --vfe --text_out locale --cpu=Cortex-M7
#        --fpu=VFPv5_d16) --dependencies=n "E:\smart
#        car\project\20260512\project\iar\project_config\Debug_m7_0\Exe\cyt4bb7_cm_7_0.out.iar_deps"
#
###############################################################################

*******************************************************************************
*** RUNTIME MODEL ATTRIBUTES
***

CppFlavor       = *
__CPP_Runtime   = 1
__Heap_Handler  = Basic
__SystemLibrary = DLib
__dlib_version  = 6


*******************************************************************************
*** HEAP SELECTION
***

The basic heap was selected because --advanced_heap
was not specified and the application did not appear to
be primarily optimized for speed.


*******************************************************************************
*** PLACEMENT SUMMARY
***

"A0":  place at start of [from 0x1008'0000 to 0x1027'ffff] { section .intvec };
"P1":  place in [from 0x1008'0000 to 0x1027'ffff] { ro };
"P2":  place in [from 0x2802'0000 to 0x2807'ffff] { rw };
define block HEAP with size = 1K, alignment = 8 { };
define block CSTACK with size = 8K, alignment = 8 { };
define block HEAP_STACK { block HEAP, last block CSTACK };
"A1":  place at end of [from 0x2802'0000 to 0x2807'ffff] { block HEAP_STACK };
do not initialize { section .intvec_ram };
initialize by copy { rw };

No sections matched the following patterns:

  ro section .sflash_app_prot  in "P6"
  ro section .sflash_nar       in "P4"
  ro section .sflash_pkey      in "P5"
  ro section .sflash_toc2      in "P7"
  ro section .sflash_uf_rows   in "P3"
  ro section .work_flash       in "P8"
  section .global_ram_data     in "P9"


  Section            Kind         Address    Size  Object
  -------            ----         -------    ----  ------
"A0":                                        0x80
  .intvec            ro code  0x1008'0000    0x80  startup_cm7.o [31]
                            - 0x1008'0080    0x80

"P1":                                      0xc45f
  .text              ro code  0x1008'0080   0xeae  xprintffull_nomb.o [50]
  .text              ro code  0x1008'0f2e    0x7e  lz77_init_single.o [52]
  .text              ro code  0x1008'0fac    0x16  strchr.o [52]
  .text              ro code  0x1008'0fc2     0xa  xsprout.o [50]
  .text              ro code  0x1008'0fcc    0x40  xfail_s.o [50]
  .text              ro code  0x1008'100c    0x36  strlen.o [52]
  .text              ro code  0x1008'1044    0x58  memchr.o [52]
  .text              ro code  0x1008'109c    0xa6  ABImemcpy.o [52]
  .text              ro code  0x1008'1144    0x88  frexp.o [51]
  .text              ro code  0x1008'11cc    0x34  DblCmpLe.o [51]
  .text              ro code  0x1008'1200    0x34  DblCmpGe.o [51]
  .text              ro code  0x1008'1234   0x104  ldexp.o [51]
  .text              ro code  0x1008'1338     0xe  DblToS32.o [51]
  .text              ro code  0x1008'1346     0xe  S32ToDbl.o [51]
  .text              ro code  0x1008'1354    0x12  DblSub.o [51]
  .text              ro code  0x1008'1366    0x12  DblDiv.o [51]
  .text              ro code  0x1008'1378     0xe  DblToU32.o [51]
  .text              ro code  0x1008'1386     0xe  U32ToDbl.o [51]
  .text              ro code  0x1008'1394    0x12  DblMul.o [51]
  .text              ro code  0x1008'13a8   0x230  I64DivMod.o [52]
  .text              ro code  0x1008'15d8     0x6  abort.o [50]
  .text              ro code  0x1008'15e0     0x2  I64DivZer.o [52]
  .text              ro code  0x1008'15e4    0x14  exit.o [53]
  .text              ro code  0x1008'15f8   0xe18  zf_driver_pwm.o [49]
  .text              ro code  0x1008'2410   0x420  zf_common_debug.o [46]
  .text              ro code  0x1008'2830    0x66  ABImemset.o [52]
  .text              ro code  0x1008'2898   0x194  cy_gpio.o [14]
  .text              ro code  0x1008'2a2c   0x20a  cy_tcpwm_pwm.o [43]
  .text              ro code  0x1008'2c36     0xc  cy_tcpwm.o [43]
  .text              ro code  0x1008'2c44   0x944  zf_driver_uart.o [49]
  .text              ro code  0x1008'3588    0x40  sprintf.o [50]
  .text              ro code  0x1008'35c8    0xe2  zf_common_interrupt.o [46]
  .text              ro code  0x1008'36ac   0x3d4  zf_common_fifo.o [46]
  .text              ro code  0x1008'3a80     0x6  ABImemclr4.o [52]
  .text              ro code  0x1008'3a88   0x314  cy_scb_uart.o [24]
  .text              ro code  0x1008'3d9c    0xac  cy_sysint.o [35]
  .text              ro code  0x1008'3e48    0x32  ABImemset48.o [52]
  .text              ro code  0x1008'3e7c   0xca8  zf_driver_spi.o [49]
  .text              ro code  0x1008'4b24   0x1f0  cy_scb_spi.o [24]
  .text              ro code  0x1008'4d14   0xb20  zf_device_ips200.o [48]
  .text              ro code  0x1008'5834    0x16  vla_alloc.o [50]
  .text              ro code  0x1008'584c   0x198  zf_common_function.o [46]
  .text              ro code  0x1008'59e4   0x17c  zf_driver_gpio.o [49]
  .text              ro code  0x1008'5b60   0x284  zf_driver_delay.o [49]
  .text              ro code  0x1008'5de4   0x13c  heap0.o [50]
  .text              ro code  0x1008'5f20     0x4  heaptramp0.o [50]
  .text              ro code  0x1008'5f24   0x1ae  cy_tcpwm_counter.o [43]
  .text              ro code  0x1008'60d4    0x2c  xgetmemchunk.o [50]
  .text              ro code  0x1008'6100   0x904  IMU.o [5]
  .text              ro code  0x1008'6a04    0x1e  sqrtf.o [51]
  .text              ro code  0x1008'6a24    0x6a  atan2f.o [51]
  .text              ro code  0x1008'6a90    0x14  copysignf.o [51]
  .text              ro code  0x1008'6aa4    0x5c  asinf.o [51]
  .text              ro code  0x1008'6b00    0xa4  xatanf.o [51]
  .text              ro code  0x1008'6ba4   0x8e8  cy_sysclk.o [33]
  .text              ro code  0x1008'748c    0x70  strncpy.o [52]
  .text              ro code  0x1008'74fc    0xa8  cy_syslib.o [36]
  .text              ro code  0x1008'75a4     0x2  cy_syslib.o [36]
  .text              ro code  0x1008'75a8   0x750  zf_driver_soft_iic.o [49]
  .text              ro code  0x1008'7cf8   0x6e4  control.o [5]
  .text              ro code  0x1008'83dc   0x380  PID.o [5]
  .text              ro code  0x1008'875c    0xd2  motor.o [5]
  .text              ro code  0x1008'8830    0x6c  filter.o [5]
  .rodata            const    0x1008'889c   0x5f0  zf_common_font.o [46]
  .text              ro code  0x1008'8e8c   0x554  zf_device_imu660rc.o [48]
  .text              ro code  0x1008'93e0    0xdc  zf_driver_exti.o [49]
  .text              ro code  0x1008'94bc   0x398  zf_driver_pit.o [49]
  .text              ro code  0x1008'9854   0x2ce  strto64.o [51]
  .text              ro code  0x1008'9b22   0x120  iar_Stopfx.o [50]
  .text              ro code  0x1008'9c44   0x1a8  iar_Stoflt.o [50]
  .text              ro code  0x1008'9dec   0x20c  iar_Stoxflt.o [50]
  .text              ro code  0x1008'9ff8   0x284  main_cm7_0.o [45]
  .text              ro code  0x1008'a27c    0x1c  zf_common_clock.o [46]
  .text              ro code  0x1008'a298   0x138  INIT.o [5]
  .text              ro code  0x1008'a3d0   0x104  zf_device_key.o [48]
  .text              ro code  0x1008'a4d4   0x150  system_tviibh4m_cm7.o [22]
  .text              ro code  0x1008'a624    0x52  IPS.o [5]
  .text              ro code  0x1008'a678   0x204  QMC5883L.o [5]
  .text              ro code  0x1008'a87c    0xf4  TOF.o [5]
  .text              ro code  0x1008'a970   0x27c  of.o [5]
  .text              ro code  0x1008'abec    0xc4  zf_device_lora3a22.o [48]
  .text              ro code  0x1008'acb0     0x8  startup_cm7.o [31]
  .text              ro code  0x1008'acb8     0x6  startup_cm7.o [31]
  .text              ro code  0x1008'acc0   0x200  zf_device_dl1b.o [48]
  .text              ro code  0x1008'aec0    0xbe  zf_device_upflow302.o [48]
  .text              ro code  0x1008'af80    0x64  zf_device_type.o [48]
  .text              ro code  0x1008'afe4   0x248  cm7_0_isr.o [45]
  .text              ro code  0x1008'b22c   0x170  rc.o [5]
  .text              ro code  0x1008'b39c    0x7c  zf_device_tsl1401.o [48]
  .text              ro code  0x1008'b418    0x24  myuart.o [5]
  .text              ro code  0x1008'b43c    0x74  zf_driver_adc.o [49]
  .rodata            const    0x1008'b4b0   0x228  zf_common_font.o [46]
  .text              ro code  0x1008'b6d8   0x204  startup.o [31]
  .text              ro code  0x1008'b8dc   0x198  cy_interrupt_map.o [23]
  .text              ro code  0x1008'ba74    0xb0  startup_cm7.o [31]
  .rodata            const    0x1008'bb24    0x88  zf_device_config.o [54]
  .rodata            const    0x1008'bbac    0x58  system_tviibh4m_cm7.o [22]
  .rodata            const    0x1008'bc04    0x54  cy_sysclk.o [33]
  .rodata            const    0x1008'bc58    0x54  cy_sysclk.o [33]
  .rodata            const    0x1008'bcac    0x48  zf_common_function.o [46]
  .rodata            const    0x1008'bcf4    0x48  zf_device_imu660rc.o [48]
  .rodata            const    0x1008'bd3c    0x48  zf_device_ips200.o [48]
  .rodata            const    0x1008'bd84    0x48  zf_driver_soft_iic.o [49]
  .rodata            const    0x1008'bdcc    0x44  zf_common_fifo.o [46]
  .rodata            const    0x1008'be10    0x48  strto64.o [51]
  .rodata            const    0x1008'be58    0x44  zf_device_key.o [48]
  .rodata            const    0x1008'be9c    0x44  zf_driver_pwm.o [49]
  .rodata            const    0x1008'bee0    0x44  zf_driver_spi.o [49]
  .rodata            const    0x1008'bf24    0x44  zf_driver_uart.o [49]
  .rodata            const    0x1008'bf68    0x38  QMC5883L.o [5]
  .text              ro code  0x1008'bfa0    0x38  zero_init3.o [52]
  .text              ro code  0x1008'bfd8    0x28  data_init.o [52]
  .text              ro code  0x1008'c000    0x22  fpinit_M.o [51]
  .iar.init_table    const    0x1008'c024    0x20  - Linker created -
  .text              ro code  0x1008'c044    0x20  startup_cm7.o [31]
  .text              ro code  0x1008'c070    0x1e  cy_syslib_iar.o [36]
  .text              ro code  0x1008'c090    0x1e  cmain.o [52]
  .text              ro code  0x1008'c0b0     0x4  startup_cm7.o [31]
  .text              ro code  0x1008'c0b4     0x4  exit.o [50]
  .text              ro code  0x1008'c0b8     0xa  cexit.o [52]
  .rodata            const    0x1008'c0c4    0x1c  QMC5883L.o [5]
  .rodata            const    0x1008'c0e0    0x1c  zf_common_debug.o [46]
  .rodata            const    0x1008'c0fc    0x1c  zf_device_imu660rc.o [48]
  .text              ro code  0x1008'c118    0x1c  startup_cm7.o [31]
  .text              ro code  0x1008'c134    0x1c  cstartup_M.o [52]
  .rodata            const    0x1008'c150    0x18  startup.o [31]
  .rodata            const    0x1008'c168    0x18  system_tviibh4m_cm7.o [22]
  .rodata            const    0x1008'c180    0x18  zf_common_debug.o [46]
  .rodata            const    0x1008'c198    0x10  zf_common_debug.o [46]
  .rodata            const    0x1008'c1a8    0x10  zf_common_debug.o [46]
  .rodata            const    0x1008'c1b8     0xc  main_cm7_0.o [45]
  .rodata            const    0x1008'c1c4     0xc  main_cm7_0.o [45]
  .rodata            const    0x1008'c1d0     0xc  main_cm7_0.o [45]
  .rodata            const    0x1008'c1dc     0xc  zf_common_debug.o [46]
  .rodata            const    0x1008'c1e8     0xc  zf_common_debug.o [46]
  .rodata            const    0x1008'c1f4     0xc  zf_common_debug.o [46]
  .text              ro code  0x1008'c200     0xc  cy_syslib.o [36]
  .rodata            const    0x1008'c20c     0x8  cy_sysclk.o [33]
  .rodata            const    0x1008'c214     0x8  main_cm7_0.o [45]
  .rodata            const    0x1008'c21c     0x8  main_cm7_0.o [45]
  .rodata            const    0x1008'c224     0x8  main_cm7_0.o [45]
  .rodata            const    0x1008'c22c     0x8  main_cm7_0.o [45]
  .rodata            const    0x1008'c234     0x8  main_cm7_0.o [45]
  .rodata            const    0x1008'c23c     0x8  main_cm7_0.o [45]
  .rodata            const    0x1008'c244     0x8  main_cm7_0.o [45]
  .rodata            const    0x1008'c24c     0x8  main_cm7_0.o [45]
  .rodata            const    0x1008'c254     0x8  main_cm7_0.o [45]
  .rodata            const    0x1008'c25c     0x4  cy_interrupt_map.o [23]
  .rodata            const    0x1008'c260     0x4  cy_interrupt_map.o [23]
  .rodata            const    0x1008'c264     0x4  cy_interrupt_map.o [23]
  .rodata            const    0x1008'c268     0x4  cy_interrupt_map.o [23]
  .rodata            const    0x1008'c26c     0x4  cy_interrupt_map.o [23]
  .rodata            const    0x1008'c270     0x4  cy_interrupt_map.o [23]
  .rodata            const    0x1008'c274     0x4  cy_interrupt_map.o [23]
  .rodata            const    0x1008'c278     0x4  cy_interrupt_map.o [23]
  .rodata            const    0x1008'c27c     0x4  cy_scb_spi.o [24]
  .rodata            const    0x1008'c280     0x4  cy_scb_spi.o [24]
  .rodata            const    0x1008'c284     0x4  cy_scb_spi.o [24]
  .rodata            const    0x1008'c288     0x4  cy_scb_spi.o [24]
  .rodata            const    0x1008'c28c     0x4  cy_scb_uart.o [24]
  .rodata            const    0x1008'c290     0x4  cy_scb_uart.o [24]
  .rodata            const    0x1008'c294     0x4  cy_scb_uart.o [24]
  .rodata            const    0x1008'c298     0x4  cy_scb_uart.o [24]
  .rodata            const    0x1008'c29c     0x4  cy_scb_uart.o [24]
  .rodata            const    0x1008'c2a0     0x4  cy_scb_uart.o [24]
  .rodata            const    0x1008'c2a4     0x4  cy_scb_uart.o [24]
  .rodata            const    0x1008'c2a8     0x4  cy_scb_uart.o [24]
  .rodata            const    0x1008'c2ac     0x4  cy_scb_uart.o [24]
  .rodata            const    0x1008'c2b0     0x4  cy_scb_uart.o [24]
  .rodata            const    0x1008'c2b4     0x4  cy_sysint.o [35]
  .rodata            const    0x1008'c2b8     0x4  cy_sysint.o [35]
  .rodata            const    0x1008'c2bc     0x4  cy_tcpwm_counter.o [43]
  .rodata            const    0x1008'c2c0     0x4  cy_tcpwm_counter.o [43]
  .rodata            const    0x1008'c2c4     0x4  cy_tcpwm_counter.o [43]
  .rodata            const    0x1008'c2c8     0x4  cy_tcpwm_counter.o [43]
  .rodata            const    0x1008'c2cc     0x4  cy_tcpwm_counter.o [43]
  .rodata            const    0x1008'c2d0     0x4  cy_tcpwm_pwm.o [43]
  .rodata            const    0x1008'c2d4     0x4  cy_tcpwm_pwm.o [43]
  .rodata            const    0x1008'c2d8     0x4  cy_tcpwm_pwm.o [43]
  .rodata            const    0x1008'c2dc     0x4  cy_tcpwm_pwm.o [43]
  .rodata            const    0x1008'c2e0     0x4  cy_tcpwm_pwm.o [43]
  .rodata            const    0x1008'c2e4     0x4  cy_tcpwm_pwm.o [43]
  .rodata            const    0x1008'c2e8     0x4  cy_tcpwm_pwm.o [43]
  .rodata            const    0x1008'c2ec     0x4  zf_device_key.o [48]
  .text              ro code  0x1008'c2f0     0x4  startup_cm7.o [31]
  .text              ro code  0x1008'c2f4     0x4  startup_cm7.o [31]
  .text              ro code  0x1008'c2f8     0x4  startup_cm7.o [31]
  .text              ro code  0x1008'c2fc     0x4  startup_cm7.o [31]
  .text              ro code  0x1008'c300     0x4  startup_cm7.o [31]
  .text              ro code  0x1008'c304     0x4  startup_cm7.o [31]
  .text              ro code  0x1008'c308     0x4  startup_cm7.o [31]
  .text              ro code  0x1008'c30c     0x4  startup_cm7.o [31]
  .text              ro code  0x1008'c310     0x4  startup_cm7.o [31]
  .text              ro code  0x1008'c314     0x4  startup_cm7.o [31]
  .text              ro code  0x1008'c318     0x4  startup_cm7.o [31]
  .text              ro code  0x1008'c31c     0x4  startup_cm7.o [31]
  .text              ro code  0x1008'c320     0x4  startup_cm7.o [31]
  .text              ro code  0x1008'c324     0x4  startup_cm7.o [31]
  .text              ro code  0x1008'c328     0x4  startup_cm7.o [31]
  .rodata            const    0x1008'c32c     0x0  zero_init3.o [52]
  .rodata            const    0x1008'c32c     0x0  lz77_init_single.o [52]
  Initializer bytes  const    0x1008'c32c   0x155  <for P2-1>
                            - 0x1008'c481  0xc401

"P2", part 1 of 3:                          0x898
  P2-1                        0x2802'0000   0x898  <Init block>
    .data            inited   0x2802'0000     0x4  control.o [5]
    .data            inited   0x2802'0004   0x6ec  cy_interrupt_map.o [23]
    .data            inited   0x2802'06f0     0x4  cy_interrupt_map.o [23]
    .data            inited   0x2802'06f4    0x30  INIT.o [5]
    .data            inited   0x2802'0724    0x30  INIT.o [5]
    .data            inited   0x2802'0754     0xc  INIT.o [5]
    .data            inited   0x2802'0760    0x24  INIT.o [5]
    .data            inited   0x2802'0784     0x4  QMC5883L.o [5]
    .data            inited   0x2802'0788     0x4  zf_device_type.o [48]
    .data            inited   0x2802'078c     0x4  zf_device_type.o [48]
    .data            inited   0x2802'0790     0x4  zf_device_type.o [48]
    .data            inited   0x2802'0794     0xc  zf_driver_adc.o [49]
    .data            inited   0x2802'07a0    0x60  zf_driver_exti.o [49]
    .data            inited   0x2802'0800    0x3c  zf_driver_pit.o [49]
    .data            inited   0x2802'083c    0x10  zf_driver_spi.o [49]
    .data            inited   0x2802'084c    0x1c  zf_driver_uart.o [49]
    .data            inited   0x2802'0868    0x1c  zf_driver_uart.o [49]
    .data            inited   0x2802'0884     0x2  zf_device_dl1b.o [48]
    .data            inited   0x2802'0886     0x2  zf_device_ips200.o [48]
    .data            inited   0x2802'0888     0x2  zf_device_ips200.o [48]
    .data            inited   0x2802'088a     0x2  zf_device_ips200.o [48]
    .data            inited   0x2802'088c     0x2  zf_device_ips200.o [48]
    .data            inited   0x2802'088e     0x2  zf_driver_delay.o [49]
    .data            inited   0x2802'0890     0x1  zf_common_debug.o [46]
    .data            inited   0x2802'0891     0x1  zf_device_ips200.o [48]
    .data            inited   0x2802'0892     0x1  zf_device_ips200.o [48]
    .data            inited   0x2802'0893     0x1  zf_device_ips200.o [48]
    .data            inited   0x2802'0894     0x1  zf_device_ips200.o [48]
    .data            inited   0x2802'0895     0x1  zf_device_lora3a22.o [48]
    .data            inited   0x2802'0896     0x1  zf_device_upflow302.o [48]
    .data            inited   0x2802'0897     0x1  zf_driver_delay.o [49]
                            - 0x2802'0898   0x898

"P2", part 2 of 3:                          0xb0c
  .bss               zero     0x2802'0898   0x200  zf_device_tsl1401.o [48]
  .bss               zero     0x2802'0a98   0x188  zf_driver_uart.o [49]
  .bss               zero     0x2802'0c20    0x70  cy_syslib.o [36]
  .bss               zero     0x2802'0c90    0x50  INIT.o [5]
  .bss               zero     0x2802'0ce0    0x48  zf_driver_adc.o [49]
  .bss               zero     0x2802'0d28    0x40  INIT.o [5]
  .bss               zero     0x2802'0d68    0x40  INIT.o [5]
  .bss               zero     0x2802'0da8    0x40  INIT.o [5]
  .bss               zero     0x2802'0de8    0x40  INIT.o [5]
  .bss               zero     0x2802'0e28    0x40  INIT.o [5]
  .bss               zero     0x2802'0e68    0x40  INIT.o [5]
  .bss               zero     0x2802'0ea8    0x40  INIT.o [5]
  .bss               zero     0x2802'0ee8    0x40  INIT.o [5]
  .bss               zero     0x2802'0f28    0x40  INIT.o [5]
  .bss               zero     0x2802'0f68    0x40  INIT.o [5]
  .bss               zero     0x2802'0fa8    0x40  INIT.o [5]
  .bss               zero     0x2802'0fe8    0x40  INIT.o [5]
  .bss               zero     0x2802'1028    0x40  myuart.o [5]
  .bss               zero     0x2802'1068    0x40  myuart.o [5]
  .bss               zero     0x2802'10a8    0x40  zf_common_debug.o [46]
  .bss               zero     0x2802'10e8    0x30  INIT.o [5]
  .bss               zero     0x2802'1118    0x24  INIT.o [5]
  .bss               zero     0x2802'113c    0x1c  INIT.o [5]
  .bss               zero     0x2802'1158    0x18  cy_sysclk.o [33]
  .bss               zero     0x2802'1170    0x18  cy_syslib.o [36]
  .bss               zero     0x2802'1188    0x18  INIT.o [5]
  .bss               zero     0x2802'11a0    0x18  myuart.o [5]
  .bss               zero     0x2802'11b8    0x18  zf_common_debug.o [46]
  .bss               zero     0x2802'11d0    0x14  zf_common_debug.o [46]
  .bss               zero     0x2802'11e4    0x14  zf_device_lora3a22.o [48]
  .bss               zero     0x2802'11f8    0x14  zf_device_lora3a22.o [48]
  .bss               zero     0x2802'120c    0x10  QMC5883L.o [5]
  .bss               zero     0x2802'121c    0x10  zf_device_dl1b.o [48]
  .bss               zero     0x2802'122c    0x10  zf_device_imu660rc.o [48]
  .bss               zero     0x2802'123c    0x10  zf_device_key.o [48]
  .bss               zero     0x2802'124c    0x10  zf_device_upflow302.o [48]
  .bss               zero     0x2802'125c    0x10  zf_device_upflow302.o [48]
  .bss               zero     0x2802'126c     0xc  filter.o [5]
  .bss               zero     0x2802'1278     0xc  filter.o [5]
  .bss               zero     0x2802'1284     0xc  filter.o [5]
  .bss               zero     0x2802'1290     0xc  filter.o [5]
  .bss               zero     0x2802'129c     0xc  filter.o [5]
  .bss               zero     0x2802'12a8     0xc  INIT.o [5]
  .bss               zero     0x2802'12b4     0x8  INIT.o [5]
  .bss               zero     0x2802'12bc     0x8  zf_device_imu660rc.o [48]
  .bss               zero     0x2802'12c4     0x8  zf_driver_uart.o [49]
  .bss               zero     0x2802'12cc     0x8  zf_driver_uart.o [49]
  .bss               zero     0x2802'12d4     0x8  heap0.o [50]
  .bss               zero     0x2802'12dc     0x4  cy_syslib.o [36]
  .bss               zero     0x2802'12e0     0x4  IMU.o [5]
  .bss               zero     0x2802'12e4     0x4  IMU.o [5]
  .bss               zero     0x2802'12e8     0x4  IMU.o [5]
  .bss               zero     0x2802'12ec     0x4  IMU.o [5]
  .bss               zero     0x2802'12f0     0x4  IMU.o [5]
  .bss               zero     0x2802'12f4     0x4  INIT.o [5]
  .bss               zero     0x2802'12f8     0x4  myuart.o [5]
  .bss               zero     0x2802'12fc     0x4  of.o [5]
  .bss               zero     0x2802'1300     0x4  of.o [5]
  .bss               zero     0x2802'1304     0x4  of.o [5]
  .bss               zero     0x2802'1308     0x4  of.o [5]
  .bss               zero     0x2802'130c     0x4  of.o [5]
  .bss               zero     0x2802'1310     0x4  of.o [5]
  .bss               zero     0x2802'1314     0x4  QMC5883L.o [5]
  .bss               zero     0x2802'1318     0x4  QMC5883L.o [5]
  .bss               zero     0x2802'131c     0x4  QMC5883L.o [5]
  .bss               zero     0x2802'1320     0x4  QMC5883L.o [5]
  .bss               zero     0x2802'1324     0x4  QMC5883L.o [5]
  .bss               zero     0x2802'1328     0x4  system_tviibh4m_cm7.o [22]
  .bss               zero     0x2802'132c     0x4  system_tviibh4m_cm7.o [22]
  .bss               zero     0x2802'1330     0x4  system_tviibh4m_cm7.o [22]
  .bss               zero     0x2802'1334     0x4  system_tviibh4m_cm7.o [22]
  .bss               zero     0x2802'1338     0x4  system_tviibh4m_cm7.o [22]
  .bss               zero     0x2802'133c     0x4  zf_common_clock.o [46]
  .bss               zero     0x2802'1340     0x4  zf_common_interrupt.o [46]
  .bss               zero     0x2802'1344     0x4  zf_device_imu660rc.o [48]
  .bss               zero     0x2802'1348     0x4  zf_device_imu660rc.o [48]
  .bss               zero     0x2802'134c     0x4  zf_device_imu660rc.o [48]
  .bss               zero     0x2802'1350     0x4  zf_device_key.o [48]
  .bss               zero     0x2802'1354     0x4  zf_device_key.o [48]
  .bss               zero     0x2802'1358     0x4  zf_driver_spi.o [49]
  .bss               zero     0x2802'135c     0x4  xgetmemchunk.o [50]
  .bss               zero     0x2802'1360     0x4  xfail_s.o [50]
  .bss               zero     0x2802'1364     0x2  control.o [5]
  .bss               zero     0x2802'1366     0x2  INIT.o [5]
  .bss               zero     0x2802'1368     0x2  INIT.o [5]
  .bss               zero     0x2802'136a     0x2  INIT.o [5]
  .bss               zero     0x2802'136c     0x2  INIT.o [5]
  .bss               zero     0x2802'136e     0x2  QMC5883L.o [5]
  .bss               zero     0x2802'1370     0x2  QMC5883L.o [5]
  .bss               zero     0x2802'1372     0x2  QMC5883L.o [5]
  .bss               zero     0x2802'1374     0x2  rc.o [5]
  .bss               zero     0x2802'1376     0x2  rc.o [5]
  .bss               zero     0x2802'1378     0x2  zf_device_imu660rc.o [48]
  .bss               zero     0x2802'137a     0x2  zf_device_imu660rc.o [48]
  .bss               zero     0x2802'137c     0x2  zf_device_imu660rc.o [48]
  .bss               zero     0x2802'137e     0x2  zf_device_imu660rc.o [48]
  .bss               zero     0x2802'1380     0x2  zf_device_imu660rc.o [48]
  .bss               zero     0x2802'1382     0x2  zf_device_imu660rc.o [48]
  .bss               zero     0x2802'1384     0x2  zf_device_lora3a22.o [48]
  .bss               zero     0x2802'1386     0x2  zf_device_upflow302.o [48]
  .bss               zero     0x2802'1388     0x1  control.o [5]
  .bss               zero     0x2802'1389     0x1  control.o [5]
  .bss               zero     0x2802'138a     0x1  control.o [5]
  .bss               zero     0x2802'138b     0x1  cy_sysclk.o [33]
  .bss               zero     0x2802'138c     0x1  INIT.o [5]
  .bss               zero     0x2802'138d     0x1  myuart.o [5]
  .bss               zero     0x2802'138e     0x1  rc.o [5]
  .bss               zero     0x2802'138f     0x1  rc.o [5]
  .bss               zero     0x2802'1390     0x1  rc.o [5]
  .bss               zero     0x2802'1391     0x1  rc.o [5]
  .bss               zero     0x2802'1392     0x1  zf_common_debug.o [46]
  .bss               zero     0x2802'1393     0x1  zf_common_debug.o [46]
  .bss               zero     0x2802'1394     0x1  zf_device_dl1b.o [48]
  .bss               zero     0x2802'1395     0x1  zf_device_dl1b.o [48]
  .bss               zero     0x2802'1396     0x1  zf_device_imu660rc.o [48]
  .bss               zero     0x2802'1397     0x1  zf_device_ips200.o [48]
  .bss               zero     0x2802'1398     0x1  zf_device_ips200.o [48]
  .bss               zero     0x2802'1399     0x1  zf_device_lora3a22.o [48]
  .bss               zero     0x2802'139a     0x1  zf_device_lora3a22.o [48]
  .bss               zero     0x2802'139b     0x1  zf_device_tsl1401.o [48]
  .bss               zero     0x2802'139c     0x1  zf_device_tsl1401.o [48]
  .bss               zero     0x2802'139d     0x1  zf_device_type.o [48]
  .bss               zero     0x2802'139e     0x1  zf_device_type.o [48]
  .bss               zero     0x2802'139f     0x1  zf_device_upflow302.o [48]
  .bss               zero     0x2802'13a0     0x1  zf_device_upflow302.o [48]
                            - 0x2802'13a1   0xb09

"P2", part 3 of 3:                           0x80
  .intvec_ram        uninit   0x2802'1400    0x80  startup_cm7.o [31]
                            - 0x2802'1480    0x80

"A1":                                      0x2400
  HEAP_STACK                  0x2807'dc00  0x2400  <Block>
    HEAP                      0x2807'dc00   0x400  <Block>
      HEAP           uninit   0x2807'dc00   0x400  <Block tail>
    CSTACK                    0x2807'e000  0x2000  <Block>
      CSTACK         uninit   0x2807'e000  0x2000  <Block tail>
                            - 0x2808'0000  0x2400

Unused ranges:

         From           To       Size
         ----           --       ----
  0x1008'c4df  0x1027'ffff  0x1f'3b21
  0x2802'13a4  0x2802'13ff       0x5c
  0x2802'1480  0x2807'dbff   0x5'c780


*******************************************************************************
*** INIT TABLE
***

          Address      Size
          -------      ----
Zero (__iar_zero_init3)
    1 destination range, total size 0xb09:
          0x2802'0898  0xb09

Copy/lz77 (__iar_lz77_init_single3)
    1 source range, total size 0x155 (15% of destination):
          0x1008'c32c  0x155
    1 destination range, total size 0x898:
          0x2802'0000  0x898



*******************************************************************************
*** MODULE SUMMARY
***

    Module                 ro code  ro data  rw data
    ------                 -------  -------  -------
command line/config:
    ------------------------------------------------
    Total:

E:\smart car\project\20260512\project\iar\Debug_m7_0\Obj\adc_11722776235721520015.dir: [1]
    ------------------------------------------------
    Total:

E:\smart car\project\20260512\project\iar\Debug_m7_0\Obj\audioss_1346650047966882938.dir: [2]
    ------------------------------------------------
    Total:

E:\smart car\project\20260512\project\iar\Debug_m7_0\Obj\button_4990804375159372270.dir: [3]
    ------------------------------------------------
    Total:

E:\smart car\project\20260512\project\iar\Debug_m7_0\Obj\canfd_1800690984773873875.dir: [4]
    ------------------------------------------------
    Total:

E:\smart car\project\20260512\project\iar\Debug_m7_0\Obj\code_17896468042025673432.dir: [5]
    IMU.o                    2'308                20
    INIT.o                     312       23    1'161
    IPS.o                       82
    PID.o                      896
    QMC5883L.o                 516       84       46
    TOF.o                      244
    control.o                1'764                 9
    filter.o                   108                60
    motor.o                    210
    myuart.o                    36               157
    of.o                       636                24
    rc.o                       368                 8
    ------------------------------------------------
    Total:                   7'480      107    1'485

E:\smart car\project\20260512\project\iar\Debug_m7_0\Obj\cpu_15938736945165268644.dir: [6]
    ------------------------------------------------
    Total:

E:\smart car\project\20260512\project\iar\Debug_m7_0\Obj\crypto_1190170608956581615.dir: [7]
    ------------------------------------------------
    Total:

E:\smart car\project\20260512\project\iar\Debug_m7_0\Obj\dma_12106025507578611576.dir: [8]
    ------------------------------------------------
    Total:

E:\smart car\project\20260512\project\iar\Debug_m7_0\Obj\eth_phy_18133017486186456677.dir: [9]
    ------------------------------------------------
    Total:

E:\smart car\project\20260512\project\iar\Debug_m7_0\Obj\ethernet_6029839089178797009.dir: [10]
    ------------------------------------------------
    Total:

E:\smart car\project\20260512\project\iar\Debug_m7_0\Obj\evtgen_3404189088603873129.dir: [11]
    ------------------------------------------------
    Total:

E:\smart car\project\20260512\project\iar\Debug_m7_0\Obj\flash_8529866181315662935.dir: [12]
    ------------------------------------------------
    Total:

E:\smart car\project\20260512\project\iar\Debug_m7_0\Obj\flash_864493325053435817.dir: [13]
    ------------------------------------------------
    Total:

E:\smart car\project\20260512\project\iar\Debug_m7_0\Obj\gpio_3999404635324069351.dir: [14]
    cy_gpio.o                  404
    ------------------------------------------------
    Total:                     404

E:\smart car\project\20260512\project\iar\Debug_m7_0\Obj\ipc_10145506163450686023.dir: [15]
    ------------------------------------------------
    Total:

E:\smart car\project\20260512\project\iar\Debug_m7_0\Obj\lin_18429031207028094880.dir: [16]
    ------------------------------------------------
    Total:

E:\smart car\project\20260512\project\iar\Debug_m7_0\Obj\lvd_6353935867039560245.dir: [17]
    ------------------------------------------------
    Total:

E:\smart car\project\20260512\project\iar\Debug_m7_0\Obj\mcwdt_4052485907822033969.dir: [18]
    ------------------------------------------------
    Total:

E:\smart car\project\20260512\project\iar\Debug_m7_0\Obj\mpu_5663187252346826382.dir: [19]
    ------------------------------------------------
    Total:

E:\smart car\project\20260512\project\iar\Debug_m7_0\Obj\power_14453085144426420577.dir: [20]
    ------------------------------------------------
    Total:

E:\smart car\project\20260512\project\iar\Debug_m7_0\Obj\prot_10722960861768657883.dir: [21]
    ------------------------------------------------
    Total:

E:\smart car\project\20260512\project\iar\Debug_m7_0\Obj\rev_b_4986922561640112550.dir: [22]
    system_tviibh4m_cm7.o      336      112       20
    ------------------------------------------------
    Total:                     336      112       20

E:\smart car\project\20260512\project\iar\Debug_m7_0\Obj\rev_b_6162237342861132223.dir: [23]
    cy_interrupt_map.o         408      307    1'776
    ------------------------------------------------
    Total:                     408      307    1'776

E:\smart car\project\20260512\project\iar\Debug_m7_0\Obj\scb_15490842639181808494.dir: [24]
    cy_scb_spi.o               496       16
    cy_scb_uart.o              788       40
    ------------------------------------------------
    Total:                   1'284       56

E:\smart car\project\20260512\project\iar\Debug_m7_0\Obj\sd_host_2982766354293506895.dir: [25]
    ------------------------------------------------
    Total:

E:\smart car\project\20260512\project\iar\Debug_m7_0\Obj\semihosting_143864889731838620.dir: [26]
    ------------------------------------------------
    Total:

E:\smart car\project\20260512\project\iar\Debug_m7_0\Obj\smartio_5451710003740070188.dir: [27]
    ------------------------------------------------
    Total:

E:\smart car\project\20260512\project\iar\Debug_m7_0\Obj\smif_427648126384146252.dir: [28]
    ------------------------------------------------
    Total:

E:\smart car\project\20260512\project\iar\Debug_m7_0\Obj\smif_mem_6470536964353725183.dir: [29]
    ------------------------------------------------
    Total:

E:\smart car\project\20260512\project\iar\Debug_m7_0\Obj\srom_13018798572330080582.dir: [30]
    ------------------------------------------------
    Total:

E:\smart car\project\20260512\project\iar\Debug_m7_0\Obj\startup_479057977785470282.dir: [31]
    startup.o                  516       24
    startup_cm7.o              442               128
    ------------------------------------------------
    Total:                     958       24      128

E:\smart car\project\20260512\project\iar\Debug_m7_0\Obj\sw_timer_4215635015939382130.dir: [32]
    ------------------------------------------------
    Total:

E:\smart car\project\20260512\project\iar\Debug_m7_0\Obj\sysclk_16149231235676103872.dir: [33]
    cy_sysclk.o              2'280      176       25
    ------------------------------------------------
    Total:                   2'280      176       25

E:\smart car\project\20260512\project\iar\Debug_m7_0\Obj\sysflt_12293435975120599261.dir: [34]
    ------------------------------------------------
    Total:

E:\smart car\project\20260512\project\iar\Debug_m7_0\Obj\sysint_7435970359207984181.dir: [35]
    cy_sysint.o                172        8
    ------------------------------------------------
    Total:                     172        8

E:\smart car\project\20260512\project\iar\Debug_m7_0\Obj\syslib_16330585751512546975.dir: [36]
    cy_syslib.o                182               140
    cy_syslib_iar.o             30
    ------------------------------------------------
    Total:                     212               140

E:\smart car\project\20260512\project\iar\Debug_m7_0\Obj\syspm_10887939769544754770.dir: [37]
    ------------------------------------------------
    Total:

E:\smart car\project\20260512\project\iar\Debug_m7_0\Obj\sysreghc_17676636058511625587.dir: [38]
    ------------------------------------------------
    Total:

E:\smart car\project\20260512\project\iar\Debug_m7_0\Obj\sysreset_14586141425677365288.dir: [39]
    ------------------------------------------------
    Total:

E:\smart car\project\20260512\project\iar\Debug_m7_0\Obj\sysrtc_10747768817563771611.dir: [40]
    ------------------------------------------------
    Total:

E:\smart car\project\20260512\project\iar\Debug_m7_0\Obj\systick_16016591671695740695.dir: [41]
    ------------------------------------------------
    Total:

E:\smart car\project\20260512\project\iar\Debug_m7_0\Obj\syswdt_9118657615806274156.dir: [42]
    ------------------------------------------------
    Total:

E:\smart car\project\20260512\project\iar\Debug_m7_0\Obj\tcpwm_422923530147891246.dir: [43]
    cy_tcpwm.o                  12
    cy_tcpwm_counter.o         430       20
    cy_tcpwm_pwm.o             522       28
    ------------------------------------------------
    Total:                     964       48

E:\smart car\project\20260512\project\iar\Debug_m7_0\Obj\trigmux_9729677290734583340.dir: [44]
    ------------------------------------------------
    Total:

E:\smart car\project\20260512\project\iar\Debug_m7_0\Obj\user_8514941877209965082.dir: [45]
    cm7_0_isr.o                584
    main_cm7_0.o               644      108
    ------------------------------------------------
    Total:                   1'228      108

E:\smart car\project\20260512\project\iar\Debug_m7_0\Obj\zf_common_1201165462030747823.dir: [46]
    zf_common_clock.o           28                 4
    zf_common_debug.o        1'056      120      111
    zf_common_fifo.o           980       68
    zf_common_font.o                  2'072
    zf_common_function.o       408       72
    zf_common_interrupt.o      226                 4
    ------------------------------------------------
    Total:                   2'698    2'332      119

E:\smart car\project\20260512\project\iar\Debug_m7_0\Obj\zf_components_14936052685886095442.dir: [47]
    ------------------------------------------------
    Total:

E:\smart car\project\20260512\project\iar\Debug_m7_0\Obj\zf_device_6570275422786408770.dir: [48]
    zf_device_dl1b.o           512        1       20
    zf_device_imu660rc.o     1'364      100       49
    zf_device_ips200.o       2'848       74       14
    zf_device_key.o            260       72       24
    zf_device_lora3a22.o       196                45
    zf_device_tsl1401.o        124               514
    zf_device_type.o           100        2       14
    zf_device_upflow302.o      190                37
    ------------------------------------------------
    Total:                   5'594      249      717

E:\smart car\project\20260512\project\iar\Debug_m7_0\Obj\zf_driver_11922370083829174090.dir: [49]
    zf_driver_adc.o            116        2       84
    zf_driver_delay.o          644        1        3
    zf_driver_exti.o           220       15       96
    zf_driver_gpio.o           380
    zf_driver_pit.o            920        9       60
    zf_driver_pwm.o          3'608       68
    zf_driver_soft_iic.o     1'872       72
    zf_driver_spi.o          3'240       71       20
    zf_driver_uart.o         2'372       76      464
    ------------------------------------------------
    Total:                  13'372      314      727

dl7M_tln.a: [50]
    abort.o                      6
    exit.o                       4
    heap0.o                    316                 8
    heaptramp0.o                 4
    iar_Stoflt.o               424
    iar_Stopfx.o               288
    iar_Stoxflt.o              524
    sprintf.o                   64
    vla_alloc.o                 22
    xfail_s.o                   64                 4
    xgetmemchunk.o              44                 4
    xprintffull_nomb.o       3'758
    xsprout.o                   10
    ------------------------------------------------
    Total:                   5'528                16

m7M_tlv.a: [51]
    DblCmpGe.o                  52
    DblCmpLe.o                  52
    DblDiv.o                    18
    DblMul.o                    18
    DblSub.o                    18
    DblToS32.o                  14
    DblToU32.o                  14
    S32ToDbl.o                  14
    U32ToDbl.o                  14
    asinf.o                     92
    atan2f.o                   106
    copysignf.o                 20
    fpinit_M.o                  34
    frexp.o                    136
    ldexp.o                    260
    sqrtf.o                     30
    strto64.o                  718       72
    xatanf.o                   164
    ------------------------------------------------
    Total:                   1'774       72

rt7M_tl.a: [52]
    ABImemclr4.o                 6
    ABImemcpy.o                166
    ABImemset.o                102
    ABImemset48.o               50
    I64DivMod.o                560
    I64DivZer.o                  2
    cexit.o                     10
    cmain.o                     30
    cstartup_M.o                28
    data_init.o                 40
    lz77_init_single.o         126
    memchr.o                    88
    strchr.o                    22
    strlen.o                    54
    strncpy.o                  112
    zero_init3.o                56
    ------------------------------------------------
    Total:                   1'452

shb_l.a: [53]
    exit.o                      20
    ------------------------------------------------
    Total:                      20

zf_device_config.a: [54]
    zf_device_config.o                  136
    ------------------------------------------------
    Total:                              136

    Gaps                        56        4
    Linker created                       32    9'216
----------------------------------------------------
    Grand Total:            46'220    4'085   14'369


*******************************************************************************
*** ENTRY LIST
***

Entry                       Address   Size  Type      Object
-----                       -------   ----  ----      ------
.iar.init_table$$Base   0x1008'c024          --   Gb  - Linker created -
.iar.init_table$$Limit  0x1008'c044          --   Gb  - Linker created -
?main                   0x1008'c091         Code  Gb  cmain.o [52]
ALL_Init                0x1008'a299  0x138  Code  Gb  INIT.o [5]
Aldata                  0x2802'12d4    0x8  Data  Lc  heap0.o [50]
BusFault_Handler        0x1008'c2f9         Code  Wk  startup_cm7.o [31]
CSTACK$$Base            0x2807'e000          --   Gb  - Linker created -
CSTACK$$Limit           0x2808'0000          --   Gb  - Linker created -
CopyVectorTable         0x1008'b879   0x34  Code  Lc  startup.o [31]
CpuUserInt0_Handler     0x1008'b8fb   0x26  Code  Gb  cy_interrupt_map.o [23]
CpuUserInt10_Handler    0x1008'c315         Code  Wk  startup_cm7.o [31]
CpuUserInt11_Handler    0x1008'c319         Code  Wk  startup_cm7.o [31]
CpuUserInt12_Handler    0x1008'c31d         Code  Wk  startup_cm7.o [31]
CpuUserInt13_Handler    0x1008'c321         Code  Wk  startup_cm7.o [31]
CpuUserInt14_Handler    0x1008'c325         Code  Wk  startup_cm7.o [31]
CpuUserInt15_Handler    0x1008'c329         Code  Wk  startup_cm7.o [31]
CpuUserInt1_Handler     0x1008'b921   0x26  Code  Gb  cy_interrupt_map.o [23]
CpuUserInt2_Handler     0x1008'b947   0x26  Code  Gb  cy_interrupt_map.o [23]
CpuUserInt3_Handler     0x1008'b96d   0x26  Code  Gb  cy_interrupt_map.o [23]
CpuUserInt4_Handler     0x1008'b993   0x26  Code  Gb  cy_interrupt_map.o [23]
CpuUserInt5_Handler     0x1008'b9b9   0x26  Code  Gb  cy_interrupt_map.o [23]
CpuUserInt6_Handler     0x1008'b9df   0x26  Code  Gb  cy_interrupt_map.o [23]
CpuUserInt7_Handler     0x1008'ba05   0x26  Code  Gb  cy_interrupt_map.o [23]
CpuUserInt8_Handler     0x1008'c30d         Code  Wk  startup_cm7.o [31]
CpuUserInt9_Handler     0x1008'c311         Code  Wk  startup_cm7.o [31]
Cy_DefaultUserHandler   0x1008'b8f9    0x2  Code  Gb  cy_interrupt_map.o [23]
Cy_GPIO_ClearInterrupt  0x1008'296b    0xe  Code  Lc  cy_gpio.o [14]
Cy_GPIO_ClearInterrupt  0x1008'93e1    0xe  Code  Lc  zf_driver_exti.o [49]
Cy_GPIO_Clr             0x1008'59f9    0xa  Code  Lc  zf_driver_gpio.o [49]
Cy_GPIO_GetInterruptStatusMasked
                        0x1008'93ef    0xa  Code  Lc  zf_driver_exti.o [49]
Cy_GPIO_Pin_Init        0x1008'29af   0x72  Code  Gb  cy_gpio.o [14]
Cy_GPIO_Read            0x1008'59e5    0xa  Code  Lc  zf_driver_gpio.o [49]
Cy_GPIO_Set             0x1008'59ef    0xa  Code  Lc  zf_driver_gpio.o [49]
Cy_GPIO_SetDriveSel     0x1008'294d   0x1e  Code  Lc  cy_gpio.o [14]
Cy_GPIO_SetDrivemode    0x1008'28fd   0x1c  Code  Lc  cy_gpio.o [14]
Cy_GPIO_SetDrivemode    0x1008'5a03   0x1c  Code  Lc  zf_driver_gpio.o [49]
Cy_GPIO_SetHSIOM        0x1008'2899   0x4c  Code  Lc  cy_gpio.o [14]
Cy_GPIO_SetInterruptEdge
                        0x1008'2993   0x1c  Code  Lc  cy_gpio.o [14]
Cy_GPIO_SetInterruptMask
                        0x1008'2979   0x1a  Code  Lc  cy_gpio.o [14]
Cy_GPIO_SetSlewRate     0x1008'2933   0x1a  Code  Lc  cy_gpio.o [14]
Cy_GPIO_SetVtrip        0x1008'2919   0x1a  Code  Lc  cy_gpio.o [14]
Cy_GPIO_Write           0x1008'28e5   0x18  Code  Lc  cy_gpio.o [14]
Cy_RestoreIRQ           0x1008'acb9         Code  Gb  startup_cm7.o [31]
Cy_SCB_ClearRxFifo      0x1008'3e87   0x1e  Code  Lc  zf_driver_spi.o [49]
Cy_SCB_ClearRxInterrupt
                        0x1008'2e41    0xa  Code  Lc  zf_driver_uart.o [49]
Cy_SCB_ClearTxInterrupt
                        0x1008'2e57    0xa  Code  Lc  zf_driver_uart.o [49]
Cy_SCB_GetFifoSize      0x1008'3ee1   0x12  Code  Lc  zf_driver_spi.o [49]
Cy_SCB_GetNumInRxFifo   0x1008'3e7d    0xa  Code  Lc  zf_driver_spi.o [49]
Cy_SCB_GetNumInRxFifo   0x1008'2def    0xa  Code  Lc  zf_driver_uart.o [49]
Cy_SCB_GetNumInTxFifo   0x1008'3eab    0xa  Code  Lc  zf_driver_spi.o [49]
Cy_SCB_GetNumInTxFifo   0x1008'2dff    0xa  Code  Lc  zf_driver_uart.o [49]
Cy_SCB_GetRxInterruptMask
                        0x1008'2e3b    0x6  Code  Lc  zf_driver_uart.o [49]
Cy_SCB_GetTxInterruptMask
                        0x1008'2e51    0x6  Code  Lc  zf_driver_uart.o [49]
Cy_SCB_GetTxSrValid     0x1008'3eb5    0xa  Code  Lc  zf_driver_spi.o [49]
Cy_SCB_GetTxSrValid     0x1008'2e09    0xa  Code  Lc  zf_driver_uart.o [49]
Cy_SCB_IsTxComplete     0x1008'3ebf   0x22  Code  Lc  zf_driver_spi.o [49]
Cy_SCB_IsTxComplete     0x1008'2e13   0x22  Code  Lc  zf_driver_uart.o [49]
Cy_SCB_ReadRxFifo       0x1008'2de9    0x6  Code  Lc  zf_driver_uart.o [49]
Cy_SCB_SPI_ClearRxFifo  0x1008'3f11    0x8  Code  Lc  zf_driver_spi.o [49]
Cy_SCB_SPI_Enable       0x1008'3ef3    0xa  Code  Lc  zf_driver_spi.o [49]
Cy_SCB_SPI_GetNumInRxFifo
                        0x1008'3f09    0x8  Code  Lc  zf_driver_spi.o [49]
Cy_SCB_SPI_Init         0x1008'4b25  0x1d8  Code  Gb  cy_scb_spi.o [24]
Cy_SCB_SPI_SetActiveSlaveSelect
                        0x1008'3efd    0xc  Code  Lc  zf_driver_spi.o [49]
Cy_SCB_SetRxInterruptMask
                        0x1008'2e35    0x6  Code  Lc  zf_driver_uart.o [49]
Cy_SCB_SetTxInterruptMask
                        0x1008'2e4b    0x6  Code  Lc  zf_driver_uart.o [49]
Cy_SCB_UART_DeInit      0x1008'3d0d   0x5c  Code  Gb  cy_scb_uart.o [24]
Cy_SCB_UART_Enable      0x1008'2e61    0xa  Code  Lc  zf_driver_uart.o [49]
Cy_SCB_UART_Init        0x1008'3a89  0x284  Code  Gb  cy_scb_uart.o [24]
Cy_SCB_WriteTxFifo      0x1008'3ea5    0x6  Code  Lc  zf_driver_spi.o [49]
Cy_SCB_WriteTxFifo      0x1008'2df9    0x6  Code  Lc  zf_driver_uart.o [49]
Cy_SaveIRQ              0x1008'acb1         Code  Gb  startup_cm7.o [31]
Cy_SysClk_CheckDividerExisting
                        0x1008'5b61   0x2a  Code  Lc  zf_driver_delay.o [49]
Cy_SysClk_CheckDividerExisting
                        0x1008'94bd   0x2c  Code  Lc  zf_driver_pit.o [49]
Cy_SysClk_CheckDividerExisting
                        0x1008'15f9   0x2c  Code  Lc  zf_driver_pwm.o [49]
Cy_SysClk_CheckDividerExisting
                        0x1008'3f19   0x2c  Code  Lc  zf_driver_spi.o [49]
Cy_SysClk_CheckDividerExisting
                        0x1008'2c45   0x2c  Code  Lc  zf_driver_uart.o [49]
Cy_SysClk_ClkPathGetSource
                        0x1008'6d19   0x54  Code  Gb  cy_sysclk.o [33]
Cy_SysClk_EcoGetStatus  0x1008'6ba5   0x1a  Code  Lc  cy_sysclk.o [33]
Cy_SysClk_Fast0ClkGetDivider
                        0x1008'6ced   0x16  Code  Lc  cy_sysclk.o [33]
Cy_SysClk_Fast1ClkGetDivider
                        0x1008'6d03   0x16  Code  Lc  cy_sysclk.o [33]
Cy_SysClk_FllGetConfiguration
                        0x1008'6d75   0x7e  Code  Gb  cy_sysclk.o [33]
Cy_SysClk_FllGetLockStatus
                        0x1008'6bbf    0xc  Code  Lc  cy_sysclk.o [33]
Cy_SysClk_GetClockGroup
                        0x1008'5c09    0x8  Code  Lc  zf_driver_delay.o [49]
Cy_SysClk_GetClockGroup
                        0x1008'956b    0x8  Code  Lc  zf_driver_pit.o [49]
Cy_SysClk_GetClockGroup
                        0x1008'16a7    0x8  Code  Lc  zf_driver_pwm.o [49]
Cy_SysClk_GetClockGroup
                        0x1008'3ffd    0x8  Code  Lc  zf_driver_spi.o [49]
Cy_SysClk_GetClockGroup
                        0x1008'2d29    0x8  Code  Lc  zf_driver_uart.o [49]
Cy_SysClk_GetCoreFrequency
                        0x1008'7439   0x2a  Code  Gb  cy_sysclk.o [33]
Cy_SysClk_GetEcoFrequency
                        0x1008'6f41   0x32  Code  Gb  cy_sysclk.o [33]
Cy_SysClk_GetExtFrequency
                        0x1008'6f75   0x1e  Code  Gb  cy_sysclk.o [33]
Cy_SysClk_GetFast0Frequency
                        0x1008'738d   0x56  Code  Gb  cy_sysclk.o [33]
Cy_SysClk_GetFast1Frequency
                        0x1008'73e3   0x56  Code  Gb  cy_sysclk.o [33]
Cy_SysClk_GetFllInputFrequency
                        0x1008'7095    0xc  Code  Gb  cy_sysclk.o [33]
Cy_SysClk_GetFllOutputFrequency
                        0x1008'70bd   0x78  Code  Gb  cy_sysclk.o [33]
Cy_SysClk_GetHfClkFrequency
                        0x1008'730f   0x7a  Code  Gb  cy_sysclk.o [33]
Cy_SysClk_GetIlo0Frequency
                        0x1008'6f93   0x32  Code  Gb  cy_sysclk.o [33]
Cy_SysClk_GetIlo1Frequency
                        0x1008'6fc5   0x32  Code  Gb  cy_sysclk.o [33]
Cy_SysClk_GetImoFrequency
                        0x1008'6f0f   0x32  Code  Gb  cy_sysclk.o [33]
Cy_SysClk_GetPathFrequency
                        0x1008'72dd   0x32  Code  Gb  cy_sysclk.o [33]
Cy_SysClk_GetPathSourceFrequency
                        0x1008'7031   0x64  Code  Gb  cy_sysclk.o [33]
Cy_SysClk_GetPll400MNo  0x1008'6c09   0x14  Code  Lc  cy_sysclk.o [33]
Cy_SysClk_GetPllInputFrequency
                        0x1008'70a1   0x1c  Code  Gb  cy_sysclk.o [33]
Cy_SysClk_GetPllNo      0x1008'6bcd   0x12  Code  Lc  cy_sysclk.o [33]
Cy_SysClk_GetPllOutputFrequency
                        0x1008'7139  0x1a0  Code  Gb  cy_sysclk.o [33]
Cy_SysClk_GetWcoFrequency
                        0x1008'6ff7   0x32  Code  Gb  cy_sysclk.o [33]
Cy_SysClk_HfClockGetDivider
                        0x1008'6cab   0x42  Code  Lc  cy_sysclk.o [33]
Cy_SysClk_HfClockGetSource
                        0x1008'6c57   0x54  Code  Lc  cy_sysclk.o [33]
Cy_SysClk_InitGetFreqParams
                        0x1008'6ef5   0x1a  Code  Gb  cy_sysclk.o [33]
Cy_SysClk_PeriphAssignDivider
                        0x1008'5c11   0x68  Code  Lc  zf_driver_delay.o [49]
Cy_SysClk_PeriphAssignDivider
                        0x1008'9573   0x68  Code  Lc  zf_driver_pit.o [49]
Cy_SysClk_PeriphAssignDivider
                        0x1008'16af   0x6a  Code  Lc  zf_driver_pwm.o [49]
Cy_SysClk_PeriphAssignDivider
                        0x1008'4005   0x6a  Code  Lc  zf_driver_spi.o [49]
Cy_SysClk_PeriphAssignDivider
                        0x1008'2d31   0x6a  Code  Lc  zf_driver_uart.o [49]
Cy_SysClk_PeriphEnableDivider
                        0x1008'5c79   0x4c  Code  Lc  zf_driver_delay.o [49]
Cy_SysClk_PeriphEnableDivider
                        0x1008'95db   0x4c  Code  Lc  zf_driver_pit.o [49]
Cy_SysClk_PeriphEnableDivider
                        0x1008'1719   0x4e  Code  Lc  zf_driver_pwm.o [49]
Cy_SysClk_PeriphEnableDivider
                        0x1008'406f   0x4e  Code  Lc  zf_driver_spi.o [49]
Cy_SysClk_PeriphEnableDivider
                        0x1008'2d9b   0x4e  Code  Lc  zf_driver_uart.o [49]
Cy_SysClk_PeriphSetDivider
                        0x1008'5b8b   0x7e  Code  Lc  zf_driver_delay.o [49]
Cy_SysClk_PeriphSetDivider
                        0x1008'94e9   0x82  Code  Lc  zf_driver_pit.o [49]
Cy_SysClk_PeriphSetDivider
                        0x1008'1625   0x82  Code  Lc  zf_driver_pwm.o [49]
Cy_SysClk_PeriphSetFracDivider
                        0x1008'3f45   0xb8  Code  Lc  zf_driver_spi.o [49]
Cy_SysClk_PeriphSetFracDivider
                        0x1008'2c71   0xb8  Code  Lc  zf_driver_uart.o [49]
Cy_SysClk_Pll400MGetConfiguration
                        0x1008'6e61   0x84  Code  Gb  cy_sysclk.o [33]
Cy_SysClk_Pll400MGetLockStatus
                        0x1008'6c1d   0x2a  Code  Lc  cy_sysclk.o [33]
Cy_SysClk_PllGetConfiguration
                        0x1008'6e0d   0x48  Code  Gb  cy_sysclk.o [33]
Cy_SysClk_PllGetLockStatus
                        0x1008'6bdf   0x28  Code  Lc  cy_sysclk.o [33]
Cy_SysClk_WcoOkay       0x1008'6c49    0xe  Code  Lc  cy_sysclk.o [33]
Cy_SysInt_InitIRQ       0x1008'3d9d   0x7e  Code  Gb  cy_sysint.o [35]
Cy_SysInt_SetSystemIrqVector
                        0x1008'3e1b   0x12  Code  Gb  cy_sysint.o [35]
Cy_SysInt_SystemIrqUserTableRamPointer
                        0x2802'06f0    0x4  Data  Gb  cy_interrupt_map.o [23]
Cy_SysLib_DelayCycles   0x1008'c071         Code  Gb  cy_syslib_iar.o [36]
Cy_SysLib_EnterCriticalSection
                        0x1008'c081         Code  Gb  cy_syslib_iar.o [36]
Cy_SysLib_ExitCriticalSection
                        0x1008'c089         Code  Gb  cy_syslib_iar.o [36]
Cy_SysLib_FaultHandler  0x1008'7501   0x90  Code  Gb  cy_syslib.o [36]
Cy_SysLib_Halt          0x1008'74fd    0x4  Code  Gb  cy_syslib.o [36]
Cy_SysLib_ProcessingFault
                        0x1008'75a5    0x2  Code  Wk  cy_syslib.o [36]
Cy_SysLib_SvcHandler    0x1008'c201    0xc  Code  Wk  cy_syslib.o [36]
Cy_SystemInitFpuEnable  0x1008'a5c5   0x1e  Code  Gb  system_tviibh4m_cm7.o [22]
Cy_SystemIrqUserTable   0x2802'0004  0x6ec  Data  Gb  cy_interrupt_map.o [23]
Cy_Tcpwm_Counter_ClearTC_Intr
                        0x1008'60c3   0x10  Code  Gb  cy_tcpwm_counter.o [43]
Cy_Tcpwm_Counter_Enable
                        0x1008'60a5    0xa  Code  Gb  cy_tcpwm_counter.o [43]
Cy_Tcpwm_Counter_GetCounter
                        0x1008'60b3    0x4  Code  Gb  cy_tcpwm_counter.o [43]
Cy_Tcpwm_Counter_Init   0x1008'5f25  0x16c  Code  Gb  cy_tcpwm_counter.o [43]
Cy_Tcpwm_Counter_SetCounter
                        0x1008'60af    0x4  Code  Gb  cy_tcpwm_counter.o [43]
Cy_Tcpwm_Counter_SetTC_IntrMask
                        0x1008'60b7    0xc  Code  Gb  cy_tcpwm_counter.o [43]
Cy_Tcpwm_Pwm_Enable     0x1008'2c2d    0xa  Code  Gb  cy_tcpwm_pwm.o [43]
Cy_Tcpwm_Pwm_Init       0x1008'2a2d  0x1e4  Code  Gb  cy_tcpwm_pwm.o [43]
Cy_Tcpwm_TriggerStart   0x1008'2c37    0xc  Code  Gb  cy_tcpwm.o [43]
Cy_u32StartupStackEndAddress
                        0x1008'bb20         Data  Gb  startup_cm7.o [31]
Cy_u32StartupStackStartAddress
                        0x1008'bb1c         Data  Gb  startup_cm7.o [31]
DebugMon_Handler        0x1008'c301         Code  Wk  startup_cm7.o [31]
Dtentox                 0x1008'9855  0x1a0  Code  Lc  strto64.o [51]
HEAP$$Base              0x2807'dc00          --   Gb  - Linker created -
HEAP$$Limit             0x2807'e000          --   Gb  - Linker created -
HEAP_STACK$$Base        0x2807'dc00          --   Gb  - Linker created -
HEAP_STACK$$Limit       0x2808'0000          --   Gb  - Linker created -
HardFault_Handler       0x1008'c045         Code  Wk  startup_cm7.o [31]
IPS_Init                0x1008'a625   0x52  Code  Gb  IPS.o [5]
InitRamEcc              0x1008'b767  0x100  Code  Lc  startup.o [31]
InitRamEccClearArea     0x1008'b867   0x12  Code  Lc  startup.o [31]
Mahony_Mag_Update       0x1008'61f1  0x52c  Code  Gb  IMU.o [5]
Mahony_Mag_Update::integralFBx
                        0x2802'12e8    0x4  Data  Lc  IMU.o [5]
Mahony_Mag_Update::integralFBy
                        0x2802'12ec    0x4  Data  Lc  IMU.o [5]
Mahony_Mag_Update::integralFBz
                        0x2802'12f0    0x4  Data  Lc  IMU.o [5]
MemManage_Handler       0x1008'c2f5         Code  Wk  startup_cm7.o [31]
NMI_Handler             0x1008'c2f1         Code  Wk  startup_cm7.o [31]
OF_data_deal            0x1008'a9c5   0xd0  Code  Gb  of.o [5]
OF_init                 0x1008'a971   0x52  Code  Gb  of.o [5]
PIDHeight               0x2802'0ea8   0x40  Data  Gb  INIT.o [5]
PIDPitch                0x2802'0de8   0x40  Data  Gb  INIT.o [5]
PIDPosX                 0x2802'0f28   0x40  Data  Gb  INIT.o [5]
PIDPosX_Vel             0x2802'0fa8   0x40  Data  Gb  INIT.o [5]
PIDPosY                 0x2802'0f68   0x40  Data  Gb  INIT.o [5]
PIDPosY_Vel             0x2802'0fe8   0x40  Data  Gb  INIT.o [5]
PIDRoll                 0x2802'0e28   0x40  Data  Gb  INIT.o [5]
PIDVelH                 0x2802'0ee8   0x40  Data  Gb  INIT.o [5]
PIDVelX                 0x2802'0d28   0x40  Data  Gb  INIT.o [5]
PIDVelY                 0x2802'0d68   0x40  Data  Gb  INIT.o [5]
PIDVelZ                 0x2802'0da8   0x40  Data  Gb  INIT.o [5]
PIDYaw                  0x2802'0e68   0x40  Data  Gb  INIT.o [5]
PID_Rest_Change         0x1008'854d   0x48  Code  Gb  PID.o [5]
PID_Rest_Init           0x1008'84c9   0x84  Code  Gb  PID.o [5]
PID_Update              0x1008'8595  0x100  Code  Gb  PID.o [5]
PID_Update_d_measure    0x1008'86e9   0x74  Code  Gb  PID.o [5]
PID_param_Init          0x1008'83dd   0xec  Code  Gb  PID.o [5]
PT1Filter_Apply         0x1008'886b   0x2e  Code  Gb  filter.o [5]
PT1Filter_Init          0x1008'8831   0x20  Code  Gb  filter.o [5]
PT1Filter_InitWithFreq  0x1008'8851   0x1a  Code  Gb  filter.o [5]
PendSV_Handler          0x1008'c305         Code  Wk  startup_cm7.o [31]
RC_data_deal            0x1008'b285   0xe6  Code  Gb  rc.o [5]
RC_data_deal::last_aux1
                        0x2802'138e    0x1  Data  Lc  rc.o [5]
RC_data_deal::last_aux2
                        0x2802'138f    0x1  Data  Lc  rc.o [5]
RC_data_deal::last_aux3
                        0x2802'1390    0x1  Data  Lc  rc.o [5]
RC_data_deal::last_aux4
                        0x2802'1391    0x1  Data  Lc  rc.o [5]
RC_data_deal::lock_cnt  0x2802'1376    0x2  Data  Lc  rc.o [5]
RC_data_deal::unlock_cnt
                        0x2802'1374    0x2  Data  Lc  rc.o [5]
RC_data_get             0x1008'b22d   0x58  Code  Gb  rc.o [5]
Region$$Table$$Base     0x1008'c024          --   Gb  - Linker created -
Region$$Table$$Limit    0x1008'c044          --   Gb  - Linker created -
Reset_Handler           0x1008'ba75         Code  Wk  startup_cm7.o [31]
SVC_Handler             0x1008'c119         Code  Wk  startup_cm7.o [31]
Startup_Init            0x1008'b6d9   0x8e  Code  Gb  startup.o [31]
SysTick_Handler         0x1008'c309         Code  Wk  startup_cm7.o [31]
SystemCoreClock         0x2802'1328    0x4  Data  Gb  system_tviibh4m_cm7.o [22]
SystemCoreClockUpdate   0x1008'a531   0x94  Code  Gb  system_tviibh4m_cm7.o [22]
SystemInit              0x1008'a4d5   0x5c  Code  Gb  system_tviibh4m_cm7.o [22]
TOF_init                0x1008'a87d   0x24  Code  Gb  TOF.o [5]
UsageFault_Handler      0x1008'c2fd         Code  Wk  startup_cm7.o [31]
_LC                     0x1008'0081    0x6  Code  Lc  xprintffull_nomb.o [50]
_LitobFullNoMb          0x1008'0d4d  0x114  Code  Lc  xprintffull_nomb.o [50]
_PrintfFullNoMb         0x1008'0087  0xc98  Code  Gb  xprintffull_nomb.o [50]
_PutcharsFullNoMb       0x1008'0eb9   0x2e  Code  Lc  xprintffull_nomb.o [50]
_SProut                 0x1008'0fc3    0xa  Code  Gb  xsprout.o [50]
__NVIC_ClearPendingIRQ  0x1008'b8dd   0x1c  Code  Lc  cy_interrupt_map.o [23]
__NVIC_ClearPendingIRQ  0x1008'35e5   0x1c  Code  Lc  zf_common_interrupt.o [46]
__NVIC_EnableIRQ        0x1008'35c9   0x1c  Code  Lc  zf_common_interrupt.o [46]
__NVIC_SetPriority      0x1008'3601   0x24  Code  Lc  zf_common_interrupt.o [46]
__Vectors               0x1008'0000          --   Gb  startup_cm7.o [31]
__Vectors_End           0x1008'0080         Data  Gb  startup_cm7.o [31]
__Vectors_Size {Abs}           0x80          --   Gb  startup_cm7.o [31]
__aeabi_cdcmple         0x1008'11cd         Code  Gb  DblCmpLe.o [51]
__aeabi_cdrcmple        0x1008'1201         Code  Gb  DblCmpGe.o [51]
__aeabi_d2iz            0x1008'1339    0xe  Code  Gb  DblToS32.o [51]
__aeabi_d2uiz           0x1008'1379    0xe  Code  Gb  DblToU32.o [51]
__aeabi_ddiv            0x1008'1367   0x12  Code  Gb  DblDiv.o [51]
__aeabi_dmul            0x1008'1395   0x12  Code  Gb  DblMul.o [51]
__aeabi_dsub            0x1008'1355   0x12  Code  Gb  DblSub.o [51]
__aeabi_i2d             0x1008'1347    0xe  Code  Gb  S32ToDbl.o [51]
__aeabi_ldiv0           0x1008'15e1         Code  Gb  I64DivZer.o [52]
__aeabi_memclr4         0x1008'3a81         Code  Gb  ABImemclr4.o [52]
__aeabi_memcpy          0x1008'109d         Code  Gb  ABImemcpy.o [52]
__aeabi_memcpy4         0x1008'10bd         Code  Gb  ABImemcpy.o [52]
__aeabi_memcpy8         0x1008'10bd         Code  Gb  ABImemcpy.o [52]
__aeabi_memset          0x1008'2831         Code  Gb  ABImemset.o [52]
__aeabi_ui2d            0x1008'1387    0xe  Code  Gb  U32ToDbl.o [51]
__aeabi_uldivmod        0x1008'13a9         Code  Gb  I64DivMod.o [52]
__basic_free            0x1008'5e91   0x16  Code  Gb  heap0.o [50]
__basic_free_intern     0x1008'5ea7   0x74  Code  Lc  heap0.o [50]
__basic_malloc          0x1008'5de5   0x18  Code  Gb  heap0.o [50]
__basic_malloc_intern   0x1008'5dfd   0x94  Code  Lc  heap0.o [50]
__cmain                 0x1008'c091         Code  Gb  cmain.o [52]
__data_GetMemChunk      0x1008'60d5   0x2c  Code  Gb  xgetmemchunk.o [50]
__data_GetMemChunk::start
                        0x2802'135c    0x4  Data  Lc  xgetmemchunk.o [50]
__ecc_init_dtcm_end_address {Abs}
                        0x2000'3fff         Data  Gb  <internal module>
__ecc_init_dtcm_start_address {Abs}
                        0x2000'0000         Data  Gb  <internal module>
[...]
ips200_show_char        0x1008'507f  0x206  Code  Gb  zf_device_ips200.o [48]
ips200_show_float       0x1008'5345  0x13e  Code  Gb  zf_device_ips200.o [48]
ips200_show_string      0x1008'5289   0xaa  Code  Gb  zf_device_ips200.o [48]
ips200_width_max        0x2802'0886    0x2  Data  Gb  zf_device_ips200.o [48]
ips200_write_16bit_data
                        0x1008'4dbb   0x54  Code  Gb  zf_device_ips200.o [48]
ips200_write_16bit_data_array
                        0x1008'4e0f   0x62  Code  Lc  zf_device_ips200.o [48]
ips200_write_8bit_data  0x1008'4d7d   0x3e  Code  Lc  zf_device_ips200.o [48]
ips200_write_command    0x1008'4d1f   0x5e  Code  Lc  zf_device_ips200.o [48]
ips200_write_data       0x1008'4d15    0xa  Code  Lc  zf_device_ips200.o [48]
ips_bl_pin              0x2802'0893    0x1  Data  Lc  zf_device_ips200.o [48]
ips_cs_pin              0x2802'0894    0x1  Data  Lc  zf_device_ips200.o [48]
ips_rst_pin             0x2802'0892    0x1  Data  Lc  zf_device_ips200.o [48]
key_get_state           0x1008'a46b    0x8  Code  Gb  zf_device_key.o [48]
key_index               0x1008'c2ec    0x4  Data  Lc  zf_device_key.o [48]
key_init                0x1008'a473   0x4a  Code  Gb  zf_device_key.o [48]
key_press_time          0x2802'123c   0x10  Data  Lc  zf_device_key.o [48]
key_scanner             0x1008'a3d1   0x9a  Code  Gb  zf_device_key.o [48]
key_state               0x2802'1354    0x4  Data  Lc  zf_device_key.o [48]
land                    0x1008'8115   0xbe  Code  Gb  control.o [5]
land::land_cnt          0x2802'1364    0x2  Data  Lc  control.o [5]
ldexp                   0x1008'1249         Code  Gb  ldexp.o [51]
ldexpl                  0x1008'1249         Code  Gb  ldexp.o [51]
lora3a22_finsh_flag     0x2802'1399    0x1  Data  Gb  zf_device_lora3a22.o [48]
lora3a22_init           0x1008'ac71   0x22  Code  Gb  zf_device_lora3a22.o [48]
lora3a22_response_time  0x2802'1384    0x2  Data  Gb  zf_device_lora3a22.o [48]
lora3a22_state_flag     0x2802'0895    0x1  Data  Gb  zf_device_lora3a22.o [48]
lora3a22_uart_callback  0x1008'abed   0x84  Code  Gb  zf_device_lora3a22.o [48]
lora3a22_uart_callback::length
                        0x2802'139a    0x1  Data  Lc  zf_device_lora3a22.o [48]
lora3a22_uart_data      0x2802'11e4   0x14  Data  Gb  zf_device_lora3a22.o [48]
lora3a22_uart_transfer  0x2802'11f8   0x14  Data  Gb  zf_device_lora3a22.o [48]
m1                      0x2802'1366    0x2  Data  Gb  INIT.o [5]
m2                      0x2802'1368    0x2  Data  Gb  INIT.o [5]
m3                      0x2802'136a    0x2  Data  Gb  INIT.o [5]
m4                      0x2802'136c    0x2  Data  Gb  INIT.o [5]
mag_apply_calibration   0x1008'67f9   0x70  Code  Gb  IMU.o [5]
mag_cal                 0x2802'06f4   0x30  Data  Gb  INIT.o [5]
mag_set_calibration     0x1008'6869   0x3c  Code  Gb  IMU.o [5]
main                    0x1008'9ff9  0x284  Code  Gb  main_cm7_0.o [45]
memchr                  0x1008'1045         Code  Gb  memchr.o [52]
motor_init              0x1008'875d   0x2c  Code  Gb  motor.o [5]
motor_set               0x1008'8789   0x74  Code  Gb  motor.o [5]
motor_set_all           0x1008'87fd   0x32  Code  Gb  motor.o [5]
of                      0x2802'0c90   0x50  Data  Gb  INIT.o [5]
offset                  0x2802'0754    0xc  Data  Gb  INIT.o [5]
out_flag                0x2802'1388    0x1  Data  Gb  control.o [5]
pPidObject              0x2802'0724   0x30  Data  Gb  INIT.o [5]
pit0_ch0_isr            0x1008'afe5   0x26  Code  Gb  cm7_0_isr.o [45]
pit0_ch10_isr           0x1008'b033   0x3a  Code  Gb  cm7_0_isr.o [45]
pit0_ch11_isr           0x1008'b06d   0x26  Code  Gb  cm7_0_isr.o [45]
pit0_ch12_isr           0x1008'b095   0x3e  Code  Gb  cm7_0_isr.o [45]
pit0_ch13_isr           0x1008'b0d3    0xa  Code  Gb  cm7_0_isr.o [45]
pit0_ch14_isr           0x1008'b0dd    0xa  Code  Gb  cm7_0_isr.o [45]
pit0_ch15_isr           0x1008'b0e7    0xa  Code  Gb  cm7_0_isr.o [45]
pit0_ch16_isr           0x1008'b0f1    0xa  Code  Gb  cm7_0_isr.o [45]
pit0_ch17_isr           0x1008'b0fb    0xa  Code  Gb  cm7_0_isr.o [45]
pit0_ch18_isr           0x1008'b105    0xa  Code  Gb  cm7_0_isr.o [45]
pit0_ch19_isr           0x1008'b10f    0xa  Code  Gb  cm7_0_isr.o [45]
pit0_ch1_isr            0x1008'b00b   0x12  Code  Gb  cm7_0_isr.o [45]
pit0_ch20_isr           0x1008'b119    0xa  Code  Gb  cm7_0_isr.o [45]
pit0_ch21_isr           0x1008'b123    0xe  Code  Gb  cm7_0_isr.o [45]
pit0_ch2_isr            0x1008'b01d   0x16  Code  Gb  cm7_0_isr.o [45]
pit_init                0x1008'9651  0x1ee  Code  Gb  zf_driver_pit.o [49]
pit_isr_flag_clear      0x1008'9627   0x2a  Code  Gb  zf_driver_pit.o [49]
pit_isr_func            0x2802'0800   0x3c  Data  Gb  zf_driver_pit.o [49]
pos_hold_control        0x1008'82c5   0x82  Code  Gb  control.o [5]
position_control        0x1008'805d   0x6e  Code  Gb  control.o [5]
pows                    0x1008'be10   0x48  Data  Lc  strto64.o [51]
pwm_all_channel_close   0x1008'21a9   0x1a  Code  Gb  zf_driver_pwm.o [49]
pwm_init                0x1008'221d  0x1e4  Code  Gb  zf_driver_pwm.o [49]
pwm_set_duty            0x1008'21c3   0x5a  Code  Gb  zf_driver_pwm.o [49]
qmc5883l_calculate_heading
                        0x1008'a7a5   0x3a  Code  Gb  QMC5883L.o [5]
qmc5883l_get_all        0x1008'a777   0x16  Code  Gb  QMC5883L.o [5]
qmc5883l_get_mag        0x1008'a6dd   0x68  Code  Gb  QMC5883L.o [5]
qmc5883l_get_temp       0x1008'a745   0x32  Code  Gb  QMC5883L.o [5]
qmc5883l_heading        0x2802'1324    0x4  Data  Gb  QMC5883L.o [5]
qmc5883l_iic_struct     0x2802'120c   0x10  Data  Lc  QMC5883L.o [5]
qmc5883l_init           0x1008'a7df   0x56  Code  Gb  QMC5883L.o [5]
qmc5883l_mag_transition
                        0x1008'a78d   0x16  Code  Gb  QMC5883L.o [5]
qmc5883l_mag_x          0x2802'136e    0x2  Data  Gb  QMC5883L.o [5]
qmc5883l_mag_x_gauss    0x2802'1314    0x4  Data  Gb  QMC5883L.o [5]
qmc5883l_mag_y          0x2802'1370    0x2  Data  Gb  QMC5883L.o [5]
qmc5883l_mag_y_gauss    0x2802'1318    0x4  Data  Gb  QMC5883L.o [5]
qmc5883l_mag_z          0x2802'1372    0x2  Data  Gb  QMC5883L.o [5]
qmc5883l_mag_z_gauss    0x2802'131c    0x4  Data  Gb  QMC5883L.o [5]
qmc5883l_read_register  0x1008'a68b    0xe  Code  Lc  QMC5883L.o [5]
qmc5883l_read_registers
                        0x1008'a699   0x12  Code  Lc  QMC5883L.o [5]
qmc5883l_self_check     0x1008'a6ab   0x32  Code  Lc  QMC5883L.o [5]
qmc5883l_temperature    0x2802'1320    0x4  Data  Gb  QMC5883L.o [5]
qmc5883l_write_register
                        0x1008'a679   0x12  Code  Lc  QMC5883L.o [5]
quarternion_normalize   0x1008'8f6d   0xb4  Code  Lc  zf_device_imu660rc.o [48]
quarternion_to_euler    0x1008'9021  0x14c  Code  Lc  zf_device_imu660rc.o [48]
quarternion_to_rotation_matrix
                        0x1008'68a5   0xfa  Code  Gb  IMU.o [5]
quat_to_euler           0x1008'671d   0xd6  Code  Gb  IMU.o [5]
rc                      0x2802'1188   0x18  Data  Gb  INIT.o [5]
sar_adc                 0x2802'0794    0xc  Data  Lc  zf_driver_adc.o [49]
scalbln                 0x1008'1249         Code  Gb  ldexp.o [51]
scalblnl                0x1008'1249         Code  Gb  ldexp.o [51]
scalbn                  0x1008'1249         Code  Gb  ldexp.o [51]
scalbnl                 0x1008'1249         Code  Gb  ldexp.o [51]
scale                   0x2802'0760   0x24  Data  Gb  INIT.o [5]
scale                   0x1008'0e61   0x46  Code  Lc  xprintffull_nomb.o [50]
scanner_period          0x2802'1350    0x4  Data  Lc  zf_device_key.o [48]
scb_module              0x2802'0868   0x1c  Data  Gb  zf_driver_uart.o [49]
sec_hand                0x2802'1360    0x4  Data  Lc  xfail_s.o [50]
set_tof_type            0x1008'afb5   0x18  Code  Gb  zf_device_type.o [48]
set_wireless_type       0x1008'af83   0x32  Code  Gb  zf_device_type.o [48]
soft_iic_init           0x1008'7c7d   0x78  Code  Gb  zf_driver_soft_iic.o [49]
soft_iic_read_8bit_register
                        0x1008'7aaf   0x66  Code  Gb  zf_driver_soft_iic.o [49]
soft_iic_read_8bit_registers
                        0x1008'7b15   0x9a  Code  Gb  zf_driver_soft_iic.o [49]
soft_iic_read_data      0x1008'7953  0x10e  Code  Lc  zf_driver_soft_iic.o [49]
soft_iic_send_ack       0x1008'76e5   0xc6  Code  Lc  zf_driver_soft_iic.o [49]
soft_iic_send_data      0x1008'787b   0xd8  Code  Lc  zf_driver_soft_iic.o [49]
soft_iic_start          0x1008'75a9   0x9e  Code  Lc  zf_driver_soft_iic.o [49]
soft_iic_stop           0x1008'7647   0x9e  Code  Lc  zf_driver_soft_iic.o [49]
soft_iic_transfer_8bit_array
                        0x1008'7baf   0xbc  Code  Gb  zf_driver_soft_iic.o [49]
soft_iic_wait_ack       0x1008'77ab   0xd0  Code  Lc  zf_driver_soft_iic.o [49]
soft_iic_write_8bit_register
                        0x1008'7a61   0x4e  Code  Gb  zf_driver_soft_iic.o [49]
spi_get_clk_hsiom       0x1008'4179   0x28  Code  Lc  zf_driver_spi.o [49]
spi_get_clk_pin         0x1008'40bd   0x28  Code  Lc  zf_driver_spi.o [49]
spi_get_cs_hsiom        0x1008'41f1   0x44  Code  Lc  zf_driver_spi.o [49]
spi_get_cs_pin          0x1008'4135   0x44  Code  Lc  zf_driver_spi.o [49]
spi_get_miso_hsiom      0x1008'41c9   0x28  Code  Lc  zf_driver_spi.o [49]
spi_get_miso_pin        0x1008'410d   0x28  Code  Lc  zf_driver_spi.o [49]
spi_get_mosi_hsiom      0x1008'41a1   0x28  Code  Lc  zf_driver_spi.o [49]
spi_get_mosi_pin        0x1008'40e5   0x28  Code  Lc  zf_driver_spi.o [49]
spi_init                0x1008'485d  0x2b2  Code  Gb  zf_driver_spi.o [49]
spi_module              0x2802'083c   0x10  Data  Gb  zf_driver_spi.o [49]
spi_read_8bit_register  0x1008'4661   0xea  Code  Gb  zf_driver_spi.o [49]
spi_read_8bit_registers
                        0x1008'474b   0xfe  Code  Gb  zf_driver_spi.o [49]
spi_write_16bit         0x1008'441b   0xaa  Code  Gb  zf_driver_spi.o [49]
spi_write_16bit_array   0x1008'44c5   0xb6  Code  Gb  zf_driver_spi.o [49]
spi_write_8bit          0x1008'4371   0xaa  Code  Gb  zf_driver_spi.o [49]
spi_write_8bit_register
                        0x1008'457b   0xde  Code  Gb  zf_driver_spi.o [49]
sprintf                 0x1008'3589   0x40  Code  Gb  sprintf.o [50]
sqrtf                   0x1008'6a05         Code  Gb  sqrtf.o [51]
stabilization           0x1008'7dd1  0x28c  Code  Gb  control.o [5]
strchr                  0x1008'0fad         Code  Gb  strchr.o [52]
strlen                  0x1008'100d         Code  Gb  strlen.o [52]
strncpy                 0x1008'748d         Code  Gb  strncpy.o [52]
switch_transition_length
                        0x1008'4235  0x13c  Code  Lc  zf_driver_spi.o [49]
system_clock            0x2802'133c    0x4  Data  Gb  zf_common_clock.o [46]
system_delay_init       0x1008'5d23   0xa6  Code  Gb  zf_driver_delay.o [49]
system_delay_ms         0x1008'5cc5   0x5e  Code  Gb  zf_driver_delay.o [49]
take_off                0x1008'81d5   0xe6  Code  Gb  control.o [5]
take_off::step          0x2802'138a    0x1  Data  Lc  control.o [5]
take_off::takeoff_z     0x2802'0000    0x4  Data  Lc  control.o [5]
timer_ch                0x2802'0897    0x1  Data  Lc  zf_driver_delay.o [49]
tof_module_exti_handler
                        0x2802'0790    0x4  Data  Gb  zf_device_type.o [48]
tof_type                0x2802'139e    0x1  Data  Gb  zf_device_type.o [48]
tsl1401_collect_pit_handler
                        0x1008'b39d   0x68  Code  Gb  zf_device_tsl1401.o [48]
tsl1401_data            0x2802'0898  0x200  Data  Gb  zf_device_tsl1401.o [48]
tsl1401_finish_flag     0x2802'139c    0x1  Data  Gb  zf_device_tsl1401.o [48]
tsl1401_init_state      0x2802'139b    0x1  Data  Lc  zf_device_tsl1401.o [48]
type_default_callback   0x1008'af81    0x2  Code  Lc  zf_device_type.o [48]
uart0_isr               0x1008'b131   0x12  Code  Gb  cm7_0_isr.o [45]
uart1_isr               0x1008'b143   0x14  Code  Gb  cm7_0_isr.o [45]
uart2_isr               0x1008'b157   0x12  Code  Gb  cm7_0_isr.o [45]
uart3_isr               0x1008'b169    0xa  Code  Gb  cm7_0_isr.o [45]
uart4_isr               0x1008'b173   0x14  Code  Gb  cm7_0_isr.o [45]
uart5_isr               0x1008'b1b5    0xa  Code  Gb  cm7_0_isr.o [45]
uart6_isr               0x1008'b1bf    0xa  Code  Gb  cm7_0_isr.o [45]
uart_context            0x2802'0a98  0x188  Data  Gb  zf_driver_uart.o [49]
uart_data_buffer        0x2802'12c4    0x8  Data  Lc  zf_driver_uart.o [49]
uart_data_fifo          0x2802'11a0   0x18  Data  Gb  myuart.o [5]
uart_data_refresh       0x2802'12cc    0x8  Data  Lc  zf_driver_uart.o [49]
uart_get_data           0x2802'1028   0x40  Data  Gb  myuart.o [5]
uart_init               0x1008'3381  0x1c0  Code  Gb  zf_driver_uart.o [49]
uart_isr_func           0x2802'084c   0x1c  Data  Gb  zf_driver_uart.o [49]
uart_isr_mask           0x1008'2e6b   0x80  Code  Gb  zf_driver_uart.o [49]
uart_query_byte         0x1008'3137   0x30  Code  Gb  zf_driver_uart.o [49]
uart_receiver_handler   0x2802'078c    0x4  Data  Gb  zf_device_type.o [48]
uart_rx_interrupt       0x1008'3283   0xfe  Code  Gb  zf_driver_uart.o [49]
uart_rx_interrupt_handler
                        0x1008'b419   0x24  Code  Gb  myuart.o [5]
uart_tx_interrupt       0x1008'3167  0x11c  Code  Gb  zf_driver_uart.o [49]
uart_write_byte         0x1008'30f3   0x28  Code  Gb  zf_driver_uart.o [49]
uart_write_string       0x1008'311b   0x1c  Code  Gb  zf_driver_uart.o [49]
upflow302_finsh_flag    0x2802'139f    0x1  Data  Gb  zf_device_upflow302.o [48]
upflow302_receive       0x2802'125c   0x10  Data  Gb  zf_device_upflow302.o [48]
upflow302_receive_callback
                        0x1008'aec1   0x8c  Code  Gb  zf_device_upflow302.o [48]
upflow302_receive_callback::length
                        0x2802'13a0    0x1  Data  Lc  zf_device_upflow302.o [48]
upflow302_receive_init  0x1008'af65   0x1a  Code  Gb  zf_device_upflow302.o [48]
upflow302_receiver_data
                        0x2802'124c   0x10  Data  Gb  zf_device_upflow302.o [48]
upflow302_response_time
                        0x2802'1386    0x2  Data  Gb  zf_device_upflow302.o [48]
upflow302_state_flag    0x2802'0896    0x1  Data  Gb  zf_device_upflow302.o [48]
velocity_mahony_fusion  0x1008'aa95  0x116  Code  Gb  of.o [5]
velocity_mahony_fusion::Ki
                        0x2802'1300    0x4  Data  Lc  of.o [5]
velocity_mahony_fusion::Kp
                        0x2802'12fc    0x4  Data  Lc  of.o [5]
velocity_mahony_fusion::ex
                        0x2802'1304    0x4  Data  Lc  of.o [5]
velocity_mahony_fusion::ey
                        0x2802'1308    0x4  Data  Lc  of.o [5]
velocity_mahony_fusion::integralX
                        0x2802'130c    0x4  Data  Lc  of.o [5]
velocity_mahony_fusion::integralY
                        0x2802'1310    0x4  Data  Lc  of.o [5]
wireless_module_uart_handler
                        0x2802'0788    0x4  Data  Gb  zf_device_type.o [48]
wireless_type           0x2802'139d    0x1  Data  Gb  zf_device_type.o [48]
world_data              0x2802'1118   0x24  Data  Gb  INIT.o [5]
zf_debug_assert_enable  0x2802'0890    0x1  Data  Lc  zf_common_debug.o [46]
zf_debug_init_flag      0x2802'1392    0x1  Data  Lc  zf_common_debug.o [46]


[1] = E:\smart car\project\20260512\project\iar\Debug_m7_0\Obj\adc_11722776235721520015.dir
[2] = E:\smart car\project\20260512\project\iar\Debug_m7_0\Obj\audioss_1346650047966882938.dir
[3] = E:\smart car\project\20260512\project\iar\Debug_m7_0\Obj\button_4990804375159372270.dir
[4] = E:\smart car\project\20260512\project\iar\Debug_m7_0\Obj\canfd_1800690984773873875.dir
[5] = E:\smart car\project\20260512\project\iar\Debug_m7_0\Obj\code_17896468042025673432.dir
[6] = E:\smart car\project\20260512\project\iar\Debug_m7_0\Obj\cpu_15938736945165268644.dir
[7] = E:\smart car\project\20260512\project\iar\Debug_m7_0\Obj\crypto_1190170608956581615.dir
[8] = E:\smart car\project\20260512\project\iar\Debug_m7_0\Obj\dma_12106025507578611576.dir
[9] = E:\smart car\project\20260512\project\iar\Debug_m7_0\Obj\eth_phy_18133017486186456677.dir
[10] = E:\smart car\project\20260512\project\iar\Debug_m7_0\Obj\ethernet_6029839089178797009.dir
[11] = E:\smart car\project\20260512\project\iar\Debug_m7_0\Obj\evtgen_3404189088603873129.dir
[12] = E:\smart car\project\20260512\project\iar\Debug_m7_0\Obj\flash_8529866181315662935.dir
[13] = E:\smart car\project\20260512\project\iar\Debug_m7_0\Obj\flash_864493325053435817.dir
[14] = E:\smart car\project\20260512\project\iar\Debug_m7_0\Obj\gpio_3999404635324069351.dir
[15] = E:\smart car\project\20260512\project\iar\Debug_m7_0\Obj\ipc_10145506163450686023.dir
[16] = E:\smart car\project\20260512\project\iar\Debug_m7_0\Obj\lin_18429031207028094880.dir
[17] = E:\smart car\project\20260512\project\iar\Debug_m7_0\Obj\lvd_6353935867039560245.dir
[18] = E:\smart car\project\20260512\project\iar\Debug_m7_0\Obj\mcwdt_4052485907822033969.dir
[19] = E:\smart car\project\20260512\project\iar\Debug_m7_0\Obj\mpu_5663187252346826382.dir
[20] = E:\smart car\project\20260512\project\iar\Debug_m7_0\Obj\power_14453085144426420577.dir
[21] = E:\smart car\project\20260512\project\iar\Debug_m7_0\Obj\prot_10722960861768657883.dir
[22] = E:\smart car\project\20260512\project\iar\Debug_m7_0\Obj\rev_b_4986922561640112550.dir
[23] = E:\smart car\project\20260512\project\iar\Debug_m7_0\Obj\rev_b_6162237342861132223.dir
[24] = E:\smart car\project\20260512\project\iar\Debug_m7_0\Obj\scb_15490842639181808494.dir
[25] = E:\smart car\project\20260512\project\iar\Debug_m7_0\Obj\sd_host_2982766354293506895.dir
[26] = E:\smart car\project\20260512\project\iar\Debug_m7_0\Obj\semihosting_143864889731838620.dir
[27] = E:\smart car\project\20260512\project\iar\Debug_m7_0\Obj\smartio_5451710003740070188.dir
[28] = E:\smart car\project\20260512\project\iar\Debug_m7_0\Obj\smif_427648126384146252.dir
[29] = E:\smart car\project\20260512\project\iar\Debug_m7_0\Obj\smif_mem_6470536964353725183.dir
[30] = E:\smart car\project\20260512\project\iar\Debug_m7_0\Obj\srom_13018798572330080582.dir
[31] = E:\smart car\project\20260512\project\iar\Debug_m7_0\Obj\startup_479057977785470282.dir
[32] = E:\smart car\project\20260512\project\iar\Debug_m7_0\Obj\sw_timer_4215635015939382130.dir
[33] = E:\smart car\project\20260512\project\iar\Debug_m7_0\Obj\sysclk_16149231235676103872.dir
[34] = E:\smart car\project\20260512\project\iar\Debug_m7_0\Obj\sysflt_12293435975120599261.dir
[35] = E:\smart car\project\20260512\project\iar\Debug_m7_0\Obj\sysint_7435970359207984181.dir
[36] = E:\smart car\project\20260512\project\iar\Debug_m7_0\Obj\syslib_16330585751512546975.dir
[37] = E:\smart car\project\20260512\project\iar\Debug_m7_0\Obj\syspm_10887939769544754770.dir
[38] = E:\smart car\project\20260512\project\iar\Debug_m7_0\Obj\sysreghc_17676636058511625587.dir
[39] = E:\smart car\project\20260512\project\iar\Debug_m7_0\Obj\sysreset_14586141425677365288.dir
[40] = E:\smart car\project\20260512\project\iar\Debug_m7_0\Obj\sysrtc_10747768817563771611.dir
[41] = E:\smart car\project\20260512\project\iar\Debug_m7_0\Obj\systick_16016591671695740695.dir
[42] = E:\smart car\project\20260512\project\iar\Debug_m7_0\Obj\syswdt_9118657615806274156.dir
[43] = E:\smart car\project\20260512\project\iar\Debug_m7_0\Obj\tcpwm_422923530147891246.dir
[44] = E:\smart car\project\20260512\project\iar\Debug_m7_0\Obj\trigmux_9729677290734583340.dir
[45] = E:\smart car\project\20260512\project\iar\Debug_m7_0\Obj\user_8514941877209965082.dir
[46] = E:\smart car\project\20260512\project\iar\Debug_m7_0\Obj\zf_common_1201165462030747823.dir
[47] = E:\smart car\project\20260512\project\iar\Debug_m7_0\Obj\zf_components_14936052685886095442.dir
[48] = E:\smart car\project\20260512\project\iar\Debug_m7_0\Obj\zf_device_6570275422786408770.dir
[49] = E:\smart car\project\20260512\project\iar\Debug_m7_0\Obj\zf_driver_11922370083829174090.dir
[50] = dl7M_tln.a
[51] = m7M_tlv.a
[52] = rt7M_tl.a
[53] = shb_l.a
[54] = zf_device_config.a

  46'220 bytes of readonly  code memory
   4'085 bytes of readonly  data memory
  14'369 bytes of readwrite data memory

Errors: none
Warnings: none
