###############################################################################
#
# IAR ELF Linker V9.40.1.364/W64 for ARM                  09/Jul/2026  22:17:11
# Copyright 2007-2023 IAR Systems AB.
#
#    Output file  =
#        B:\cyt4\Seekfree_CYT4BB_Opensource_Library\project\iar\project_config\Debug_m7_0\Exe\cyt4bb7_cm_7_0.out
#    Map file     =
#        B:\cyt4\Seekfree_CYT4BB_Opensource_Library\project\iar\Debug_m7_0\List\cyt4bb7_cm_7_0.map
#    Command line =
#        -f
#        B:\cyt4\Seekfree_CYT4BB_Opensource_Library\project\iar\project_config\Debug_m7_0\Exe\cyt4bb7_cm_7_0.out.rsp
#        (B:\cyt4\Seekfree_CYT4BB_Opensource_Library\project\iar\Debug_m7_0\Obj\user_8514941877209965082.dir\cm7_0_isr.o
#        B:\cyt4\Seekfree_CYT4BB_Opensource_Library\project\iar\Debug_m7_0\Obj\code_17896468042025673432.dir\current_loop.o
#        B:\cyt4\Seekfree_CYT4BB_Opensource_Library\project\iar\Debug_m7_0\Obj\adc_11722776235721520015.dir\cy_adc.o
#        B:\cyt4\Seekfree_CYT4BB_Opensource_Library\project\iar\Debug_m7_0\Obj\button_4990804375159372270.dir\cy_button.o
#        B:\cyt4\Seekfree_CYT4BB_Opensource_Library\project\iar\Debug_m7_0\Obj\canfd_1800690984773873875.dir\cy_canfd.o
#        B:\cyt4\Seekfree_CYT4BB_Opensource_Library\project\iar\Debug_m7_0\Obj\cpu_15938736945165268644.dir\cy_cpu.o
#        B:\cyt4\Seekfree_CYT4BB_Opensource_Library\project\iar\Debug_m7_0\Obj\crypto_1190170608956581615.dir\cy_crypto_config.o
#        B:\cyt4\Seekfree_CYT4BB_Opensource_Library\project\iar\Debug_m7_0\Obj\eth_phy_18133017486186456677.dir\cy_dp83867.o
#        B:\cyt4\Seekfree_CYT4BB_Opensource_Library\project\iar\Debug_m7_0\Obj\ethernet_6029839089178797009.dir\cy_ethif.o
#        B:\cyt4\Seekfree_CYT4BB_Opensource_Library\project\iar\Debug_m7_0\Obj\evtgen_3404189088603873129.dir\cy_evtgen.o
#        B:\cyt4\Seekfree_CYT4BB_Opensource_Library\project\iar\Debug_m7_0\Obj\flash_8529866181315662935.dir\cy_flash.o
#        B:\cyt4\Seekfree_CYT4BB_Opensource_Library\project\iar\Debug_m7_0\Obj\gpio_3999404635324069351.dir\cy_gpio.o
#        B:\cyt4\Seekfree_CYT4BB_Opensource_Library\project\iar\Debug_m7_0\Obj\audioss_1346650047966882938.dir\cy_i2s.o
#        B:\cyt4\Seekfree_CYT4BB_Opensource_Library\project\iar\Debug_m7_0\Obj\rev_b_6162237342861132223.dir\cy_interrupt_map.o
#        B:\cyt4\Seekfree_CYT4BB_Opensource_Library\project\iar\Debug_m7_0\Obj\ipc_10145506163450686023.dir\cy_ipc_drv.o
#        B:\cyt4\Seekfree_CYT4BB_Opensource_Library\project\iar\Debug_m7_0\Obj\ipc_10145506163450686023.dir\cy_ipc_pipe.o
#        B:\cyt4\Seekfree_CYT4BB_Opensource_Library\project\iar\Debug_m7_0\Obj\ipc_10145506163450686023.dir\cy_ipc_sema.o
#        B:\cyt4\Seekfree_CYT4BB_Opensource_Library\project\iar\Debug_m7_0\Obj\lin_18429031207028094880.dir\cy_lin.o
#        B:\cyt4\Seekfree_CYT4BB_Opensource_Library\project\iar\Debug_m7_0\Obj\lvd_6353935867039560245.dir\cy_lvd.o
#        B:\cyt4\Seekfree_CYT4BB_Opensource_Library\project\iar\Debug_m7_0\Obj\mcwdt_4052485907822033969.dir\cy_mcwdt.o
#        B:\cyt4\Seekfree_CYT4BB_Opensource_Library\project\iar\Debug_m7_0\Obj\dma_12106025507578611576.dir\cy_mdma.o
#        B:\cyt4\Seekfree_CYT4BB_Opensource_Library\project\iar\Debug_m7_0\Obj\mpu_5663187252346826382.dir\cy_mpu.o
#        B:\cyt4\Seekfree_CYT4BB_Opensource_Library\project\iar\Debug_m7_0\Obj\flash_864493325053435817.dir\cy_mw_flash.o
#        B:\cyt4\Seekfree_CYT4BB_Opensource_Library\project\iar\Debug_m7_0\Obj\dma_12106025507578611576.dir\cy_pdma.o
#        B:\cyt4\Seekfree_CYT4BB_Opensource_Library\project\iar\Debug_m7_0\Obj\power_14453085144426420577.dir\cy_power.o
#        B:\cyt4\Seekfree_CYT4BB_Opensource_Library\project\iar\Debug_m7_0\Obj\prot_10722960861768657883.dir\cy_prot.o
#        B:\cyt4\Seekfree_CYT4BB_Opensource_Library\project\iar\Debug_m7_0\Obj\scb_15490842639181808494.dir\cy_scb_common.o
#        B:\cyt4\Seekfree_CYT4BB_Opensource_Library\project\iar\Debug_m7_0\Obj\scb_15490842639181808494.dir\cy_scb_ezi2c.o
#        B:\cyt4\Seekfree_CYT4BB_Opensource_Library\project\iar\Debug_m7_0\Obj\scb_15490842639181808494.dir\cy_scb_i2c.o
#        B:\cyt4\Seekfree_CYT4BB_Opensource_Library\project\iar\Debug_m7_0\Obj\scb_15490842639181808494.dir\cy_scb_spi.o
#        B:\cyt4\Seekfree_CYT4BB_Opensource_Library\project\iar\Debug_m7_0\Obj\scb_15490842639181808494.dir\cy_scb_uart.o
#        B:\cyt4\Seekfree_CYT4BB_Opensource_Library\project\iar\Debug_m7_0\Obj\sd_host_2982766354293506895.dir\cy_sd_host.o
#        B:\cyt4\Seekfree_CYT4BB_Opensource_Library\project\iar\Debug_m7_0\Obj\semihosting_143864889731838620.dir\cy_semihosting.o
#        B:\cyt4\Seekfree_CYT4BB_Opensource_Library\project\iar\Debug_m7_0\Obj\smartio_5451710003740070188.dir\cy_smartio.o
#        B:\cyt4\Seekfree_CYT4BB_Opensource_Library\project\iar\Debug_m7_0\Obj\smif_427648126384146252.dir\cy_smif.o
#        B:\cyt4\Seekfree_CYT4BB_Opensource_Library\project\iar\Debug_m7_0\Obj\smif_mem_6470536964353725183.dir\cy_smif_device_common.o
#        B:\cyt4\Seekfree_CYT4BB_Opensource_Library\project\iar\Debug_m7_0\Obj\smif_mem_6470536964353725183.dir\cy_smif_hb_flash.o
#        B:\cyt4\Seekfree_CYT4BB_Opensource_Library\project\iar\Debug_m7_0\Obj\smif_427648126384146252.dir\cy_smif_memslot.o
#        B:\cyt4\Seekfree_CYT4BB_Opensource_Library\project\iar\Debug_m7_0\Obj\smif_mem_6470536964353725183.dir\cy_smif_s25fl.o
#        B:\cyt4\Seekfree_CYT4BB_Opensource_Library\project\iar\Debug_m7_0\Obj\smif_mem_6470536964353725183.dir\cy_smif_s25fs.o
#        B:\cyt4\Seekfree_CYT4BB_Opensource_Library\project\iar\Debug_m7_0\Obj\smif_mem_6470536964353725183.dir\cy_smif_semp.o
#        B:\cyt4\Seekfree_CYT4BB_Opensource_Library\project\iar\Debug_m7_0\Obj\smif_427648126384146252.dir\cy_smif_ver_specific.o
#        B:\cyt4\Seekfree_CYT4BB_Opensource_Library\project\iar\Debug_m7_0\Obj\srom_13018798572330080582.dir\cy_srom.o
#        B:\cyt4\Seekfree_CYT4BB_Opensource_Library\project\iar\Debug_m7_0\Obj\sw_timer_4215635015939382130.dir\cy_sw_tmr.o
#        B:\cyt4\Seekfree_CYT4BB_Opensource_Library\project\iar\Debug_m7_0\Obj\sysclk_16149231235676103872.dir\cy_sysclk.o
#        B:\cyt4\Seekfree_CYT4BB_Opensource_Library\project\iar\Debug_m7_0\Obj\sysflt_12293435975120599261.dir\cy_sysflt.o
#        B:\cyt4\Seekfree_CYT4BB_Opensource_Library\project\iar\Debug_m7_0\Obj\sysint_7435970359207984181.dir\cy_sysint.o
#        B:\cyt4\Seekfree_CYT4BB_Opensource_Library\project\iar\Debug_m7_0\Obj\syslib_16330585751512546975.dir\cy_syslib.o
#        B:\cyt4\Seekfree_CYT4BB_Opensource_Library\project\iar\Debug_m7_0\Obj\syslib_16330585751512546975.dir\cy_syslib_iar.o
#        B:\cyt4\Seekfree_CYT4BB_Opensource_Library\project\iar\Debug_m7_0\Obj\syspm_10887939769544754770.dir\cy_syspm.o
#        B:\cyt4\Seekfree_CYT4BB_Opensource_Library\project\iar\Debug_m7_0\Obj\sysreghc_17676636058511625587.dir\cy_sysreghc.o
#        B:\cyt4\Seekfree_CYT4BB_Opensource_Library\project\iar\Debug_m7_0\Obj\sysreset_14586141425677365288.dir\cy_sysreset.o
#        B:\cyt4\Seekfree_CYT4BB_Opensource_Library\project\iar\Debug_m7_0\Obj\sysrtc_10747768817563771611.dir\cy_sysrtc.o
#        B:\cyt4\Seekfree_CYT4BB_Opensource_Library\project\iar\Debug_m7_0\Obj\systick_16016591671695740695.dir\cy_systick.o
#        B:\cyt4\Seekfree_CYT4BB_Opensource_Library\project\iar\Debug_m7_0\Obj\syswdt_9118657615806274156.dir\cy_syswdt.o
#        B:\cyt4\Seekfree_CYT4BB_Opensource_Library\project\iar\Debug_m7_0\Obj\tcpwm_422923530147891246.dir\cy_tcpwm.o
#        B:\cyt4\Seekfree_CYT4BB_Opensource_Library\project\iar\Debug_m7_0\Obj\tcpwm_422923530147891246.dir\cy_tcpwm_counter.o
#        B:\cyt4\Seekfree_CYT4BB_Opensource_Library\project\iar\Debug_m7_0\Obj\tcpwm_422923530147891246.dir\cy_tcpwm_pwm.o
#        B:\cyt4\Seekfree_CYT4BB_Opensource_Library\project\iar\Debug_m7_0\Obj\tcpwm_422923530147891246.dir\cy_tcpwm_quaddec.o
#        B:\cyt4\Seekfree_CYT4BB_Opensource_Library\project\iar\Debug_m7_0\Obj\tcpwm_422923530147891246.dir\cy_tcpwm_sr.o
#        B:\cyt4\Seekfree_CYT4BB_Opensource_Library\project\iar\Debug_m7_0\Obj\trigmux_9729677290734583340.dir\cy_trigmux.o
#        B:\cyt4\Seekfree_CYT4BB_Opensource_Library\project\iar\Debug_m7_0\Obj\ethernet_6029839089178797009.dir\edd.o
#        B:\cyt4\Seekfree_CYT4BB_Opensource_Library\project\iar\Debug_m7_0\Obj\ethernet_6029839089178797009.dir\edd_rx.o
#        B:\cyt4\Seekfree_CYT4BB_Opensource_Library\project\iar\Debug_m7_0\Obj\ethernet_6029839089178797009.dir\edd_tx.o
#        B:\cyt4\Seekfree_CYT4BB_Opensource_Library\project\iar\Debug_m7_0\Obj\code_17896468042025673432.dir\Encoder.o
#        B:\cyt4\Seekfree_CYT4BB_Opensource_Library\project\iar\Debug_m7_0\Obj\code_17896468042025673432.dir\HC06_Driver.o
#        B:\cyt4\Seekfree_CYT4BB_Opensource_Library\project\iar\Debug_m7_0\Obj\code_17896468042025673432.dir\inertial_nav.o
#        B:\cyt4\Seekfree_CYT4BB_Opensource_Library\project\iar\Debug_m7_0\Obj\code_17896468042025673432.dir\init.o
#        B:\cyt4\Seekfree_CYT4BB_Opensource_Library\project\iar\Debug_m7_0\Obj\code_17896468042025673432.dir\key_task.o
#        B:\cyt4\Seekfree_CYT4BB_Opensource_Library\project\iar\Debug_m7_0\Obj\user_8514941877209965082.dir\main_cm7_0.o
#        B:\cyt4\Seekfree_CYT4BB_Opensource_Library\project\iar\Debug_m7_0\Obj\code_17896468042025673432.dir\motor.o
#        B:\cyt4\Seekfree_CYT4BB_Opensource_Library\project\iar\Debug_m7_0\Obj\code_17896468042025673432.dir\My_imu660ra.o
#        B:\cyt4\Seekfree_CYT4BB_Opensource_Library\project\iar\Debug_m7_0\Obj\code_17896468042025673432.dir\Pid.o
#        B:\cyt4\Seekfree_CYT4BB_Opensource_Library\project\iar\Debug_m7_0\Obj\zf_components_14936052685886095442.dir\seekfree_assistant.o
#        B:\cyt4\Seekfree_CYT4BB_Opensource_Library\project\iar\Debug_m7_0\Obj\zf_components_14936052685886095442.dir\seekfree_assistant_interface.o
#        B:\cyt4\Seekfree_CYT4BB_Opensource_Library\project\iar\Debug_m7_0\Obj\startup_479057977785470282.dir\startup.o
#        B:\cyt4\Seekfree_CYT4BB_Opensource_Library\project\iar\Debug_m7_0\Obj\startup_479057977785470282.dir\startup_cm7.o
#        B:\cyt4\Seekfree_CYT4BB_Opensource_Library\project\iar\Debug_m7_0\Obj\rev_b_4986922561640112550.dir\system_tviibh4m_cm7.o
#        B:\cyt4\Seekfree_CYT4BB_Opensource_Library\project\iar\Debug_m7_0\Obj\code_17896468042025673432.dir\test.o
#        B:\cyt4\Seekfree_CYT4BB_Opensource_Library\project\iar\Debug_m7_0\Obj\zf_common_1201165462030747823.dir\zf_common_clock.o
#        B:\cyt4\Seekfree_CYT4BB_Opensource_Library\project\iar\Debug_m7_0\Obj\zf_common_1201165462030747823.dir\zf_common_debug.o
#        B:\cyt4\Seekfree_CYT4BB_Opensource_Library\project\iar\Debug_m7_0\Obj\zf_common_1201165462030747823.dir\zf_common_fifo.o
#        B:\cyt4\Seekfree_CYT4BB_Opensource_Library\project\iar\Debug_m7_0\Obj\zf_common_1201165462030747823.dir\zf_common_font.o
#        B:\cyt4\Seekfree_CYT4BB_Opensource_Library\project\iar\Debug_m7_0\Obj\zf_common_1201165462030747823.dir\zf_common_function.o
#        B:\cyt4\Seekfree_CYT4BB_Opensource_Library\project\iar\Debug_m7_0\Obj\zf_common_1201165462030747823.dir\zf_common_interrupt.o
#        B:\cyt4\Seekfree_CYT4BB_Opensource_Library\project\iar\Debug_m7_0\Obj\zf_device_6570275422786408770.dir\zf_device_ble6a20.o
#        B:\cyt4\Seekfree_CYT4BB_Opensource_Library\project\iar\Debug_m7_0\Obj\zf_device_6570275422786408770.dir\zf_device_dl1a.o
#        B:\cyt4\Seekfree_CYT4BB_Opensource_Library\project\iar\Debug_m7_0\Obj\zf_device_6570275422786408770.dir\zf_device_dl1b.o
#        B:\cyt4\Seekfree_CYT4BB_Opensource_Library\project\iar\Debug_m7_0\Obj\zf_device_6570275422786408770.dir\zf_device_gnss.o
#        B:\cyt4\Seekfree_CYT4BB_Opensource_Library\project\iar\Debug_m7_0\Obj\zf_device_6570275422786408770.dir\zf_device_icm20602.o
#        B:\cyt4\Seekfree_CYT4BB_Opensource_Library\project\iar\Debug_m7_0\Obj\zf_device_6570275422786408770.dir\zf_device_imu660ra.o
#        B:\cyt4\Seekfree_CYT4BB_Opensource_Library\project\iar\Debug_m7_0\Obj\zf_device_6570275422786408770.dir\zf_device_imu660rb.o
#        B:\cyt4\Seekfree_CYT4BB_Opensource_Library\project\iar\Debug_m7_0\Obj\zf_device_6570275422786408770.dir\zf_device_imu963ra.o
#        B:\cyt4\Seekfree_CYT4BB_Opensource_Library\project\iar\Debug_m7_0\Obj\zf_device_6570275422786408770.dir\zf_device_ips114.o
#        B:\cyt4\Seekfree_CYT4BB_Opensource_Library\project\iar\Debug_m7_0\Obj\zf_device_6570275422786408770.dir\zf_device_ips200.o
#        B:\cyt4\Seekfree_CYT4BB_Opensource_Library\project\iar\Debug_m7_0\Obj\zf_device_6570275422786408770.dir\zf_device_ips200pro.o
#        B:\cyt4\Seekfree_CYT4BB_Opensource_Library\project\iar\Debug_m7_0\Obj\zf_device_6570275422786408770.dir\zf_device_key.o
#        B:\cyt4\Seekfree_CYT4BB_Opensource_Library\project\iar\Debug_m7_0\Obj\zf_device_6570275422786408770.dir\zf_device_menc15a.o
#        B:\cyt4\Seekfree_CYT4BB_Opensource_Library\project\iar\Debug_m7_0\Obj\zf_device_6570275422786408770.dir\zf_device_mt9v03x.o
#        B:\cyt4\Seekfree_CYT4BB_Opensource_Library\project\iar\Debug_m7_0\Obj\zf_device_6570275422786408770.dir\zf_device_oled.o
#        B:\cyt4\Seekfree_CYT4BB_Opensource_Library\project\iar\Debug_m7_0\Obj\zf_device_6570275422786408770.dir\zf_device_tft180.o
#        B:\cyt4\Seekfree_CYT4BB_Opensource_Library\project\iar\Debug_m7_0\Obj\zf_device_6570275422786408770.dir\zf_device_tsl1401.o
#        B:\cyt4\Seekfree_CYT4BB_Opensource_Library\project\iar\Debug_m7_0\Obj\zf_device_6570275422786408770.dir\zf_device_type.o
#        B:\cyt4\Seekfree_CYT4BB_Opensource_Library\project\iar\Debug_m7_0\Obj\zf_device_6570275422786408770.dir\zf_device_uart_receiver.o
#        B:\cyt4\Seekfree_CYT4BB_Opensource_Library\project\iar\Debug_m7_0\Obj\zf_device_6570275422786408770.dir\zf_device_wifi_spi.o
#        B:\cyt4\Seekfree_CYT4BB_Opensource_Library\project\iar\Debug_m7_0\Obj\zf_device_6570275422786408770.dir\zf_device_wifi_uart.o
#        B:\cyt4\Seekfree_CYT4BB_Opensource_Library\project\iar\Debug_m7_0\Obj\zf_device_6570275422786408770.dir\zf_device_wireless_uart.o
#        B:\cyt4\Seekfree_CYT4BB_Opensource_Library\project\iar\Debug_m7_0\Obj\zf_driver_11922370083829174090.dir\zf_driver_adc.o
#        B:\cyt4\Seekfree_CYT4BB_Opensource_Library\project\iar\Debug_m7_0\Obj\zf_driver_11922370083829174090.dir\zf_driver_delay.o
#        B:\cyt4\Seekfree_CYT4BB_Opensource_Library\project\iar\Debug_m7_0\Obj\zf_driver_11922370083829174090.dir\zf_driver_dma.o
#        B:\cyt4\Seekfree_CYT4BB_Opensource_Library\project\iar\Debug_m7_0\Obj\zf_driver_11922370083829174090.dir\zf_driver_encoder.o
#        B:\cyt4\Seekfree_CYT4BB_Opensource_Library\project\iar\Debug_m7_0\Obj\zf_driver_11922370083829174090.dir\zf_driver_exti.o
#        B:\cyt4\Seekfree_CYT4BB_Opensource_Library\project\iar\Debug_m7_0\Obj\zf_driver_11922370083829174090.dir\zf_driver_flash.o
#        B:\cyt4\Seekfree_CYT4BB_Opensource_Library\project\iar\Debug_m7_0\Obj\zf_driver_11922370083829174090.dir\zf_driver_gpio.o
#        B:\cyt4\Seekfree_CYT4BB_Opensource_Library\project\iar\Debug_m7_0\Obj\zf_driver_11922370083829174090.dir\zf_driver_ipc.o
#        B:\cyt4\Seekfree_CYT4BB_Opensource_Library\project\iar\Debug_m7_0\Obj\zf_driver_11922370083829174090.dir\zf_driver_pit.o
#        B:\cyt4\Seekfree_CYT4BB_Opensource_Library\project\iar\Debug_m7_0\Obj\zf_driver_11922370083829174090.dir\zf_driver_pwm.o
#        B:\cyt4\Seekfree_CYT4BB_Opensource_Library\project\iar\Debug_m7_0\Obj\zf_driver_11922370083829174090.dir\zf_driver_soft_iic.o
#        B:\cyt4\Seekfree_CYT4BB_Opensource_Library\project\iar\Debug_m7_0\Obj\zf_driver_11922370083829174090.dir\zf_driver_soft_spi.o
#        B:\cyt4\Seekfree_CYT4BB_Opensource_Library\project\iar\Debug_m7_0\Obj\zf_driver_11922370083829174090.dir\zf_driver_spi.o
#        B:\cyt4\Seekfree_CYT4BB_Opensource_Library\project\iar\Debug_m7_0\Obj\zf_driver_11922370083829174090.dir\zf_driver_timer.o
#        B:\cyt4\Seekfree_CYT4BB_Opensource_Library\project\iar\Debug_m7_0\Obj\zf_driver_11922370083829174090.dir\zf_driver_uart.o
#        --no_out_extension -o
#        B:\cyt4\Seekfree_CYT4BB_Opensource_Library\project\iar\project_config\Debug_m7_0\Exe\cyt4bb7_cm_7_0.out
#        --config_def _CORE_cm7_0_=0 --config_def _LINK_flash_=0 --map
#        B:\cyt4\Seekfree_CYT4BB_Opensource_Library\project\iar\Debug_m7_0\List\cyt4bb7_cm_7_0.map
#        --config
#        B:\cyt4\Seekfree_CYT4BB_Opensource_Library\project\iar\project_config\..\icf\linker_directives_tviibh.icf
#        --semihosting
#        B:\cyt4\Seekfree_CYT4BB_Opensource_Library\project\iar\project_config\..\..\..\libraries\sdk\tviibh4m\src\drivers\crypto\libs\libcrypto_server_cm0plus_iar.a
#        B:\cyt4\Seekfree_CYT4BB_Opensource_Library\project\iar\project_config\..\..\..\libraries\zf_device\zf_device_config.a
#        B:\cyt4\Seekfree_CYT4BB_Opensource_Library\project\iar\project_config\..\..\..\libraries\sdk\common\hdr\cmsis\dsp\iar_cortexM7lf_math.a
#        --entry __iar_program_start --vfe --text_out locale --cpu=Cortex-M7
#        --fpu=VFPv5_d16) --dependencies=n
#        B:\cyt4\Seekfree_CYT4BB_Opensource_Library\project\iar\project_config\Debug_m7_0\Exe\cyt4bb7_cm_7_0.out.iar_deps
#
###############################################################################

*******************************************************************************
*** RUNTIME MODEL ATTRIBUTES
***

CppFlavor       = *
__CPP_Runtime   = 1
__Heap_Handler  = Basic
__SystemLibrary = DLib
__dlib_version  = 6


*******************************************************************************
*** HEAP SELECTION
***

The basic heap was selected because --advanced_heap
was not specified and the application did not appear to
be primarily optimized for speed.


*******************************************************************************
*** PLACEMENT SUMMARY
***

"A0":  place at start of [from 0x1008'0000 to 0x1027'ffff] { section .intvec };
"P1":  place in [from 0x1008'0000 to 0x1027'ffff] { ro };
"P2":  place in [from 0x2802'0000 to 0x2807'ffff] { rw };
define block HEAP with size = 1K, alignment = 8 { };
define block CSTACK with size = 8K, alignment = 8 { };
define block HEAP_STACK { block HEAP, last block CSTACK };
"A1":  place at end of [from 0x2802'0000 to 0x2807'ffff] { block HEAP_STACK };
do not initialize { section .intvec_ram };
initialize by copy { rw };

No sections matched the following patterns:

  ro section .sflash_app_prot  in "P6"
  ro section .sflash_nar       in "P4"
  ro section .sflash_pkey      in "P5"
  ro section .sflash_toc2      in "P7"
  ro section .sflash_uf_rows   in "P3"
  ro section .work_flash       in "P8"
  section .global_ram_data     in "P9"


  Section            Kind         Address    Size  Object
  -------            ----         -------    ----  ------
"A0":                                        0x80
  .intvec            ro code  0x1008'0000    0x80  startup_cm7.o [31]
                            - 0x1008'0080    0x80

"P1":                                      0xcc8d
  .rodata            const    0x1008'0080  0x2000  zf_device_config.o [54]
  .text              ro code  0x1008'2080   0xeae  xprintffull_nomb.o [50]
  .text              ro code  0x1008'2f2e    0x7e  lz77_init_single.o [52]
  .text              ro code  0x1008'2fac    0x16  strchr.o [52]
  .text              ro code  0x1008'2fc2    0x1e  xsscin.o [50]
  .text              ro code  0x1008'2fe0    0x40  xfail_s.o [50]
  .text              ro code  0x1008'3020    0x36  strlen.o [52]
  .text              ro code  0x1008'3056     0xa  xsprout.o [50]
  .text              ro code  0x1008'3060    0x58  memchr.o [52]
  .text              ro code  0x1008'30b8    0xa6  ABImemcpy.o [52]
  .text              ro code  0x1008'3160    0x88  frexp.o [51]
  .text              ro code  0x1008'31e8    0x34  DblCmpLe.o [51]
  .text              ro code  0x1008'321c    0x34  DblCmpGe.o [51]
  .text              ro code  0x1008'3250   0x104  ldexp.o [51]
  .text              ro code  0x1008'3354     0xe  DblToS32.o [51]
  .text              ro code  0x1008'3362     0xe  S32ToDbl.o [51]
  .text              ro code  0x1008'3370    0x12  DblSub.o [51]
  .text              ro code  0x1008'3382    0x12  DblDiv.o [51]
  .text              ro code  0x1008'3394     0xe  DblToU32.o [51]
  .text              ro code  0x1008'33a2     0xe  U32ToDbl.o [51]
  .text              ro code  0x1008'33b0    0x12  DblMul.o [51]
  .text              ro code  0x1008'33c4   0x230  I64DivMod.o [52]
  .text              ro code  0x1008'35f4     0x6  abort.o [50]
  .text              ro code  0x1008'35fc     0x2  I64DivZer.o [52]
  .text              ro code  0x1008'3600    0x14  exit.o [53]
  .text              ro code  0x1008'3614   0xe18  zf_driver_pwm.o [49]
  .text              ro code  0x1008'442c   0x454  zf_common_debug.o [46]
  .text              ro code  0x1008'4880    0x66  ABImemset.o [52]
  .text              ro code  0x1008'48e8   0x194  cy_gpio.o [14]
  .text              ro code  0x1008'4a7c   0x20a  cy_tcpwm_pwm.o [43]
  .text              ro code  0x1008'4c86     0xc  cy_tcpwm.o [43]
  .text              ro code  0x1008'4c94   0x948  zf_driver_uart.o [49]
  .text              ro code  0x1008'55dc    0x40  sprintf.o [50]
  .text              ro code  0x1008'561c   0x500  zf_common_fifo.o [46]
  .text              ro code  0x1008'5b1c    0xe2  zf_common_interrupt.o [46]
  .text              ro code  0x1008'5c00     0x6  ABImemclr4.o [52]
  .text              ro code  0x1008'5c08   0x314  cy_scb_uart.o [24]
  .text              ro code  0x1008'5f1c    0xac  cy_sysint.o [35]
  .text              ro code  0x1008'5fc8    0x32  ABImemset48.o [52]
  .text              ro code  0x1008'5ffc   0xd64  xscanffull_nomb.o [50]
  .text              ro code  0x1008'6d60     0xe  math_wrappers64.o [51]
  .text              ro code  0x1008'6d6e     0xe  DblToFlt.o [51]
  .text              ro code  0x1008'6d7c   0x1a6  iar_Stoullx.o [50]
  .text              ro code  0x1008'6f24    0xaa  iar_Stollx.o [50]
  .text              ro code  0x1008'6fd0   0x2c4  strto64.o [51]
  .text              ro code  0x1008'7294   0x120  iar_Stopfx.o [50]
  .text              ro code  0x1008'73b4   0x1a8  iar_Stoflt.o [50]
  .text              ro code  0x1008'755c   0x20c  iar_Stoxflt.o [50]
  .text              ro code  0x1008'7768   0xa5c  motor.o [5]
  .text              ro code  0x1008'81c4   0x1fa  Pid.o [5]
  .text              ro code  0x1008'83c0   0x17c  zf_driver_gpio.o [49]
  .text              ro code  0x1008'853c   0x144  HC06_Driver.o [5]
  .text              ro code  0x1008'8680    0x2c  fmaxf.o [51]
  .text              ro code  0x1008'86ac   0x3cc  My_imu660ra.o [5]
  .text              ro code  0x1008'8a78    0x28  printf.o [50]
  .text              ro code  0x1008'8aa0    0x48  U64ToFlt.o [51]
  .text              ro code  0x1008'8ae8    0x28  sscanf.o [50]
  .text              ro code  0x1008'8b10   0x1b4  zf_device_imu660ra.o [48]
  .text              ro code  0x1008'8cc4    0x1e  sqrtf.o [51]
  .text              ro code  0x1008'8ce4    0x6a  atan2f.o [51]
  .text              ro code  0x1008'8d50   0x708  zf_driver_soft_iic.o [49]
  .text              ro code  0x1008'9458   0x284  zf_driver_delay.o [49]
  .text              ro code  0x1008'96dc    0xa4  xatanf.o [51]
  .text              ro code  0x1008'9780   0x1ae  cy_tcpwm_counter.o [43]
  .text              ro code  0x1008'9930   0x8e8  cy_sysclk.o [33]
  .text              ro code  0x1008'a218    0x70  strncpy.o [52]
  .text              ro code  0x1008'a288    0xa8  cy_syslib.o [36]
  .text              ro code  0x1008'a330     0x2  cy_syslib.o [36]
  .text              ro code  0x1008'a334   0x7d4  inertial_nav.o [5]
  .text              ro code  0x1008'ab08   0x10c  zf_device_key.o [48]
  .text              ro code  0x1008'ac14   0x1d4  cos_sin32.o [51]
  .text              ro code  0x1008'ade8   0x404  zf_driver_encoder.o [49]
  .text              ro code  0x1008'b1ec     0x8  cy_tcpwm_quaddec.o [43]
  .text              ro code  0x1008'b1f4   0x398  zf_driver_pit.o [49]
  .text              ro code  0x1008'b58c   0x23c  cm7_0_isr.o [45]
  .text              ro code  0x1008'b7c8   0x128  Encoder.o [5]
  .text              ro code  0x1008'b8f0    0x7c  zf_device_tsl1401.o [48]
  .text              ro code  0x1008'b96c   0x114  zf_device_gnss.o [48]
  .text              ro code  0x1008'ba80    0x74  zf_driver_adc.o [49]
  .text              ro code  0x1008'baf4    0x2a  strncmp.o [50]
  .text              ro code  0x1008'bb20   0x204  startup.o [31]
  .text              ro code  0x1008'bd24   0x150  system_tviibh4m_cm7.o [22]
  .text              ro code  0x1008'be74     0x8  startup_cm7.o [31]
  .text              ro code  0x1008'be7c     0x6  startup_cm7.o [31]
  .text              ro code  0x1008'be84   0x198  cy_interrupt_map.o [23]
  .text              ro code  0x1008'c01c   0x100  key_task.o [5]
  .text              ro code  0x1008'c11c    0xb0  startup_cm7.o [31]
  .rodata            const    0x1008'c1cc    0x64  cy_sysclk.o [33]
  .rodata            const    0x1008'c230    0x64  cy_sysclk.o [33]
  .rodata            const    0x1008'c294    0x64  system_tviibh4m_cm7.o [22]
  .rodata            const    0x1008'c2f8    0x54  zf_device_imu660ra.o [48]
  .rodata            const    0x1008'c34c    0x54  zf_driver_encoder.o [49]
  .rodata            const    0x1008'c3a0    0x54  zf_driver_soft_iic.o [49]
  .rodata            const    0x1008'c3f4    0x50  zf_common_fifo.o [46]
  .rodata            const    0x1008'c444    0x50  zf_device_key.o [48]
  .rodata            const    0x1008'c494    0x50  zf_driver_pwm.o [49]
  .rodata            const    0x1008'c4e4    0x50  zf_driver_uart.o [49]
  .rodata            const    0x1008'c534    0x50  iar_Stoullx.o [50]
  .rodata            const    0x1008'c584    0x24  inertial_nav.o [5]
  .rodata            const    0x1008'c5a8    0x48  strto64.o [51]
  .text              ro code  0x1008'c5f0    0x48  init.o [5]
  .text              ro code  0x1008'c638    0x38  zero_init3.o [52]
  .rodata            const    0x1008'c670    0x30  inertial_nav.o [5]
  .rodata            const    0x1008'c6a0    0x28  inertial_nav.o [5]
  .rodata            const    0x1008'c6c8    0x28  inertial_nav.o [5]
  .rodata            const    0x1008'c6f0    0x28  inertial_nav.o [5]
  .rodata            const    0x1008'c718    0x28  motor.o [5]
  .rodata            const    0x1008'c740    0x28  xscanffull_nomb.o [50]
  .text              ro code  0x1008'c768    0x28  main_cm7_0.o [45]
  .text              ro code  0x1008'c790    0x1c  zf_common_clock.o [46]
  .text              ro code  0x1008'c7ac    0x28  data_init.o [52]
  .rodata            const    0x1008'c7d4    0x24  xscanffull_nomb.o [50]
  .text              ro code  0x1008'c7f8    0x22  fpinit_M.o [51]
  .iar.init_table    const    0x1008'c81c    0x20  - Linker created -
  .rodata            const    0x1008'c83c    0x20  inertial_nav.o [5]
  .text              ro code  0x1008'c85c    0x20  startup_cm7.o [31]
  .text              ro code  0x1008'c87c    0x20  putchar.o [50]
  .text              ro code  0x1008'c8a0    0x1e  cy_syslib_iar.o [36]
  .text              ro code  0x1008'c8c0    0x1e  cmain.o [52]
  .text              ro code  0x1008'c8e0     0x4  startup_cm7.o [31]
  .text              ro code  0x1008'c8e4     0x4  exit.o [50]
  .text              ro code  0x1008'c8e8     0xa  cexit.o [52]
  .rodata            const    0x1008'c8f4    0x1c  inertial_nav.o [5]
  .rodata            const    0x1008'c910    0x1c  inertial_nav.o [5]
  .rodata            const    0x1008'c92c    0x1c  inertial_nav.o [5]
  .rodata            const    0x1008'c948    0x1c  zf_common_debug.o [46]
  .rodata            const    0x1008'c964    0x1c  zf_device_imu660ra.o [48]
  .text              ro code  0x1008'c980    0x1c  startup_cm7.o [31]
  .text              ro code  0x1008'c99c    0x1c  cstartup_M.o [52]
  .rodata            const    0x1008'c9b8    0x18  inertial_nav.o [5]
  .rodata            const    0x1008'c9d0    0x18  startup.o [31]
  .rodata            const    0x1008'c9e8    0x18  system_tviibh4m_cm7.o [22]
  .rodata            const    0x1008'ca00    0x18  zf_common_debug.o [46]
  .rodata            const    0x1008'ca18    0x18  zf_device_imu660ra.o [48]
  .text              ro code  0x1008'ca30    0x16  xprout.o [50]
  .rodata            const    0x1008'ca48    0x14  inertial_nav.o [5]
  .rodata            const    0x1008'ca5c    0x14  inertial_nav.o [5]
  .rodata            const    0x1008'ca70    0x10  zf_common_debug.o [46]
  .rodata            const    0x1008'ca80    0x10  zf_common_debug.o [46]
  .rodata            const    0x1008'ca90     0xc  zf_common_debug.o [46]
  .rodata            const    0x1008'ca9c     0xc  zf_common_debug.o [46]
  .rodata            const    0x1008'caa8     0xc  zf_common_debug.o [46]
  .text              ro code  0x1008'cab4     0xc  cy_syslib.o [36]
  .rodata            const    0x1008'cac0     0x8  cy_sysclk.o [33]
  .rodata            const    0x1008'cac8     0x8  HC06_Driver.o [5]
  .rodata            const    0x1008'cad0     0x8  inertial_nav.o [5]
  .rodata            const    0x1008'cad8     0x8  zf_device_key.o [48]
  .rodata            const    0x1008'cae0     0x4  cy_interrupt_map.o [23]
  .rodata            const    0x1008'cae4     0x4  cy_interrupt_map.o [23]
  .rodata            const    0x1008'cae8     0x4  cy_interrupt_map.o [23]
  .rodata            const    0x1008'caec     0x4  cy_interrupt_map.o [23]
  .rodata            const    0x1008'caf0     0x4  cy_interrupt_map.o [23]
  .rodata            const    0x1008'caf4     0x4  cy_interrupt_map.o [23]
  .rodata            const    0x1008'caf8     0x4  cy_interrupt_map.o [23]
  .rodata            const    0x1008'cafc     0x4  cy_interrupt_map.o [23]
  .rodata            const    0x1008'cb00     0x4  cy_scb_uart.o [24]
  .rodata            const    0x1008'cb04     0x4  cy_scb_uart.o [24]
  .rodata            const    0x1008'cb08     0x4  cy_scb_uart.o [24]
  .rodata            const    0x1008'cb0c     0x4  cy_scb_uart.o [24]
  .rodata            const    0x1008'cb10     0x4  cy_scb_uart.o [24]
  .rodata            const    0x1008'cb14     0x4  cy_scb_uart.o [24]
  .rodata            const    0x1008'cb18     0x4  cy_scb_uart.o [24]
  .rodata            const    0x1008'cb1c     0x4  cy_scb_uart.o [24]
  .rodata            const    0x1008'cb20     0x4  cy_scb_uart.o [24]
  .rodata            const    0x1008'cb24     0x4  cy_scb_uart.o [24]
  .rodata            const    0x1008'cb28     0x4  cy_sysint.o [35]
  .rodata            const    0x1008'cb2c     0x4  cy_sysint.o [35]
  .rodata            const    0x1008'cb30     0x4  cy_tcpwm_counter.o [43]
  .rodata            const    0x1008'cb34     0x4  cy_tcpwm_counter.o [43]
  .rodata            const    0x1008'cb38     0x4  cy_tcpwm_counter.o [43]
  .rodata            const    0x1008'cb3c     0x4  cy_tcpwm_counter.o [43]
  .rodata            const    0x1008'cb40     0x4  cy_tcpwm_counter.o [43]
  .rodata            const    0x1008'cb44     0x4  cy_tcpwm_pwm.o [43]
  .rodata            const    0x1008'cb48     0x4  cy_tcpwm_pwm.o [43]
  .rodata            const    0x1008'cb4c     0x4  cy_tcpwm_pwm.o [43]
  .rodata            const    0x1008'cb50     0x4  cy_tcpwm_pwm.o [43]
  .rodata            const    0x1008'cb54     0x4  cy_tcpwm_pwm.o [43]
  .rodata            const    0x1008'cb58     0x4  cy_tcpwm_pwm.o [43]
  .rodata            const    0x1008'cb5c     0x4  cy_tcpwm_pwm.o [43]
  .text              ro code  0x1008'cb60     0x4  startup_cm7.o [31]
  .text              ro code  0x1008'cb64     0x4  startup_cm7.o [31]
  .text              ro code  0x1008'cb68     0x4  startup_cm7.o [31]
  .text              ro code  0x1008'cb6c     0x4  startup_cm7.o [31]
  .text              ro code  0x1008'cb70     0x4  startup_cm7.o [31]
  .text              ro code  0x1008'cb74     0x4  startup_cm7.o [31]
  .text              ro code  0x1008'cb78     0x4  startup_cm7.o [31]
  .text              ro code  0x1008'cb7c     0x4  startup_cm7.o [31]
  .text              ro code  0x1008'cb80     0x4  startup_cm7.o [31]
  .text              ro code  0x1008'cb84     0x4  startup_cm7.o [31]
  .text              ro code  0x1008'cb88     0x4  startup_cm7.o [31]
  .text              ro code  0x1008'cb8c     0x4  startup_cm7.o [31]
  .text              ro code  0x1008'cb90     0x4  startup_cm7.o [31]
  .text              ro code  0x1008'cb94     0x4  startup_cm7.o [31]
  .text              ro code  0x1008'cb98     0x4  startup_cm7.o [31]
  .text              ro code  0x1008'cb9c     0x2  zf_device_type.o [48]
  .rodata            const    0x1008'cb9e     0x0  zero_init3.o [52]
  .rodata            const    0x1008'cb9e     0x0  lz77_init_single.o [52]
  Initializer bytes  const    0x1008'cb9e    0xb3  <for P2-1>
                            - 0x1008'cc51  0xcbd1

"P2", part 1 of 3:                          0x799
  P2-1                        0x2802'0000   0x799  <Init block>
    .data            inited   0x2802'0000   0x6ec  cy_interrupt_map.o [23]
    .data            inited   0x2802'06ec     0x4  cy_interrupt_map.o [23]
    .data            inited   0x2802'06f0     0x8  zf_device_imu660ra.o [48]
    .data            inited   0x2802'06f8     0x4  zf_device_type.o [48]
    .data            inited   0x2802'06fc     0xc  zf_driver_adc.o [49]
    .data            inited   0x2802'0708     0x8  zf_driver_encoder.o [49]
    .data            inited   0x2802'0710    0x10  zf_driver_encoder.o [49]
    .data            inited   0x2802'0720    0x3c  zf_driver_pit.o [49]
    .data            inited   0x2802'075c    0x1c  zf_driver_uart.o [49]
    .data            inited   0x2802'0778    0x1c  zf_driver_uart.o [49]
    .data            inited   0x2802'0794     0x2  zf_driver_delay.o [49]
    .data            inited   0x2802'0796     0x1  inertial_nav.o [5]
    .data            inited   0x2802'0797     0x1  zf_common_debug.o [46]
    .data            inited   0x2802'0798     0x1  zf_driver_delay.o [49]
                            - 0x2802'0799   0x799

"P2", part 2 of 3:                          0xb9c
  .bss               zero     0x2802'079c   0x200  zf_device_tsl1401.o [48]
  .bss               zero     0x2802'099c   0x188  zf_driver_uart.o [49]
  .bss               zero     0x2802'0b24    0x80  zf_device_gnss.o [48]
  .bss               zero     0x2802'0ba4    0x80  zf_device_gnss.o [48]
  .bss               zero     0x2802'0c24    0x80  zf_device_gnss.o [48]
  .bss               zero     0x2802'0ca4    0x70  cy_syslib.o [36]
  .bss               zero     0x2802'0d18    0x58  motor.o [5]
  .bss               zero     0x2802'0d70    0x58  motor.o [5]
  .bss               zero     0x2802'0dc8    0x58  motor.o [5]
  .bss               zero     0x2802'0e20    0x58  motor.o [5]
  .bss               zero     0x2802'0e78    0x48  zf_driver_adc.o [49]
  .bss               zero     0x2802'0ec0    0x40  HC06_Driver.o [5]
  .bss               zero     0x2802'0f00    0x40  motor.o [5]
  .bss               zero     0x2802'0f40    0x40  motor.o [5]
  .bss               zero     0x2802'0f80    0x40  motor.o [5]
  .bss               zero     0x2802'0fc0    0x40  motor.o [5]
  .bss               zero     0x2802'1000    0x40  motor.o [5]
  .bss               zero     0x2802'1040    0x40  motor.o [5]
  .bss               zero     0x2802'1080    0x40  zf_common_debug.o [46]
  .bss               zero     0x2802'10c0    0x30  inertial_nav.o [5]
  .bss               zero     0x2802'10f0    0x28  inertial_nav.o [5]
  .bss               zero     0x2802'1118    0x20  HC06_Driver.o [5]
  .bss               zero     0x2802'1138    0x18  cy_sysclk.o [33]
  .bss               zero     0x2802'1150    0x18  cy_syslib.o [36]
  .bss               zero     0x2802'1168    0x18  HC06_Driver.o [5]
  .bss               zero     0x2802'1180    0x18  inertial_nav.o [5]
  .bss               zero     0x2802'1198    0x18  inertial_nav.o [5]
  .bss               zero     0x2802'11b0    0x18  zf_common_debug.o [46]
  .bss               zero     0x2802'11c8    0x18  zf_device_gnss.o [48]
  .bss               zero     0x2802'11e0    0x14  zf_common_debug.o [46]
  .bss               zero     0x2802'11f4    0x14  zf_device_key.o [48]
  .bss               zero     0x2802'1208    0x10  inertial_nav.o [5]
  .bss               zero     0x2802'1218    0x10  zf_device_imu660ra.o [48]
  .bss               zero     0x2802'1228     0x8  cm7_0_isr.o [45]
  .bss               zero     0x2802'1230     0x8  inertial_nav.o [5]
  .bss               zero     0x2802'1238     0x8  inertial_nav.o [5]
  .bss               zero     0x2802'1240     0x8  inertial_nav.o [5]
  .bss               zero     0x2802'1248     0x8  My_imu660ra.o [5]
  .bss               zero     0x2802'1250     0x8  zf_device_key.o [48]
  .bss               zero     0x2802'1258     0x8  zf_driver_uart.o [49]
  .bss               zero     0x2802'1260     0x8  zf_driver_uart.o [49]
  .bss               zero     0x2802'1268     0x4  cm7_0_isr.o [45]
  .bss               zero     0x2802'126c     0x4  cm7_0_isr.o [45]
  .bss               zero     0x2802'1270     0x4  cy_syslib.o [36]
  .bss               zero     0x2802'1274     0x4  HC06_Driver.o [5]
  .bss               zero     0x2802'1278     0x4  HC06_Driver.o [5]
  .bss               zero     0x2802'127c     0x4  HC06_Driver.o [5]
  .bss               zero     0x2802'1280     0x4  inertial_nav.o [5]
  .bss               zero     0x2802'1284     0x4  inertial_nav.o [5]
  .bss               zero     0x2802'1288     0x4  inertial_nav.o [5]
  .bss               zero     0x2802'128c     0x4  inertial_nav.o [5]
  .bss               zero     0x2802'1290     0x4  inertial_nav.o [5]
  .bss               zero     0x2802'1294     0x4  inertial_nav.o [5]
  .bss               zero     0x2802'1298     0x4  motor.o [5]
  .bss               zero     0x2802'129c     0x4  motor.o [5]
  .bss               zero     0x2802'12a0     0x4  motor.o [5]
  .bss               zero     0x2802'12a4     0x4  motor.o [5]
  .bss               zero     0x2802'12a8     0x4  motor.o [5]
  .bss               zero     0x2802'12ac     0x4  My_imu660ra.o [5]
  .bss               zero     0x2802'12b0     0x4  My_imu660ra.o [5]
  .bss               zero     0x2802'12b4     0x4  My_imu660ra.o [5]
  .bss               zero     0x2802'12b8     0x4  My_imu660ra.o [5]
  .bss               zero     0x2802'12bc     0x4  My_imu660ra.o [5]
  .bss               zero     0x2802'12c0     0x4  My_imu660ra.o [5]
  .bss               zero     0x2802'12c4     0x4  My_imu660ra.o [5]
  .bss               zero     0x2802'12c8     0x4  My_imu660ra.o [5]
  .bss               zero     0x2802'12cc     0x4  My_imu660ra.o [5]
  .bss               zero     0x2802'12d0     0x4  My_imu660ra.o [5]
  .bss               zero     0x2802'12d4     0x4  My_imu660ra.o [5]
  .bss               zero     0x2802'12d8     0x4  My_imu660ra.o [5]
  .bss               zero     0x2802'12dc     0x4  My_imu660ra.o [5]
  .bss               zero     0x2802'12e0     0x4  My_imu660ra.o [5]
  .bss               zero     0x2802'12e4     0x4  system_tviibh4m_cm7.o [22]
  .bss               zero     0x2802'12e8     0x4  system_tviibh4m_cm7.o [22]
  .bss               zero     0x2802'12ec     0x4  system_tviibh4m_cm7.o [22]
  .bss               zero     0x2802'12f0     0x4  system_tviibh4m_cm7.o [22]
  .bss               zero     0x2802'12f4     0x4  system_tviibh4m_cm7.o [22]
  .bss               zero     0x2802'12f8     0x4  zf_common_clock.o [46]
  .bss               zero     0x2802'12fc     0x4  zf_common_interrupt.o [46]
  .bss               zero     0x2802'1300     0x4  zf_device_key.o [48]
  .bss               zero     0x2802'1304     0x4  zf_driver_encoder.o [49]
  .bss               zero     0x2802'1308     0x4  xfail_s.o [50]
  .bss               zero     0x2802'130c     0x2  inertial_nav.o [5]
  .bss               zero     0x2802'130e     0x2  inertial_nav.o [5]
  .bss               zero     0x2802'1310     0x2  My_imu660ra.o [5]
  .bss               zero     0x2802'1312     0x2  zf_device_imu660ra.o [48]
  .bss               zero     0x2802'1314     0x2  zf_device_imu660ra.o [48]
  .bss               zero     0x2802'1316     0x2  zf_device_imu660ra.o [48]
  .bss               zero     0x2802'1318     0x2  zf_device_imu660ra.o [48]
  .bss               zero     0x2802'131a     0x2  zf_device_imu660ra.o [48]
  .bss               zero     0x2802'131c     0x2  zf_device_imu660ra.o [48]
  .bss               zero     0x2802'131e     0x1  cy_sysclk.o [33]
  .bss               zero     0x2802'131f     0x1  HC06_Driver.o [5]
  .bss               zero     0x2802'1320     0x1  HC06_Driver.o [5]
  .bss               zero     0x2802'1321     0x1  HC06_Driver.o [5]
  .bss               zero     0x2802'1322     0x1  HC06_Driver.o [5]
  .bss               zero     0x2802'1323     0x1  inertial_nav.o [5]
  .bss               zero     0x2802'1324     0x1  inertial_nav.o [5]
  .bss               zero     0x2802'1325     0x1  inertial_nav.o [5]
  .bss               zero     0x2802'1326     0x1  inertial_nav.o [5]
  .bss               zero     0x2802'1327     0x1  key_task.o [5]
  .bss               zero     0x2802'1328     0x1  motor.o [5]
  .bss               zero     0x2802'1329     0x1  motor.o [5]
  .bss               zero     0x2802'132a     0x1  motor.o [5]
  .bss               zero     0x2802'132b     0x1  motor.o [5]
  .bss               zero     0x2802'132c     0x1  zf_common_debug.o [46]
  .bss               zero     0x2802'132d     0x1  zf_common_debug.o [46]
  .bss               zero     0x2802'132e     0x1  zf_common_debug.o [46]
  .bss               zero     0x2802'132f     0x1  zf_device_gnss.o [48]
  .bss               zero     0x2802'1330     0x1  zf_device_gnss.o [48]
  .bss               zero     0x2802'1331     0x1  zf_device_gnss.o [48]
  .bss               zero     0x2802'1332     0x1  zf_device_gnss.o [48]
  .bss               zero     0x2802'1333     0x1  zf_device_gnss.o [48]
  .bss               zero     0x2802'1334     0x1  zf_device_tsl1401.o [48]
  .bss               zero     0x2802'1335     0x1  zf_device_tsl1401.o [48]
                            - 0x2802'1336   0xb9a

"P2", part 3 of 3:                           0x80
  .intvec_ram        uninit   0x2802'1380    0x80  startup_cm7.o [31]
                            - 0x2802'1400    0x80

"A1":                                      0x2000
  HEAP_STACK                  0x2807'e000  0x2000  <Block>
    CSTACK                    0x2807'e000  0x2000  <Block>
      CSTACK         uninit   0x2807'e000  0x2000  <Block tail>
                            - 0x2808'0000  0x2000

Unused ranges:

         From           To       Size
         ----           --       ----
  0x1008'cd0d  0x1027'ffff  0x1f'32f3
  0x2802'0799  0x2802'079b        0x3
  0x2802'1338  0x2802'137f       0x48
  0x2802'1400  0x2807'dfff   0x5'cc00


*******************************************************************************
*** INIT TABLE
***

          Address      Size
          -------      ----
Zero (__iar_zero_init3)
    1 destination range, total size 0xb9a:
          0x2802'079c  0xb9a

Copy/lz77 (__iar_lz77_init_single3)
    1 source range, total size 0xb3 (9% of destination):
          0x1008'cb9e   0xb3
    1 destination range, total size 0x799:
          0x2802'0000  0x799



*******************************************************************************
*** MODULE SUMMARY
***

    Module                 ro code  ro data  rw data
    ------                 -------  -------  -------
command line/config:
    ------------------------------------------------
    Total:

B:\cyt4\Seekfree_CYT4BB_Opensource_Library\project\iar\Debug_m7_0\Obj\adc_11722776235721520015.dir: [1]
    ------------------------------------------------
    Total:

B:\cyt4\Seekfree_CYT4BB_Opensource_Library\project\iar\Debug_m7_0\Obj\audioss_1346650047966882938.dir: [2]
    ------------------------------------------------
    Total:

B:\cyt4\Seekfree_CYT4BB_Opensource_Library\project\iar\Debug_m7_0\Obj\button_4990804375159372270.dir: [3]
    ------------------------------------------------
    Total:

B:\cyt4\Seekfree_CYT4BB_Opensource_Library\project\iar\Debug_m7_0\Obj\canfd_1800690984773873875.dir: [4]
    ------------------------------------------------
    Total:

B:\cyt4\Seekfree_CYT4BB_Opensource_Library\project\iar\Debug_m7_0\Obj\code_17896468042025673432.dir: [5]
    Encoder.o                  296
    HC06_Driver.o              324        8      136
    My_imu660ra.o              972                66
    Pid.o                      506
    inertial_nav.o           2'004      392      209
    init.o                      72
    key_task.o                 256                 1
    motor.o                  2'652       40      760
    ------------------------------------------------
    Total:                   7'082      440    1'172

B:\cyt4\Seekfree_CYT4BB_Opensource_Library\project\iar\Debug_m7_0\Obj\cpu_15938736945165268644.dir: [6]
    ------------------------------------------------
    Total:

B:\cyt4\Seekfree_CYT4BB_Opensource_Library\project\iar\Debug_m7_0\Obj\crypto_1190170608956581615.dir: [7]
    ------------------------------------------------
    Total:

B:\cyt4\Seekfree_CYT4BB_Opensource_Library\project\iar\Debug_m7_0\Obj\dma_12106025507578611576.dir: [8]
    ------------------------------------------------
    Total:

B:\cyt4\Seekfree_CYT4BB_Opensource_Library\project\iar\Debug_m7_0\Obj\eth_phy_18133017486186456677.dir: [9]
    ------------------------------------------------
    Total:

B:\cyt4\Seekfree_CYT4BB_Opensource_Library\project\iar\Debug_m7_0\Obj\ethernet_6029839089178797009.dir: [10]
    ------------------------------------------------
    Total:

B:\cyt4\Seekfree_CYT4BB_Opensource_Library\project\iar\Debug_m7_0\Obj\evtgen_3404189088603873129.dir: [11]
    ------------------------------------------------
    Total:

B:\cyt4\Seekfree_CYT4BB_Opensource_Library\project\iar\Debug_m7_0\Obj\flash_8529866181315662935.dir: [12]
    ------------------------------------------------
    Total:

B:\cyt4\Seekfree_CYT4BB_Opensource_Library\project\iar\Debug_m7_0\Obj\flash_864493325053435817.dir: [13]
    ------------------------------------------------
    Total:

B:\cyt4\Seekfree_CYT4BB_Opensource_Library\project\iar\Debug_m7_0\Obj\gpio_3999404635324069351.dir: [14]
    cy_gpio.o                  404
    ------------------------------------------------
    Total:                     404

B:\cyt4\Seekfree_CYT4BB_Opensource_Library\project\iar\Debug_m7_0\Obj\ipc_10145506163450686023.dir: [15]
    ------------------------------------------------
    Total:

B:\cyt4\Seekfree_CYT4BB_Opensource_Library\project\iar\Debug_m7_0\Obj\lin_18429031207028094880.dir: [16]
    ------------------------------------------------
    Total:

B:\cyt4\Seekfree_CYT4BB_Opensource_Library\project\iar\Debug_m7_0\Obj\lvd_6353935867039560245.dir: [17]
    ------------------------------------------------
    Total:

B:\cyt4\Seekfree_CYT4BB_Opensource_Library\project\iar\Debug_m7_0\Obj\mcwdt_4052485907822033969.dir: [18]
    ------------------------------------------------
    Total:

B:\cyt4\Seekfree_CYT4BB_Opensource_Library\project\iar\Debug_m7_0\Obj\mpu_5663187252346826382.dir: [19]
    ------------------------------------------------
    Total:

B:\cyt4\Seekfree_CYT4BB_Opensource_Library\project\iar\Debug_m7_0\Obj\power_14453085144426420577.dir: [20]
    ------------------------------------------------
    Total:

B:\cyt4\Seekfree_CYT4BB_Opensource_Library\project\iar\Debug_m7_0\Obj\prot_10722960861768657883.dir: [21]
    ------------------------------------------------
    Total:

B:\cyt4\Seekfree_CYT4BB_Opensource_Library\project\iar\Debug_m7_0\Obj\rev_b_4986922561640112550.dir: [22]
    system_tviibh4m_cm7.o      336      124       20
    ------------------------------------------------
    Total:                     336      124       20

B:\cyt4\Seekfree_CYT4BB_Opensource_Library\project\iar\Debug_m7_0\Obj\rev_b_6162237342861132223.dir: [23]
    cy_interrupt_map.o         408      195    1'776
    ------------------------------------------------
    Total:                     408      195    1'776

B:\cyt4\Seekfree_CYT4BB_Opensource_Library\project\iar\Debug_m7_0\Obj\scb_15490842639181808494.dir: [24]
    cy_scb_uart.o              788       40
    ------------------------------------------------
    Total:                     788       40

B:\cyt4\Seekfree_CYT4BB_Opensource_Library\project\iar\Debug_m7_0\Obj\sd_host_2982766354293506895.dir: [25]
    ------------------------------------------------
    Total:

B:\cyt4\Seekfree_CYT4BB_Opensource_Library\project\iar\Debug_m7_0\Obj\semihosting_143864889731838620.dir: [26]
    ------------------------------------------------
    Total:

B:\cyt4\Seekfree_CYT4BB_Opensource_Library\project\iar\Debug_m7_0\Obj\smartio_5451710003740070188.dir: [27]
    ------------------------------------------------
    Total:

B:\cyt4\Seekfree_CYT4BB_Opensource_Library\project\iar\Debug_m7_0\Obj\smif_427648126384146252.dir: [28]
    ------------------------------------------------
    Total:

B:\cyt4\Seekfree_CYT4BB_Opensource_Library\project\iar\Debug_m7_0\Obj\smif_mem_6470536964353725183.dir: [29]
    ------------------------------------------------
    Total:

B:\cyt4\Seekfree_CYT4BB_Opensource_Library\project\iar\Debug_m7_0\Obj\srom_13018798572330080582.dir: [30]
    ------------------------------------------------
    Total:

B:\cyt4\Seekfree_CYT4BB_Opensource_Library\project\iar\Debug_m7_0\Obj\startup_479057977785470282.dir: [31]
    startup.o                  516       24
    startup_cm7.o              442               128
    ------------------------------------------------
    Total:                     958       24      128

B:\cyt4\Seekfree_CYT4BB_Opensource_Library\project\iar\Debug_m7_0\Obj\sw_timer_4215635015939382130.dir: [32]
    ------------------------------------------------
    Total:

B:\cyt4\Seekfree_CYT4BB_Opensource_Library\project\iar\Debug_m7_0\Obj\sysclk_16149231235676103872.dir: [33]
    cy_sysclk.o              2'280      208       25
    ------------------------------------------------
    Total:                   2'280      208       25

B:\cyt4\Seekfree_CYT4BB_Opensource_Library\project\iar\Debug_m7_0\Obj\sysflt_12293435975120599261.dir: [34]
    ------------------------------------------------
    Total:

B:\cyt4\Seekfree_CYT4BB_Opensource_Library\project\iar\Debug_m7_0\Obj\sysint_7435970359207984181.dir: [35]
    cy_sysint.o                172        8
    ------------------------------------------------
    Total:                     172        8

B:\cyt4\Seekfree_CYT4BB_Opensource_Library\project\iar\Debug_m7_0\Obj\syslib_16330585751512546975.dir: [36]
    cy_syslib.o                182               140
    cy_syslib_iar.o             30
    ------------------------------------------------
    Total:                     212               140

B:\cyt4\Seekfree_CYT4BB_Opensource_Library\project\iar\Debug_m7_0\Obj\syspm_10887939769544754770.dir: [37]
    ------------------------------------------------
    Total:

B:\cyt4\Seekfree_CYT4BB_Opensource_Library\project\iar\Debug_m7_0\Obj\sysreghc_17676636058511625587.dir: [38]
    ------------------------------------------------
    Total:

B:\cyt4\Seekfree_CYT4BB_Opensource_Library\project\iar\Debug_m7_0\Obj\sysreset_14586141425677365288.dir: [39]
    ------------------------------------------------
    Total:

B:\cyt4\Seekfree_CYT4BB_Opensource_Library\project\iar\Debug_m7_0\Obj\sysrtc_10747768817563771611.dir: [40]
    ------------------------------------------------
    Total:

B:\cyt4\Seekfree_CYT4BB_Opensource_Library\project\iar\Debug_m7_0\Obj\systick_16016591671695740695.dir: [41]
    ------------------------------------------------
    Total:

B:\cyt4\Seekfree_CYT4BB_Opensource_Library\project\iar\Debug_m7_0\Obj\syswdt_9118657615806274156.dir: [42]
    ------------------------------------------------
    Total:

B:\cyt4\Seekfree_CYT4BB_Opensource_Library\project\iar\Debug_m7_0\Obj\tcpwm_422923530147891246.dir: [43]
    cy_tcpwm.o                  12
    cy_tcpwm_counter.o         430       20
    cy_tcpwm_pwm.o             522       28
    cy_tcpwm_quaddec.o           8
    ------------------------------------------------
    Total:                     972       48

B:\cyt4\Seekfree_CYT4BB_Opensource_Library\project\iar\Debug_m7_0\Obj\trigmux_9729677290734583340.dir: [44]
    ------------------------------------------------
    Total:

B:\cyt4\Seekfree_CYT4BB_Opensource_Library\project\iar\Debug_m7_0\Obj\user_8514941877209965082.dir: [45]
    cm7_0_isr.o                572                16
    main_cm7_0.o                40
    ------------------------------------------------
    Total:                     612                16

B:\cyt4\Seekfree_CYT4BB_Opensource_Library\project\iar\Debug_m7_0\Obj\zf_common_1201165462030747823.dir: [46]
    zf_common_clock.o           28                 4
    zf_common_debug.o        1'108      120      112
    zf_common_fifo.o         1'280       80
    zf_common_interrupt.o      226                 4
    ------------------------------------------------
    Total:                   2'642      200      120

B:\cyt4\Seekfree_CYT4BB_Opensource_Library\project\iar\Debug_m7_0\Obj\zf_components_14936052685886095442.dir: [47]
    ------------------------------------------------
    Total:

B:\cyt4\Seekfree_CYT4BB_Opensource_Library\project\iar\Debug_m7_0\Obj\zf_device_6570275422786408770.dir: [48]
    zf_device_gnss.o           276               413
    zf_device_imu660ra.o       436      137       36
    zf_device_key.o            268       88       32
    zf_device_tsl1401.o        124               514
    zf_device_type.o             2                 4
    ------------------------------------------------
    Total:                   1'106      225      999

B:\cyt4\Seekfree_CYT4BB_Opensource_Library\project\iar\Debug_m7_0\Obj\zf_driver_11922370083829174090.dir: [49]
    zf_driver_adc.o            116        1       84
    zf_driver_delay.o          644        1        3
    zf_driver_encoder.o      1'028       86       28
    zf_driver_gpio.o           380
    zf_driver_pit.o            920        6       60
    zf_driver_pwm.o          3'608       80
    zf_driver_soft_iic.o     1'800       84
    zf_driver_uart.o         2'376       85      464
    ------------------------------------------------
    Total:                  10'872      343      639

dl7M_tln.a: [50]
    abort.o                      6
    exit.o                       4
    iar_Stoflt.o               424
    iar_Stollx.o               170
    iar_Stopfx.o               288
    iar_Stoullx.o              422       80
    iar_Stoxflt.o              524
    printf.o                    40
    putchar.o                   32
    sprintf.o                   64
    sscanf.o                    40
    strncmp.o                   42
    xfail_s.o                   64                 4
    xprintffull_nomb.o       3'758
    xprout.o                    22
    xscanffull_nomb.o        3'428       76
    xsprout.o                   10
    xsscin.o                    30
    ------------------------------------------------
    Total:                   9'368      156        4

m7M_tlv.a: [51]
    DblCmpGe.o                  52
    DblCmpLe.o                  52
    DblDiv.o                    18
    DblMul.o                    18
    DblSub.o                    18
    DblToFlt.o                  14
    DblToS32.o                  14
    DblToU32.o                  14
    S32ToDbl.o                  14
    U32ToDbl.o                  14
    U64ToFlt.o                  72
    atan2f.o                   106
    cos_sin32.o                468
    fmaxf.o                     44
    fpinit_M.o                  34
    frexp.o                    136
    ldexp.o                    260
    math_wrappers64.o           14
    sqrtf.o                     30
    strto64.o                  708       72
    xatanf.o                   164
    ------------------------------------------------
    Total:                   2'264       72

rt7M_tl.a: [52]
    ABImemclr4.o                 6
    ABImemcpy.o                166
    ABImemset.o                102
    ABImemset48.o               50
    I64DivMod.o                560
    I64DivZer.o                  2
    cexit.o                     10
    cmain.o                     30
    cstartup_M.o                28
    data_init.o                 40
    lz77_init_single.o         126
    memchr.o                    88
    strchr.o                    22
    strlen.o                    54
    strncpy.o                  112
    zero_init3.o                56
    ------------------------------------------------
    Total:                   1'452

shb_l.a: [53]
    exit.o                      20
    ------------------------------------------------
    Total:                      20

zf_device_config.a: [54]
    zf_device_config.o                8'192
    ------------------------------------------------
    Total:                            8'192

    Gaps                        44        6        4
    Linker created                       32    8'192
----------------------------------------------------
    Grand Total:            41'992   10'313   13'235


*******************************************************************************
*** ENTRY LIST
***

Entry                       Address    Size  Type      Object
-----                       -------    ----  ----      ------
.iar.init_table$$Base   0x1008'c81c           --   Gb  - Linker created -
.iar.init_table$$Limit  0x1008'c83c           --   Gb  - Linker created -
?main                   0x1008'c8c1          Code  Gb  cmain.o [52]
Angle_Init              0x1008'7769    0x80  Code  Gb  motor.o [5]
AntiSlipControl         0x1008'7a95   0x186  Code  Gb  motor.o [5]
Balance_Control         0x1008'8069    0xf2  Code  Gb  motor.o [5]
Balance_Control::cnt    0x2802'132b     0x1  Data  Lc  motor.o [5]
BusFault_Handler        0x1008'cb69          Code  Wk  startup_cm7.o [31]
CSTACK$$Base            0x2807'e000           --   Gb  - Linker created -
CSTACK$$Limit           0x2808'0000           --   Gb  - Linker created -
CopyVectorTable         0x1008'bcc1    0x34  Code  Lc  startup.o [31]
CpuUserInt0_Handler     0x1008'bea3    0x26  Code  Gb  cy_interrupt_map.o [23]
CpuUserInt10_Handler    0x1008'cb85          Code  Wk  startup_cm7.o [31]
CpuUserInt11_Handler    0x1008'cb89          Code  Wk  startup_cm7.o [31]
CpuUserInt12_Handler    0x1008'cb8d          Code  Wk  startup_cm7.o [31]
CpuUserInt13_Handler    0x1008'cb91          Code  Wk  startup_cm7.o [31]
CpuUserInt14_Handler    0x1008'cb95          Code  Wk  startup_cm7.o [31]
CpuUserInt15_Handler    0x1008'cb99          Code  Wk  startup_cm7.o [31]
CpuUserInt1_Handler     0x1008'bec9    0x26  Code  Gb  cy_interrupt_map.o [23]
CpuUserInt2_Handler     0x1008'beef    0x26  Code  Gb  cy_interrupt_map.o [23]
CpuUserInt3_Handler     0x1008'bf15    0x26  Code  Gb  cy_interrupt_map.o [23]
CpuUserInt4_Handler     0x1008'bf3b    0x26  Code  Gb  cy_interrupt_map.o [23]
CpuUserInt5_Handler     0x1008'bf61    0x26  Code  Gb  cy_interrupt_map.o [23]
CpuUserInt6_Handler     0x1008'bf87    0x26  Code  Gb  cy_interrupt_map.o [23]
CpuUserInt7_Handler     0x1008'bfad    0x26  Code  Gb  cy_interrupt_map.o [23]
CpuUserInt8_Handler     0x1008'cb7d          Code  Wk  startup_cm7.o [31]
CpuUserInt9_Handler     0x1008'cb81          Code  Wk  startup_cm7.o [31]
Cy_DefaultUserHandler   0x1008'bea1     0x2  Code  Gb  cy_interrupt_map.o [23]
Cy_GPIO_ClearInterrupt  0x1008'49bb     0xe  Code  Lc  cy_gpio.o [14]
Cy_GPIO_Clr             0x1008'83d5     0xa  Code  Lc  zf_driver_gpio.o [49]
Cy_GPIO_Pin_Init        0x1008'49ff    0x72  Code  Gb  cy_gpio.o [14]
Cy_GPIO_Read            0x1008'83c1     0xa  Code  Lc  zf_driver_gpio.o [49]
Cy_GPIO_Set             0x1008'83cb     0xa  Code  Lc  zf_driver_gpio.o [49]
Cy_GPIO_SetDriveSel     0x1008'499d    0x1e  Code  Lc  cy_gpio.o [14]
Cy_GPIO_SetDrivemode    0x1008'494d    0x1c  Code  Lc  cy_gpio.o [14]
Cy_GPIO_SetDrivemode    0x1008'83df    0x1c  Code  Lc  zf_driver_gpio.o [49]
Cy_GPIO_SetHSIOM        0x1008'48e9    0x4c  Code  Lc  cy_gpio.o [14]
Cy_GPIO_SetInterruptEdge
                        0x1008'49e3    0x1c  Code  Lc  cy_gpio.o [14]
Cy_GPIO_SetInterruptMask
                        0x1008'49c9    0x1a  Code  Lc  cy_gpio.o [14]
Cy_GPIO_SetSlewRate     0x1008'4983    0x1a  Code  Lc  cy_gpio.o [14]
Cy_GPIO_SetVtrip        0x1008'4969    0x1a  Code  Lc  cy_gpio.o [14]
Cy_GPIO_Write           0x1008'4935    0x18  Code  Lc  cy_gpio.o [14]
Cy_RestoreIRQ           0x1008'be7d          Code  Gb  startup_cm7.o [31]
Cy_SCB_ClearRxInterrupt
                        0x1008'4e65     0xa  Code  Lc  zf_driver_uart.o [49]
Cy_SCB_ClearTxInterrupt
                        0x1008'4e7b     0xa  Code  Lc  zf_driver_uart.o [49]
Cy_SCB_GetNumInRxFifo   0x1008'4e3f     0xa  Code  Lc  zf_driver_uart.o [49]
Cy_SCB_GetNumInTxFifo   0x1008'4e4f     0xa  Code  Lc  zf_driver_uart.o [49]
Cy_SCB_GetRxInterruptMask
                        0x1008'4e5f     0x6  Code  Lc  zf_driver_uart.o [49]
Cy_SCB_GetTxInterruptMask
                        0x1008'4e75     0x6  Code  Lc  zf_driver_uart.o [49]
Cy_SCB_ReadRxFifo       0x1008'4e39     0x6  Code  Lc  zf_driver_uart.o [49]
Cy_SCB_SetRxInterruptMask
                        0x1008'4e59     0x6  Code  Lc  zf_driver_uart.o [49]
Cy_SCB_SetTxInterruptMask
                        0x1008'4e6f     0x6  Code  Lc  zf_driver_uart.o [49]
Cy_SCB_UART_DeInit      0x1008'5e8d    0x5c  Code  Gb  cy_scb_uart.o [24]
Cy_SCB_UART_Enable      0x1008'4e85     0xa  Code  Lc  zf_driver_uart.o [49]
Cy_SCB_UART_Init        0x1008'5c09   0x284  Code  Gb  cy_scb_uart.o [24]
Cy_SCB_WriteTxFifo      0x1008'4e49     0x6  Code  Lc  zf_driver_uart.o [49]
Cy_SaveIRQ              0x1008'be75          Code  Gb  startup_cm7.o [31]
Cy_SysClk_CheckDividerExisting
                        0x1008'9459    0x2a  Code  Lc  zf_driver_delay.o [49]
Cy_SysClk_CheckDividerExisting
                        0x1008'ade9    0x2c  Code  Lc  zf_driver_encoder.o [49]
Cy_SysClk_CheckDividerExisting
                        0x1008'b1f5    0x2c  Code  Lc  zf_driver_pit.o [49]
Cy_SysClk_CheckDividerExisting
                        0x1008'3615    0x2c  Code  Lc  zf_driver_pwm.o [49]
Cy_SysClk_CheckDividerExisting
                        0x1008'4c95    0x2c  Code  Lc  zf_driver_uart.o [49]
Cy_SysClk_ClkPathGetSource
                        0x1008'9aa5    0x54  Code  Gb  cy_sysclk.o [33]
Cy_SysClk_EcoGetStatus  0x1008'9931    0x1a  Code  Lc  cy_sysclk.o [33]
Cy_SysClk_Fast0ClkGetDivider
                        0x1008'9a79    0x16  Code  Lc  cy_sysclk.o [33]
Cy_SysClk_Fast1ClkGetDivider
                        0x1008'9a8f    0x16  Code  Lc  cy_sysclk.o [33]
Cy_SysClk_FllGetConfiguration
                        0x1008'9b01    0x7e  Code  Gb  cy_sysclk.o [33]
Cy_SysClk_FllGetLockStatus
                        0x1008'994b     0xc  Code  Lc  cy_sysclk.o [33]
Cy_SysClk_GetClockGroup
                        0x1008'9501     0x8  Code  Lc  zf_driver_delay.o [49]
Cy_SysClk_GetClockGroup
                        0x1008'ae97     0x8  Code  Lc  zf_driver_encoder.o [49]
Cy_SysClk_GetClockGroup
                        0x1008'b2a3     0x8  Code  Lc  zf_driver_pit.o [49]
Cy_SysClk_GetClockGroup
                        0x1008'36c3     0x8  Code  Lc  zf_driver_pwm.o [49]
Cy_SysClk_GetClockGroup
                        0x1008'4d79     0x8  Code  Lc  zf_driver_uart.o [49]
Cy_SysClk_GetCoreFrequency
                        0x1008'a1c5    0x2a  Code  Gb  cy_sysclk.o [33]
Cy_SysClk_GetEcoFrequency
                        0x1008'9ccd    0x32  Code  Gb  cy_sysclk.o [33]
Cy_SysClk_GetExtFrequency
                        0x1008'9d01    0x1e  Code  Gb  cy_sysclk.o [33]
Cy_SysClk_GetFast0Frequency
                        0x1008'a119    0x56  Code  Gb  cy_sysclk.o [33]
Cy_SysClk_GetFast1Frequency
                        0x1008'a16f    0x56  Code  Gb  cy_sysclk.o [33]
Cy_SysClk_GetFllInputFrequency
                        0x1008'9e21     0xc  Code  Gb  cy_sysclk.o [33]
Cy_SysClk_GetFllOutputFrequency
                        0x1008'9e49    0x78  Code  Gb  cy_sysclk.o [33]
Cy_SysClk_GetHfClkFrequency
                        0x1008'a09b    0x7a  Code  Gb  cy_sysclk.o [33]
Cy_SysClk_GetIlo0Frequency
                        0x1008'9d1f    0x32  Code  Gb  cy_sysclk.o [33]
Cy_SysClk_GetIlo1Frequency
                        0x1008'9d51    0x32  Code  Gb  cy_sysclk.o [33]
Cy_SysClk_GetImoFrequency
                        0x1008'9c9b    0x32  Code  Gb  cy_sysclk.o [33]
Cy_SysClk_GetPathFrequency
                        0x1008'a069    0x32  Code  Gb  cy_sysclk.o [33]
Cy_SysClk_GetPathSourceFrequency
                        0x1008'9dbd    0x64  Code  Gb  cy_sysclk.o [33]
Cy_SysClk_GetPll400MNo  0x1008'9995    0x14  Code  Lc  cy_sysclk.o [33]
Cy_SysClk_GetPllInputFrequency
                        0x1008'9e2d    0x1c  Code  Gb  cy_sysclk.o [33]
Cy_SysClk_GetPllNo      0x1008'9959    0x12  Code  Lc  cy_sysclk.o [33]
Cy_SysClk_GetPllOutputFrequency
                        0x1008'9ec5   0x1a0  Code  Gb  cy_sysclk.o [33]
Cy_SysClk_GetWcoFrequency
                        0x1008'9d83    0x32  Code  Gb  cy_sysclk.o [33]
Cy_SysClk_HfClockGetDivider
                        0x1008'9a37    0x42  Code  Lc  cy_sysclk.o [33]
Cy_SysClk_HfClockGetSource
                        0x1008'99e3    0x54  Code  Lc  cy_sysclk.o [33]
Cy_SysClk_InitGetFreqParams
                        0x1008'9c81    0x1a  Code  Gb  cy_sysclk.o [33]
Cy_SysClk_PeriphAssignDivider
                        0x1008'9509    0x68  Code  Lc  zf_driver_delay.o [49]
Cy_SysClk_PeriphAssignDivider
                        0x1008'ae9f    0x6a  Code  Lc  zf_driver_encoder.o [49]
Cy_SysClk_PeriphAssignDivider
                        0x1008'b2ab    0x68  Code  Lc  zf_driver_pit.o [49]
Cy_SysClk_PeriphAssignDivider
                        0x1008'36cb    0x6a  Code  Lc  zf_driver_pwm.o [49]
Cy_SysClk_PeriphAssignDivider
                        0x1008'4d81    0x6a  Code  Lc  zf_driver_uart.o [49]
Cy_SysClk_PeriphEnableDivider
                        0x1008'9571    0x4c  Code  Lc  zf_driver_delay.o [49]
Cy_SysClk_PeriphEnableDivider
                        0x1008'af09    0x4e  Code  Lc  zf_driver_encoder.o [49]
Cy_SysClk_PeriphEnableDivider
                        0x1008'b313    0x4c  Code  Lc  zf_driver_pit.o [49]
Cy_SysClk_PeriphEnableDivider
                        0x1008'3735    0x4e  Code  Lc  zf_driver_pwm.o [49]
Cy_SysClk_PeriphEnableDivider
                        0x1008'4deb    0x4e  Code  Lc  zf_driver_uart.o [49]
Cy_SysClk_PeriphSetDivider
                        0x1008'9483    0x7e  Code  Lc  zf_driver_delay.o [49]
Cy_SysClk_PeriphSetDivider
                        0x1008'ae15    0x82  Code  Lc  zf_driver_encoder.o [49]
Cy_SysClk_PeriphSetDivider
                        0x1008'b221    0x82  Code  Lc  zf_driver_pit.o [49]
Cy_SysClk_PeriphSetDivider
                        0x1008'3641    0x82  Code  Lc  zf_driver_pwm.o [49]
Cy_SysClk_PeriphSetFracDivider
                        0x1008'4cc1    0xb8  Code  Lc  zf_driver_uart.o [49]
Cy_SysClk_Pll400MGetConfiguration
                        0x1008'9bed    0x84  Code  Gb  cy_sysclk.o [33]
Cy_SysClk_Pll400MGetLockStatus
                        0x1008'99a9    0x2a  Code  Lc  cy_sysclk.o [33]
Cy_SysClk_PllGetConfiguration
                        0x1008'9b99    0x48  Code  Gb  cy_sysclk.o [33]
Cy_SysClk_PllGetLockStatus
                        0x1008'996b    0x28  Code  Lc  cy_sysclk.o [33]
Cy_SysClk_WcoOkay       0x1008'99d5     0xe  Code  Lc  cy_sysclk.o [33]
Cy_SysInt_InitIRQ       0x1008'5f1d    0x7e  Code  Gb  cy_sysint.o [35]
Cy_SysInt_SetSystemIrqVector
                        0x1008'5f9b    0x12  Code  Gb  cy_sysint.o [35]
Cy_SysInt_SystemIrqUserTableRamPointer
                        0x2802'06ec     0x4  Data  Gb  cy_interrupt_map.o [23]
Cy_SysLib_DelayCycles   0x1008'c8a1          Code  Gb  cy_syslib_iar.o [36]
Cy_SysLib_EnterCriticalSection
                        0x1008'c8b1          Code  Gb  cy_syslib_iar.o [36]
Cy_SysLib_ExitCriticalSection
                        0x1008'c8b9          Code  Gb  cy_syslib_iar.o [36]
Cy_SysLib_FaultHandler  0x1008'a28d    0x90  Code  Gb  cy_syslib.o [36]
Cy_SysLib_Halt          0x1008'a289     0x4  Code  Gb  cy_syslib.o [36]
Cy_SysLib_ProcessingFault
                        0x1008'a331     0x2  Code  Wk  cy_syslib.o [36]
Cy_SysLib_SvcHandler    0x1008'cab5     0xc  Code  Wk  cy_syslib.o [36]
Cy_SystemInitFpuEnable  0x1008'be15    0x1e  Code  Gb  system_tviibh4m_cm7.o [22]
Cy_SystemIrqUserTable   0x2802'0000   0x6ec  Data  Gb  cy_interrupt_map.o [23]
Cy_Tcpwm_Counter_ClearTC_Intr
                        0x1008'991f    0x10  Code  Gb  cy_tcpwm_counter.o [43]
Cy_Tcpwm_Counter_Enable
                        0x1008'9901     0xa  Code  Gb  cy_tcpwm_counter.o [43]
Cy_Tcpwm_Counter_GetCounter
                        0x1008'990f     0x4  Code  Gb  cy_tcpwm_counter.o [43]
Cy_Tcpwm_Counter_Init   0x1008'9781   0x16c  Code  Gb  cy_tcpwm_counter.o [43]
Cy_Tcpwm_Counter_SetCounter
                        0x1008'990b     0x4  Code  Gb  cy_tcpwm_counter.o [43]
Cy_Tcpwm_Counter_SetTC_IntrMask
                        0x1008'9913     0xc  Code  Gb  cy_tcpwm_counter.o [43]
Cy_Tcpwm_Pwm_Enable     0x1008'4c7d     0xa  Code  Gb  cy_tcpwm_pwm.o [43]
Cy_Tcpwm_Pwm_Init       0x1008'4a7d   0x1e4  Code  Gb  cy_tcpwm_pwm.o [43]
Cy_Tcpwm_QuadDec_GetCounter
                        0x1008'b1f1     0x4  Code  Gb  cy_tcpwm_quaddec.o [43]
Cy_Tcpwm_QuadDec_SetCounter
                        0x1008'b1ed     0x4  Code  Gb  cy_tcpwm_quaddec.o [43]
Cy_Tcpwm_TriggerStart   0x1008'4c87     0xc  Code  Gb  cy_tcpwm.o [43]
Cy_u32StartupStackEndAddress
                        0x1008'c1c8          Data  Gb  startup_cm7.o [31]
Cy_u32StartupStackStartAddress
                        0x1008'c1c4          Data  Gb  startup_cm7.o [31]
DebugMon_Handler        0x1008'cb71          Code  Wk  startup_cm7.o [31]
Dtentox                 0x1008'6fd1   0x1a0  Code  Lc  strto64.o [51]
Encoder_Data_Get        0x1008'b7f5    0xec  Code  Gb  Encoder.o [5]
Encoder_Init            0x1008'b7c9    0x2c  Code  Gb  Encoder.o [5]
GetPositionErrorX       0x1008'85af     0x8  Code  Gb  HC06_Driver.o [5]
GetPositionErrorY       0x1008'85b7     0x8  Code  Gb  HC06_Driver.o [5]
HC06_Init               0x1008'855f    0x32  Code  Gb  HC06_Driver.o [5]
HC06_SendDroneCmd       0x1008'8633    0x22  Code  Gb  HC06_Driver.o [5]
HC06_Task               0x1008'85bf    0x74  Code  Gb  HC06_Driver.o [5]
HC06_UART_RX_Handler    0x1008'853d    0x22  Code  Gb  HC06_Driver.o [5]
HEAP_STACK$$Base        0x2807'e000           --   Gb  - Linker created -
HEAP_STACK$$Limit       0x2808'0000           --   Gb  - Linker created -
HardFault_Handler       0x1008'c85d          Code  Wk  startup_cm7.o [31]
InertialNav_KeyHandler  0x1008'a58d   0x1da  Code  Gb  inertial_nav.o [5]
InertialNav_Update      0x1008'a825   0x22c  Code  Gb  inertial_nav.o [5]
InitRamEcc              0x1008'bbaf   0x100  Code  Lc  startup.o [31]
InitRamEccClearArea     0x1008'bcaf    0x12  Code  Lc  startup.o [31]
Init_all                0x1008'c5f1    0x48  Code  Gb  init.o [5]
KeyTask_Handler         0x1008'c063    0x90  Code  Gb  key_task.o [5]
KeyTask_Init            0x1008'c01d    0x46  Code  Gb  key_task.o [5]
LinearVelocity_To_EncoderPulses
                        0x1008'7cb9     0xc  Code  Gb  motor.o [5]
LinearVelocity_To_WheelRPM
                        0x1008'7c81    0x12  Code  Gb  motor.o [5]
Mecanum_Move            0x1008'7fd9    0x78  Code  Gb  motor.o [5]
MemManage_Handler       0x1008'cb65          Code  Wk  startup_cm7.o [31]
Motor_Enable_PID        0x1008'7ce5    0x4e  Code  Gb  motor.o [5]
Motor_Init              0x1008'77e9   0x1a2  Code  Gb  motor.o [5]
Motor_PID_Control_All   0x1008'7dbd   0x218  Code  Gb  motor.o [5]
Motor_SetSpeed          0x1008'7c1b    0x50  Code  Gb  motor.o [5]
Motor_SetTargetSpeed_All
                        0x1008'7d39    0x6c  Code  Gb  motor.o [5]
My_Imu660ra_GetPitch    0x1008'89dd     0x8  Code  Gb  My_imu660ra.o [5]
My_Imu660ra_GetRoll     0x1008'89e5     0x8  Code  Gb  My_imu660ra.o [5]
My_Imu660ra_GetYaw      0x1008'89d5     0x8  Code  Gb  My_imu660ra.o [5]
My_Imu660ra_ResetYaw    0x1008'89c5     0x8  Code  Gb  My_imu660ra.o [5]
My_Imu660ra_Update      0x1008'86ad   0x314  Code  Gb  My_imu660ra.o [5]
NMI_Handler             0x1008'cb61          Code  Wk  startup_cm7.o [31]
PID_Calculate           0x1008'8229   0x15a  Code  Gb  Pid.o [5]
PID_Enable              0x1008'8217    0x12  Code  Gb  Pid.o [5]
PID_Init                0x1008'81c5    0x3c  Code  Gb  Pid.o [5]
PID_Reset               0x1008'83a9    0x16  Code  Gb  Pid.o [5]
PID_SetIntegralLimit    0x1008'820b     0x6  Code  Gb  Pid.o [5]
PID_SetLimit            0x1008'8201     0xa  Code  Gb  Pid.o [5]
PID_SetTarget           0x1008'8211     0x6  Code  Gb  Pid.o [5]
ParseFrameData          0x1008'8591    0x1e  Code  Gb  HC06_Driver.o [5]
PendSV_Handler          0x1008'cb75          Code  Wk  startup_cm7.o [31]
PositionControl_Init    0x1008'79a5    0x88  Code  Gb  motor.o [5]
PositionControl_Update  0x1008'7a31    0x48  Code  Gb  motor.o [5]
Region$$Table$$Base     0x1008'c81c           --   Gb  - Linker created -
Region$$Table$$Limit    0x1008'c83c           --   Gb  - Linker created -
Reset_Handler           0x1008'c11d          Code  Wk  startup_cm7.o [31]
SVC_Handler             0x1008'c981          Code  Wk  startup_cm7.o [31]
Startup_Init            0x1008'bb21    0x8e  Code  Gb  startup.o [31]
SysTick_Handler         0x1008'cb79          Code  Wk  startup_cm7.o [31]
SystemCoreClock         0x2802'12e4     0x4  Data  Gb  system_tviibh4m_cm7.o [22]
SystemCoreClockUpdate   0x1008'bd81    0x94  Code  Gb  system_tviibh4m_cm7.o [22]
SystemInit              0x1008'bd25    0x5c  Code  Gb  system_tviibh4m_cm7.o [22]
UsageFault_Handler      0x1008'cb6d          Code  Wk  startup_cm7.o [31]
WheelRPM_To_EncoderPulses
                        0x1008'7c95    0x1a  Code  Gb  motor.o [5]
_Get                    0x1008'5ffd    0x12  Code  Lc  xscanffull_nomb.o [50]
_GetN                   0x1008'600f    0x22  Code  Lc  xscanffull_nomb.o [50]
_GetstrFullNoMb         0x1008'6b45   0x1a8  Code  Lc  xscanffull_nomb.o [50]
_LC                     0x1008'2081     0x6  Code  Lc  xprintffull_nomb.o [50]
_LitobFullNoMb          0x1008'2d4d   0x114  Code  Lc  xprintffull_nomb.o [50]
_PrintfFullNoMb         0x1008'2087   0xc98  Code  Gb  xprintffull_nomb.o [50]
_Prout                  0x1008'ca31    0x16  Code  Gb  xprout.o [50]
_PutcharsFullNoMb       0x1008'2eb9    0x2e  Code  Lc  xprintffull_nomb.o [50]
_SProut                 0x1008'3057     0xa  Code  Gb  xsprout.o [50]
_SScin                  0x1008'2fc3    0x1e  Code  Gb  xsscin.o [50]
_ScanfFullNoMb          0x1008'604d   0xaa4  Code  Gb  xscanffull_nomb.o [50]
_UngetN                 0x1008'6031    0x1a  Code  Lc  xscanffull_nomb.o [50]
__NVIC_ClearPendingIRQ  0x1008'be85    0x1c  Code  Lc  cy_interrupt_map.o [23]
__NVIC_ClearPendingIRQ  0x1008'5b39    0x1c  Code  Lc  zf_common_interrupt.o [46]
__NVIC_EnableIRQ        0x1008'5b1d    0x1c  Code  Lc  zf_common_interrupt.o [46]
__NVIC_SetPriority      0x1008'5b55    0x24  Code  Lc  zf_common_interrupt.o [46]
__Vectors               0x1008'0000           --   Gb  startup_cm7.o [31]
__Vectors_End           0x1008'0080          Data  Gb  startup_cm7.o [31]
__Vectors_Size {Abs}           0x80           --   Gb  startup_cm7.o [31]
__aeabi_cdcmple         0x1008'31e9          Code  Gb  DblCmpLe.o [51]
__aeabi_cdrcmple        0x1008'321d          Code  Gb  DblCmpGe.o [51]
__aeabi_d2f             0x1008'6d6f     0xe  Code  Gb  DblToFlt.o [51]
__aeabi_d2iz            0x1008'3355     0xe  Code  Gb  DblToS32.o [51]
__aeabi_d2uiz           0x1008'3395     0xe  Code  Gb  DblToU32.o [51]
__aeabi_ddiv            0x1008'3383    0x12  Code  Gb  DblDiv.o [51]
__aeabi_dmul            0x1008'33b1    0x12  Code  Gb  DblMul.o [51]
__aeabi_dsub            0x1008'3371    0x12  Code  Gb  DblSub.o [51]
__aeabi_i2d             0x1008'3363     0xe  Code  Gb  S32ToDbl.o [51]
__aeabi_ldiv0           0x1008'35fd          Code  Gb  I64DivZer.o [52]
__aeabi_memclr4         0x1008'5c01          Code  Gb  ABImemclr4.o [52]
__aeabi_memcpy          0x1008'30b9          Code  Gb  ABImemcpy.o [52]
__aeabi_memcpy4         0x1008'30d9          Code  Gb  ABImemcpy.o [52]
__aeabi_memcpy8         0x1008'30d9          Code  Gb  ABImemcpy.o [52]
__aeabi_memset          0x1008'4881          Code  Gb  ABImemset.o [52]
__aeabi_ui2d            0x1008'33a3     0xe  Code  Gb  U32ToDbl.o [51]
__aeabi_ul2f            0x1008'8aa1          Code  Gb  U64ToFlt.o [51]
__aeabi_uldivmod        0x1008'33c5          Code  Gb  I64DivMod.o [52]
__cmain                 0x1008'c8c1          Code  Gb  cmain.o [52]
__ecc_init_dtcm_end_address {Abs}
                        0x2000'3fff          Data  Gb  <internal module>
__ecc_init_dtcm_start_address {Abs}
                        0x2000'0000          Data  Gb  <internal module>
__ecc_init_itcm_end_address {Abs}
                             0x3fff          Data  Gb  <internal module>
__ecc_init_itcm_start_address {Abs}
                                0x0          Data  Gb  <internal module>
__ecc_init_sram_end_address {Abs}
                        0x2807'ffff          Data  Gb  <internal module>
__ecc_init_sram_start_address {Abs}
                        0x2802'0000          Data  Gb  <internal module>
__exit                  0x1008'3601    0x14  Code  Gb  exit.o [53]
__iar_Fail_s            0x1008'2fe1    0x1c  Code  Gb  xfail_s.o [50]
__iar_Memchr            0x1008'3061          Code  Gb  memchr.o [52]
__iar_Memset            0x1008'4881          Code  Gb  ABImemset.o [52]
__iar_Memset4_word      0x1008'5fc9          Code  Gb  ABImemset48.o [52]
__iar_Memset8_word      0x1008'5fc9          Code  Gb  ABImemset48.o [52]
__iar_Memset_word       0x1008'4889          Code  Gb  ABImemset.o [52]
__iar_Sin32             0x1008'ac15   0x18c  Code  Lc  cos_sin32.o [51]
__iar_Sto64             0x1008'7171    0xec  Code  Gb  strto64.o [51]
__iar_Stoflt            0x1008'73b5   0x1a8  Code  Gb  iar_Stoflt.o [50]
__iar_Stollx            0x1008'6f25    0xa4  Code  Gb  iar_Stollx.o [50]
__iar_Stopfx            0x1008'7295   0x120  Code  Gb  iar_Stopfx.o [50]
__iar_Stoullx           0x1008'6d7d   0x19a  Code  Gb  iar_Stoullx.o [50]
__iar_Stoxflt           0x1008'755d   0x1d6  Code  Gb  iar_Stoxflt.o [50]
__iar_Stoxflt::digits   0x1008'7738    0x18  Data  Lc  iar_Stoxflt.o [50]
__iar_Stoxflt::vals     0x1008'7750    0x18  Data  Lc  iar_Stoxflt.o [50]
__iar_Strchr            0x1008'2fad          Code  Gb  strchr.o [52]
__iar_atan2_32          0x1008'8ce5          Code  Gb  atan2f.o [51]
__iar_cos32             0x1008'ade1     0x4  Code  Gb  cos_sin32.o [51]
__iar_cos_medium32      0x1008'ade1     0x4  Code  Gb  cos_sin32.o [51]
__iar_cos_mediumf       0x1008'ade1     0x4  Code  Gb  cos_sin32.o [51]
__iar_data_init3        0x1008'c7ad    0x28  Code  Gb  data_init.o [52]
__iar_fmax32            0x1008'8681          Code  Gb  fmaxf.o [51]
__iar_frexp             0x1008'3185          Code  Gb  frexp.o [51]
__iar_frexp64           0x1008'3161          Code  Gb  frexp.o [51]
__iar_frexpl            0x1008'3185          Code  Gb  frexp.o [51]
__iar_init_vfp          0x1008'c7f9          Code  Gb  fpinit_M.o [51]
__iar_ldexp64           0x1008'3265          Code  Gb  ldexp.o [51]
__iar_lz77_init_single3
                        0x1008'2f2f    0x7e  Code  Gb  lz77_init_single.o [52]
__iar_program_start     0x1008'c99d          Code  Gb  cstartup_M.o [52]
[...]
fifo_read_buffer        0x1008'593d   0x1a0  Code  Gb  zf_common_fifo.o [46]
fifo_read_element       0x1008'5887    0xb6  Code  Gb  zf_common_fifo.o [46]
fifo_used               0x1008'56c5    0x22  Code  Gb  zf_common_fifo.o [46]
fifo_write_buffer       0x1008'56e7   0x1a0  Code  Gb  zf_common_fifo.o [46]
fmaxf                   0x1008'8681          Code  Gb  fmaxf.o [51]
frame_buffer            0x2802'1118    0x20  Data  Lc  HC06_Driver.o [5]
frame_idx               0x2802'1322     0x1  Data  Lc  HC06_Driver.o [5]
frame_state             0x2802'1321     0x1  Data  Lc  HC06_Driver.o [5]
frexp                   0x1008'3161          Code  Gb  frexp.o [51]
frexpl                  0x1008'3161          Code  Gb  frexp.o [51]
get_ch1_hsiom           0x1008'af7d    0x26  Code  Lc  zf_driver_encoder.o [49]
get_ch1_pin             0x1008'af57    0x26  Code  Lc  zf_driver_encoder.o [49]
get_ch2_pin             0x1008'afa3    0x26  Code  Lc  zf_driver_encoder.o [49]
get_pwm_ch              0x1008'3e5d   0x368  Code  Lc  zf_driver_pwm.o [49]
get_pwm_pin             0x1008'3783   0x368  Code  Lc  zf_driver_pwm.o [49]
get_pwm_pin_hsiom       0x1008'3aeb   0x36a  Code  Lc  zf_driver_pwm.o [49]
get_uart_config         0x1008'4f0f   0x208  Code  Lc  zf_driver_uart.o [49]
gnss_flag               0x2802'132f     0x1  Data  Gb  zf_device_gnss.o [48]
gnss_gga_state          0x2802'1331     0x1  Data  Lc  zf_device_gnss.o [48]
gnss_receiver_fifo      0x2802'11c8    0x18  Data  Lc  zf_device_gnss.o [48]
gnss_rmc_state          0x2802'1332     0x1  Data  Lc  zf_device_gnss.o [48]
gnss_state              0x2802'1330     0x1  Data  Lc  zf_device_gnss.o [48]
gnss_ths_state          0x2802'1333     0x1  Data  Lc  zf_device_gnss.o [48]
gnss_uart_callback      0x1008'b96d    0xe2  Code  Gb  zf_device_gnss.o [48]
gpio_get_level          0x1008'843f    0x22  Code  Gb  zf_driver_gpio.o [49]
gpio_init               0x1008'84af    0x88  Code  Gb  zf_driver_gpio.o [49]
gpio_set_dir            0x1008'8461    0x4e  Code  Gb  zf_driver_gpio.o [49]
gpio_set_level          0x1008'83fb    0x44  Code  Gb  zf_driver_gpio.o [49]
gps_gga_buffer          0x2802'0b24    0x80  Data  Lc  zf_device_gnss.o [48]
gps_rmc_buffer          0x2802'0ba4    0x80  Data  Lc  zf_device_gnss.o [48]
gps_ths_buffer          0x2802'0c24    0x80  Data  Lc  zf_device_gnss.o [48]
gx_bias                 0x2802'12c4     0x4  Data  Lc  My_imu660ra.o [5]
gy_bias                 0x2802'12c8     0x4  Data  Lc  My_imu660ra.o [5]
gyro_z_lpf              0x2802'12dc     0x4  Data  Lc  My_imu660ra.o [5]
gyro_z_offset           0x2802'12e0     0x4  Data  Lc  My_imu660ra.o [5]
gz_bias                 0x2802'12cc     0x4  Data  Lc  My_imu660ra.o [5]
imu660_ax               0x2802'12ac     0x4  Data  Lc  My_imu660ra.o [5]
imu660_ay               0x2802'12b0     0x4  Data  Lc  My_imu660ra.o [5]
imu660_az               0x2802'12b4     0x4  Data  Lc  My_imu660ra.o [5]
imu660_gx               0x2802'12b8     0x4  Data  Gb  My_imu660ra.o [5]
imu660_gy               0x2802'12bc     0x4  Data  Gb  My_imu660ra.o [5]
imu660_gz               0x2802'12c0     0x4  Data  Gb  My_imu660ra.o [5]
imu660_pitch            0x2802'12d4     0x4  Data  Lc  My_imu660ra.o [5]
imu660_roll             0x2802'12d8     0x4  Data  Lc  My_imu660ra.o [5]
imu660_yaw              0x2802'12d0     0x4  Data  Lc  My_imu660ra.o [5]
imu660ra_acc_x          0x2802'1318     0x2  Data  Gb  zf_device_imu660ra.o [48]
imu660ra_acc_y          0x2802'131a     0x2  Data  Gb  zf_device_imu660ra.o [48]
imu660ra_acc_z          0x2802'131c     0x2  Data  Gb  zf_device_imu660ra.o [48]
imu660ra_config_file    0x1008'0080  0x2000  Data  Gb  zf_device_config.o [54]
imu660ra_get_acc        0x1008'8b45    0x40  Code  Gb  zf_device_imu660ra.o [48]
imu660ra_get_gyro       0x1008'8b85    0x40  Code  Gb  zf_device_imu660ra.o [48]
imu660ra_gyro_x         0x2802'1312     0x2  Data  Gb  zf_device_imu660ra.o [48]
imu660ra_gyro_y         0x2802'1314     0x2  Data  Gb  zf_device_imu660ra.o [48]
imu660ra_gyro_z         0x2802'1316     0x2  Data  Gb  zf_device_imu660ra.o [48]
imu660ra_iic_struct     0x2802'1218    0x10  Data  Lc  zf_device_imu660ra.o [48]
imu660ra_init           0x1008'8bc5    0xcc  Code  Gb  zf_device_imu660ra.o [48]
imu660ra_self_check     0x1008'8b11    0x34  Code  Lc  zf_device_imu660ra.o [48]
imu660ra_transition_factor
                        0x2802'06f0     0x8  Data  Gb  zf_device_imu660ra.o [48]
intFreqInitialized      0x2802'131e     0x1  Data  Gb  cy_sysclk.o [33]
internalBaseFreqInfo    0x2802'1138    0x18  Data  Gb  cy_sysclk.o [33]
interrupt_global_disable
                        0x1008'5b89    0x14  Code  Gb  zf_common_interrupt.o [46]
interrupt_global_enable
                        0x1008'5b79    0x10  Code  Gb  zf_common_interrupt.o [46]
interrupt_global_flag   0x2802'12fc     0x4  Data  Lc  zf_common_interrupt.o [46]
interrupt_init          0x1008'5bc9    0x36  Code  Gb  zf_common_interrupt.o [46]
interrupt_set_priority  0x1008'5bbd     0xc  Code  Gb  zf_common_interrupt.o [46]
key_clear_state         0x1008'abab     0xa  Code  Gb  zf_device_key.o [48]
key_get_state           0x1008'aba3     0x8  Code  Gb  zf_device_key.o [48]
key_index               0x1008'cad8     0x8  Data  Lc  zf_device_key.o [48]
key_init                0x1008'abb5    0x4a  Code  Gb  zf_device_key.o [48]
key_press_time          0x2802'11f4    0x14  Data  Lc  zf_device_key.o [48]
key_scanner             0x1008'ab09    0x9a  Code  Gb  zf_device_key.o [48]
key_state               0x2802'1250     0x8  Data  Lc  zf_device_key.o [48]
last_cmd                0x2802'1320     0x1  Data  Lc  HC06_Driver.o [5]
last_time               0x2802'1248     0x8  Data  Lc  My_imu660ra.o [5]
ldexp                   0x1008'3265          Code  Gb  ldexp.o [51]
ldexpl                  0x1008'3265          Code  Gb  ldexp.o [51]
main                    0x1008'c769    0x28  Code  Gb  main_cm7_0.o [45]
memchr                  0x1008'3061          Code  Gb  memchr.o [52]
motor_L1                0x2802'0d18    0x58  Data  Gb  motor.o [5]
motor_L2                0x2802'0d70    0x58  Data  Gb  motor.o [5]
motor_R1                0x2802'0dc8    0x58  Data  Gb  motor.o [5]
motor_R2                0x2802'0e20    0x58  Data  Gb  motor.o [5]
ndigs                   0x1008'c534    0x28  Data  Lc  iar_Stoullx.o [50]
pid_started             0x2802'1327     0x1  Data  Lc  key_task.o [5]
pit0_ch0_isr            0x1008'b58d    0xe2  Code  Gb  cm7_0_isr.o [45]
pit0_ch0_isr{3}{4}::gz_filt
                        0x2802'126c     0x4  Data  Lc  cm7_0_isr.o [45]
pit0_ch10_isr           0x1008'b697     0xa  Code  Gb  cm7_0_isr.o [45]
pit0_ch11_isr           0x1008'b6a1     0xa  Code  Gb  cm7_0_isr.o [45]
pit0_ch12_isr           0x1008'b6ab     0xa  Code  Gb  cm7_0_isr.o [45]
pit0_ch13_isr           0x1008'b6b5     0xa  Code  Gb  cm7_0_isr.o [45]
pit0_ch14_isr           0x1008'b6bf     0xa  Code  Gb  cm7_0_isr.o [45]
pit0_ch15_isr           0x1008'b6c9     0xa  Code  Gb  cm7_0_isr.o [45]
pit0_ch16_isr           0x1008'b6d3     0xa  Code  Gb  cm7_0_isr.o [45]
pit0_ch17_isr           0x1008'b6dd     0xa  Code  Gb  cm7_0_isr.o [45]
pit0_ch18_isr           0x1008'b6e7     0xa  Code  Gb  cm7_0_isr.o [45]
pit0_ch19_isr           0x1008'b6f1     0xa  Code  Gb  cm7_0_isr.o [45]
pit0_ch1_isr            0x1008'b66f     0xe  Code  Gb  cm7_0_isr.o [45]
pit0_ch20_isr           0x1008'b6fb     0xa  Code  Gb  cm7_0_isr.o [45]
pit0_ch21_isr           0x1008'b705     0xe  Code  Gb  cm7_0_isr.o [45]
pit0_ch2_isr            0x1008'b67d    0x1a  Code  Gb  cm7_0_isr.o [45]
pit_init                0x1008'b389   0x1ee  Code  Gb  zf_driver_pit.o [49]
pit_isr_flag_clear      0x1008'b35f    0x2a  Code  Gb  zf_driver_pit.o [49]
pit_isr_func            0x2802'0720    0x3c  Data  Gb  zf_driver_pit.o [49]
pitch_offset            0x2802'12a4     0x4  Data  Gb  motor.o [5]
pos_error_x             0x2802'1278     0x4  Data  Lc  HC06_Driver.o [5]
pos_error_y             0x2802'127c     0x4  Data  Lc  HC06_Driver.o [5]
pos_pid_x               0x2802'1000    0x40  Data  Lc  motor.o [5]
pos_pid_y               0x2802'1040    0x40  Data  Lc  motor.o [5]
pows                    0x1008'c5a8    0x48  Data  Lc  strto64.o [51]
printf                  0x1008'8a79    0x28  Code  Gb  printf.o [50]
putchar                 0x1008'c87d    0x20  Code  Gb  putchar.o [50]
pwm_all_channel_close   0x1008'41c5    0x1a  Code  Gb  zf_driver_pwm.o [49]
pwm_init                0x1008'4239   0x1e4  Code  Gb  zf_driver_pwm.o [49]
pwm_set_duty            0x1008'41df    0x5a  Code  Gb  zf_driver_pwm.o [49]
ranmatch                0x1008'6aff    0x46  Code  Lc  xscanffull_nomb.o [50]
roll_offset             0x2802'12a8     0x4  Data  Gb  motor.o [5]
rx_buffer               0x2802'0ec0    0x40  Data  Lc  HC06_Driver.o [5]
rx_fifo                 0x2802'1168    0x18  Data  Lc  HC06_Driver.o [5]
sar_adc                 0x2802'06fc     0xc  Data  Lc  zf_driver_adc.o [49]
scalbln                 0x1008'3265          Code  Gb  ldexp.o [51]
scalblnl                0x1008'3265          Code  Gb  ldexp.o [51]
scalbn                  0x1008'3265          Code  Gb  ldexp.o [51]
scalbnl                 0x1008'3265          Code  Gb  ldexp.o [51]
scale                   0x1008'2e61    0x46  Code  Lc  xprintffull_nomb.o [50]
scanner_period          0x2802'1300     0x4  Data  Lc  zf_device_key.o [48]
scb_module              0x2802'0778    0x1c  Data  Gb  zf_driver_uart.o [49]
sec_hand                0x2802'1308     0x4  Data  Lc  xfail_s.o [50]
seg_start               0x2802'1240     0x8  Data  Lc  inertial_nav.o [5]
sinf                    0x1008'ade5     0x4  Code  Gb  cos_sin32.o [51]
slip_counter            0x2802'132a     0x1  Data  Lc  motor.o [5]
soft_iic_init           0x1008'93dd    0x78  Code  Gb  zf_driver_soft_iic.o [49]
soft_iic_read_8bit_register
                        0x1008'92cd    0x66  Code  Gb  zf_driver_soft_iic.o [49]
soft_iic_read_8bit_registers
                        0x1008'9333    0x9a  Code  Gb  zf_driver_soft_iic.o [49]
soft_iic_read_data      0x1008'90fb   0x10e  Code  Lc  zf_driver_soft_iic.o [49]
soft_iic_send_ack       0x1008'8e8d    0xc6  Code  Lc  zf_driver_soft_iic.o [49]
soft_iic_send_data      0x1008'9023    0xd8  Code  Lc  zf_driver_soft_iic.o [49]
soft_iic_start          0x1008'8d51    0x9e  Code  Lc  zf_driver_soft_iic.o [49]
soft_iic_stop           0x1008'8def    0x9e  Code  Lc  zf_driver_soft_iic.o [49]
soft_iic_wait_ack       0x1008'8f53    0xd0  Code  Lc  zf_driver_soft_iic.o [49]
soft_iic_write_8bit_register
                        0x1008'9209    0x4e  Code  Gb  zf_driver_soft_iic.o [49]
soft_iic_write_8bit_registers
                        0x1008'9257    0x76  Code  Gb  zf_driver_soft_iic.o [49]
sprintf                 0x1008'55dd    0x40  Code  Gb  sprintf.o [50]
sqrtf                   0x1008'8cc5          Code  Gb  sqrtf.o [51]
sscanf                  0x1008'8ae9    0x28  Code  Gb  sscanf.o [50]
still_cnt               0x2802'1310     0x2  Data  Lc  My_imu660ra.o [5]
strchr                  0x1008'2fad          Code  Gb  strchr.o [52]
strlen                  0x1008'3021          Code  Gb  strlen.o [52]
strncmp                 0x1008'baf5    0x2a  Code  Gb  strncmp.o [50]
strncpy                 0x1008'a219          Code  Gb  strncpy.o [52]
strtoll                 0x1008'6fc9     0x2  Code  Gb  iar_Stollx.o [50]
strtoull                0x1008'6f1d     0x2  Code  Gb  iar_Stoullx.o [50]
system_clock            0x2802'12f8     0x4  Data  Gb  zf_common_clock.o [46]
system_delay_init       0x1008'961b    0xa6  Code  Gb  zf_driver_delay.o [49]
system_delay_ms         0x1008'95bd    0x5e  Code  Gb  zf_driver_delay.o [49]
target_vx               0x2802'1298     0x4  Data  Gb  motor.o [5]
target_vy               0x2802'129c     0x4  Data  Gb  motor.o [5]
time_us                 0x2802'1228     0x8  Data  Gb  cm7_0_isr.o [45]
timer_ch                0x2802'0798     0x1  Data  Lc  zf_driver_delay.o [49]
tsl1401_collect_pit_handler
                        0x1008'b8f1    0x68  Code  Gb  zf_device_tsl1401.o [48]
tsl1401_data            0x2802'079c   0x200  Data  Gb  zf_device_tsl1401.o [48]
tsl1401_finish_flag     0x2802'1335     0x1  Data  Gb  zf_device_tsl1401.o [48]
tsl1401_init_state      0x2802'1334     0x1  Data  Lc  zf_device_tsl1401.o [48]
type_default_callback   0x1008'cb9d     0x2  Code  Lc  zf_device_type.o [48]
uart0_isr               0x1008'b713    0x12  Code  Gb  cm7_0_isr.o [45]
uart1_isr               0x1008'b725    0x12  Code  Gb  cm7_0_isr.o [45]
uart2_isr               0x1008'b737    0x12  Code  Gb  cm7_0_isr.o [45]
uart3_isr               0x1008'b749     0xa  Code  Gb  cm7_0_isr.o [45]
uart4_isr               0x1008'b753    0x14  Code  Gb  cm7_0_isr.o [45]
uart5_isr               0x1008'b7b5     0xa  Code  Gb  cm7_0_isr.o [45]
uart6_isr               0x1008'b7bf     0xa  Code  Gb  cm7_0_isr.o [45]
uart_context            0x2802'099c   0x188  Data  Gb  zf_driver_uart.o [49]
uart_data_buffer        0x2802'1258     0x8  Data  Lc  zf_driver_uart.o [49]
uart_data_refresh       0x2802'1260     0x8  Data  Lc  zf_driver_uart.o [49]
uart_init               0x1008'53d7   0x1c0  Code  Gb  zf_driver_uart.o [49]
uart_isr_func           0x2802'075c    0x1c  Data  Gb  zf_driver_uart.o [49]
uart_isr_mask           0x1008'4e8f    0x80  Code  Gb  zf_driver_uart.o [49]
uart_query_byte         0x1008'518d    0x30  Code  Gb  zf_driver_uart.o [49]
uart_receiver_handler   0x2802'06f8     0x4  Data  Gb  zf_device_type.o [48]
uart_rx_interrupt       0x1008'52d9    0xfe  Code  Gb  zf_driver_uart.o [49]
uart_rx_irq_cnt         0x2802'1274     0x4  Data  Gb  HC06_Driver.o [5]
uart_tx_interrupt       0x1008'51bd   0x11c  Code  Gb  zf_driver_uart.o [49]
uart_write_buffer       0x1008'5153    0x1e  Code  Gb  zf_driver_uart.o [49]
uart_write_byte         0x1008'5117    0x3c  Code  Gb  zf_driver_uart.o [49]
uart_write_string       0x1008'5171    0x1c  Code  Gb  zf_driver_uart.o [49]
wp_abs                  0x2802'10c0    0x30  Data  Lc  inertial_nav.o [5]
wp_dist                 0x2802'1180    0x18  Data  Lc  inertial_nav.o [5]
wp_idx                  0x2802'1324     0x1  Data  Lc  inertial_nav.o [5]
wp_yaw                  0x2802'1198    0x18  Data  Lc  inertial_nav.o [5]
zf_debug_assert_enable  0x2802'0797     0x1  Data  Lc  zf_common_debug.o [46]
zf_debug_init_flag      0x2802'132c     0x1  Data  Lc  zf_common_debug.o [46]


[1] = B:\cyt4\Seekfree_CYT4BB_Opensource_Library\project\iar\Debug_m7_0\Obj\adc_11722776235721520015.dir
[2] = B:\cyt4\Seekfree_CYT4BB_Opensource_Library\project\iar\Debug_m7_0\Obj\audioss_1346650047966882938.dir
[3] = B:\cyt4\Seekfree_CYT4BB_Opensource_Library\project\iar\Debug_m7_0\Obj\button_4990804375159372270.dir
[4] = B:\cyt4\Seekfree_CYT4BB_Opensource_Library\project\iar\Debug_m7_0\Obj\canfd_1800690984773873875.dir
[5] = B:\cyt4\Seekfree_CYT4BB_Opensource_Library\project\iar\Debug_m7_0\Obj\code_17896468042025673432.dir
[6] = B:\cyt4\Seekfree_CYT4BB_Opensource_Library\project\iar\Debug_m7_0\Obj\cpu_15938736945165268644.dir
[7] = B:\cyt4\Seekfree_CYT4BB_Opensource_Library\project\iar\Debug_m7_0\Obj\crypto_1190170608956581615.dir
[8] = B:\cyt4\Seekfree_CYT4BB_Opensource_Library\project\iar\Debug_m7_0\Obj\dma_12106025507578611576.dir
[9] = B:\cyt4\Seekfree_CYT4BB_Opensource_Library\project\iar\Debug_m7_0\Obj\eth_phy_18133017486186456677.dir
[10] = B:\cyt4\Seekfree_CYT4BB_Opensource_Library\project\iar\Debug_m7_0\Obj\ethernet_6029839089178797009.dir
[11] = B:\cyt4\Seekfree_CYT4BB_Opensource_Library\project\iar\Debug_m7_0\Obj\evtgen_3404189088603873129.dir
[12] = B:\cyt4\Seekfree_CYT4BB_Opensource_Library\project\iar\Debug_m7_0\Obj\flash_8529866181315662935.dir
[13] = B:\cyt4\Seekfree_CYT4BB_Opensource_Library\project\iar\Debug_m7_0\Obj\flash_864493325053435817.dir
[14] = B:\cyt4\Seekfree_CYT4BB_Opensource_Library\project\iar\Debug_m7_0\Obj\gpio_3999404635324069351.dir
[15] = B:\cyt4\Seekfree_CYT4BB_Opensource_Library\project\iar\Debug_m7_0\Obj\ipc_10145506163450686023.dir
[16] = B:\cyt4\Seekfree_CYT4BB_Opensource_Library\project\iar\Debug_m7_0\Obj\lin_18429031207028094880.dir
[17] = B:\cyt4\Seekfree_CYT4BB_Opensource_Library\project\iar\Debug_m7_0\Obj\lvd_6353935867039560245.dir
[18] = B:\cyt4\Seekfree_CYT4BB_Opensource_Library\project\iar\Debug_m7_0\Obj\mcwdt_4052485907822033969.dir
[19] = B:\cyt4\Seekfree_CYT4BB_Opensource_Library\project\iar\Debug_m7_0\Obj\mpu_5663187252346826382.dir
[20] = B:\cyt4\Seekfree_CYT4BB_Opensource_Library\project\iar\Debug_m7_0\Obj\power_14453085144426420577.dir
[21] = B:\cyt4\Seekfree_CYT4BB_Opensource_Library\project\iar\Debug_m7_0\Obj\prot_10722960861768657883.dir
[22] = B:\cyt4\Seekfree_CYT4BB_Opensource_Library\project\iar\Debug_m7_0\Obj\rev_b_4986922561640112550.dir
[23] = B:\cyt4\Seekfree_CYT4BB_Opensource_Library\project\iar\Debug_m7_0\Obj\rev_b_6162237342861132223.dir
[24] = B:\cyt4\Seekfree_CYT4BB_Opensource_Library\project\iar\Debug_m7_0\Obj\scb_15490842639181808494.dir
[25] = B:\cyt4\Seekfree_CYT4BB_Opensource_Library\project\iar\Debug_m7_0\Obj\sd_host_2982766354293506895.dir
[26] = B:\cyt4\Seekfree_CYT4BB_Opensource_Library\project\iar\Debug_m7_0\Obj\semihosting_143864889731838620.dir
[27] = B:\cyt4\Seekfree_CYT4BB_Opensource_Library\project\iar\Debug_m7_0\Obj\smartio_5451710003740070188.dir
[28] = B:\cyt4\Seekfree_CYT4BB_Opensource_Library\project\iar\Debug_m7_0\Obj\smif_427648126384146252.dir
[29] = B:\cyt4\Seekfree_CYT4BB_Opensource_Library\project\iar\Debug_m7_0\Obj\smif_mem_6470536964353725183.dir
[30] = B:\cyt4\Seekfree_CYT4BB_Opensource_Library\project\iar\Debug_m7_0\Obj\srom_13018798572330080582.dir
[31] = B:\cyt4\Seekfree_CYT4BB_Opensource_Library\project\iar\Debug_m7_0\Obj\startup_479057977785470282.dir
[32] = B:\cyt4\Seekfree_CYT4BB_Opensource_Library\project\iar\Debug_m7_0\Obj\sw_timer_4215635015939382130.dir
[33] = B:\cyt4\Seekfree_CYT4BB_Opensource_Library\project\iar\Debug_m7_0\Obj\sysclk_16149231235676103872.dir
[34] = B:\cyt4\Seekfree_CYT4BB_Opensource_Library\project\iar\Debug_m7_0\Obj\sysflt_12293435975120599261.dir
[35] = B:\cyt4\Seekfree_CYT4BB_Opensource_Library\project\iar\Debug_m7_0\Obj\sysint_7435970359207984181.dir
[36] = B:\cyt4\Seekfree_CYT4BB_Opensource_Library\project\iar\Debug_m7_0\Obj\syslib_16330585751512546975.dir
[37] = B:\cyt4\Seekfree_CYT4BB_Opensource_Library\project\iar\Debug_m7_0\Obj\syspm_10887939769544754770.dir
[38] = B:\cyt4\Seekfree_CYT4BB_Opensource_Library\project\iar\Debug_m7_0\Obj\sysreghc_17676636058511625587.dir
[39] = B:\cyt4\Seekfree_CYT4BB_Opensource_Library\project\iar\Debug_m7_0\Obj\sysreset_14586141425677365288.dir
[40] = B:\cyt4\Seekfree_CYT4BB_Opensource_Library\project\iar\Debug_m7_0\Obj\sysrtc_10747768817563771611.dir
[41] = B:\cyt4\Seekfree_CYT4BB_Opensource_Library\project\iar\Debug_m7_0\Obj\systick_16016591671695740695.dir
[42] = B:\cyt4\Seekfree_CYT4BB_Opensource_Library\project\iar\Debug_m7_0\Obj\syswdt_9118657615806274156.dir
[43] = B:\cyt4\Seekfree_CYT4BB_Opensource_Library\project\iar\Debug_m7_0\Obj\tcpwm_422923530147891246.dir
[44] = B:\cyt4\Seekfree_CYT4BB_Opensource_Library\project\iar\Debug_m7_0\Obj\trigmux_9729677290734583340.dir
[45] = B:\cyt4\Seekfree_CYT4BB_Opensource_Library\project\iar\Debug_m7_0\Obj\user_8514941877209965082.dir
[46] = B:\cyt4\Seekfree_CYT4BB_Opensource_Library\project\iar\Debug_m7_0\Obj\zf_common_1201165462030747823.dir
[47] = B:\cyt4\Seekfree_CYT4BB_Opensource_Library\project\iar\Debug_m7_0\Obj\zf_components_14936052685886095442.dir
[48] = B:\cyt4\Seekfree_CYT4BB_Opensource_Library\project\iar\Debug_m7_0\Obj\zf_device_6570275422786408770.dir
[49] = B:\cyt4\Seekfree_CYT4BB_Opensource_Library\project\iar\Debug_m7_0\Obj\zf_driver_11922370083829174090.dir
[50] = dl7M_tln.a
[51] = m7M_tlv.a
[52] = rt7M_tl.a
[53] = shb_l.a
[54] = zf_device_config.a

  41'992 bytes of readonly  code memory
  10'313 bytes of readonly  data memory
  13'235 bytes of readwrite data memory

Errors: none
Warnings: none
